nohup: ignoring input
==========================================
GAS-DRO WAVE 1 START
START_TIME=2026-09-22T13:45:47+00:00
4 runs / 2 GPUs / 2 runs per GPU
==========================================
PID seed0: 1904
PID seed1: 1907
PID seed2: 1905
PID seed3: 1908
==========================================
GAS-DRO WAVE 1 COMPLETE
END_TIME=2026-09-22T14:55:41+00:00
seed0 exit=0
seed1 exit=0
seed2 exit=0
seed3 exit=0
WAVE_ELAPSED_SECONDS=4194
WAVE_ELAPSED=01:09:54
==========================================
