==========================================
START_TIME=2026-09-22T13:45:47+00:00
GPU=0
SEED=0
BUDGET=0.010
RUN_TAG=budget_0p010
==========================================
/workspace/DRO_EXPERIMENT/experiments/run_gas_dro_tunable.py:91: FutureWarning: You are using `torch.load` with `weights_only=False` (the current default value), which uses the default pickle module implicitly. It is possible to construct malicious pickle data which will execute arbitrary code during unpickling (See https://github.com/pytorch/pytorch/blob/main/SECURITY.md#untrusted-models for more details). In a future release, the default value for `weights_only` will be flipped to `True`. This limits the functions that could be executed during unpickling. Arbitrary objects will no longer be allowed to be loaded via this mode unless they are explicitly allowlisted by the user via `torch.serialization.add_safe_globals`. We recommend you start setting `weights_only=True` for any use case where you don't have full control of the loaded file. Please open an issue on GitHub for any issues related to this experimental feature.
  checkpoint = torch.load(path, map_location=device)

==========================================
GAS-DRO OOD-VAL CANDIDATE TRAINING
==========================================
Seed                 : 0
Run tag              : budget_0p010
Train samples        : 10000
ERM checkpoint       : /workspace/DRO_EXPERIMENT/checkpoints/final_oodval/erm_seed0_best.pt
ERM seed             : 0
OOD-Val environments : 15
GAS-DRO batch size   : 64 (official setting)
Step 0               : seed-matched ERM initialization
Selection            : min Worst OOD-Val MSE
Evaluation timing    : after EVERY predictor optimizer.step()
Normalization        : ERM TRAIN-only stats
OOD-Val gradients    : NEVER
OOD test             : NOT loaded
==========================================


==========================================
Official-Style Vector Diffusion Training
==========================================
Original samples   : 10000
Expanded samples   : 448000
DataLoader batches : 7000
Shuffle            : False
Drop last          : True
Dimensions         : 5
Timesteps          : 500
Batch size         : 64
Total iterations   : 7000
Learning rate      : 0.0001
Gradient clipping  : None
Device             : cuda
==========================================

Iteration 00001/7000 | Loss: 1.002085 | Recent avg: 1.002085
Iteration 00100/7000 | Loss: 0.911186 | Recent avg: 0.960896
Iteration 00200/7000 | Loss: 0.546238 | Recent avg: 0.778903
Iteration 00300/7000 | Loss: 0.025532 | Recent avg: 0.196769
Iteration 00400/7000 | Loss: 0.034260 | Recent avg: 0.029995
Iteration 00500/7000 | Loss: 0.015395 | Recent avg: 0.021656
Iteration 00600/7000 | Loss: 0.062799 | Recent avg: 0.021391
Iteration 00700/7000 | Loss: 0.011228 | Recent avg: 0.019795
Iteration 00800/7000 | Loss: 0.024349 | Recent avg: 0.017606
Iteration 00900/7000 | Loss: 0.019106 | Recent avg: 0.018137
Iteration 01000/7000 | Loss: 0.005550 | Recent avg: 0.017292
Iteration 01100/7000 | Loss: 0.023763 | Recent avg: 0.019811
Iteration 01200/7000 | Loss: 0.013613 | Recent avg: 0.019590
Iteration 01300/7000 | Loss: 0.010764 | Recent avg: 0.017231
Iteration 01400/7000 | Loss: 0.023986 | Recent avg: 0.017269
Iteration 01500/7000 | Loss: 0.019635 | Recent avg: 0.017590
Iteration 01600/7000 | Loss: 0.043530 | Recent avg: 0.018682
Iteration 01700/7000 | Loss: 0.007378 | Recent avg: 0.017826
Iteration 01800/7000 | Loss: 0.004431 | Recent avg: 0.016037
Iteration 01900/7000 | Loss: 0.009857 | Recent avg: 0.018870
Iteration 02000/7000 | Loss: 0.050890 | Recent avg: 0.015652
Iteration 02100/7000 | Loss: 0.025541 | Recent avg: 0.016783
Iteration 02200/7000 | Loss: 0.009579 | Recent avg: 0.018045
Iteration 02300/7000 | Loss: 0.058030 | Recent avg: 0.016482
Iteration 02400/7000 | Loss: 0.050497 | Recent avg: 0.014564
Iteration 02500/7000 | Loss: 0.018465 | Recent avg: 0.016624
Iteration 02600/7000 | Loss: 0.014778 | Recent avg: 0.014427
Iteration 02700/7000 | Loss: 0.015881 | Recent avg: 0.015824
Iteration 02800/7000 | Loss: 0.033300 | Recent avg: 0.015841
Iteration 02900/7000 | Loss: 0.021752 | Recent avg: 0.016159
Iteration 03000/7000 | Loss: 0.004345 | Recent avg: 0.014814
Iteration 03100/7000 | Loss: 0.006954 | Recent avg: 0.016806
Iteration 03200/7000 | Loss: 0.008642 | Recent avg: 0.015140
Iteration 03300/7000 | Loss: 0.013990 | Recent avg: 0.018224
Iteration 03400/7000 | Loss: 0.010065 | Recent avg: 0.018235
Iteration 03500/7000 | Loss: 0.024165 | Recent avg: 0.015027
Iteration 03600/7000 | Loss: 0.012733 | Recent avg: 0.015060
Iteration 03700/7000 | Loss: 0.007484 | Recent avg: 0.016701
Iteration 03800/7000 | Loss: 0.002461 | Recent avg: 0.015189
Iteration 03900/7000 | Loss: 0.007943 | Recent avg: 0.015136
Iteration 04000/7000 | Loss: 0.021365 | Recent avg: 0.016818
Iteration 04100/7000 | Loss: 0.007870 | Recent avg: 0.012786
Iteration 04200/7000 | Loss: 0.005965 | Recent avg: 0.014612
Iteration 04300/7000 | Loss: 0.003682 | Recent avg: 0.014149
Iteration 04400/7000 | Loss: 0.004085 | Recent avg: 0.017155
Iteration 04500/7000 | Loss: 0.004048 | Recent avg: 0.016849
Iteration 04600/7000 | Loss: 0.015496 | Recent avg: 0.014062
Iteration 04700/7000 | Loss: 0.017653 | Recent avg: 0.014947
Iteration 04800/7000 | Loss: 0.014808 | Recent avg: 0.016588
Iteration 04900/7000 | Loss: 0.010072 | Recent avg: 0.016968
Iteration 05000/7000 | Loss: 0.012041 | Recent avg: 0.015591
Iteration 05100/7000 | Loss: 0.033806 | Recent avg: 0.014940
Iteration 05200/7000 | Loss: 0.005103 | Recent avg: 0.014626
Iteration 05300/7000 | Loss: 0.011434 | Recent avg: 0.014363
Iteration 05400/7000 | Loss: 0.015157 | Recent avg: 0.014031
Iteration 05500/7000 | Loss: 0.041799 | Recent avg: 0.014446
Iteration 05600/7000 | Loss: 0.002406 | Recent avg: 0.012937
Iteration 05700/7000 | Loss: 0.005686 | Recent avg: 0.016440
Iteration 05800/7000 | Loss: 0.007397 | Recent avg: 0.013952
Iteration 05900/7000 | Loss: 0.020772 | Recent avg: 0.016699
Iteration 06000/7000 | Loss: 0.001062 | Recent avg: 0.015921
Iteration 06100/7000 | Loss: 0.006697 | Recent avg: 0.014871
Iteration 06200/7000 | Loss: 0.029337 | Recent avg: 0.013921
Iteration 06300/7000 | Loss: 0.006491 | Recent avg: 0.016167
Iteration 06400/7000 | Loss: 0.006263 | Recent avg: 0.014397
Iteration 06500/7000 | Loss: 0.065619 | Recent avg: 0.015492
Iteration 06600/7000 | Loss: 0.016251 | Recent avg: 0.015192
Iteration 06700/7000 | Loss: 0.006898 | Recent avg: 0.014471
Iteration 06800/7000 | Loss: 0.036202 | Recent avg: 0.013456
Iteration 06900/7000 | Loss: 0.044081 | Recent avg: 0.014127
Iteration 07000/7000 | Loss: 0.002516 | Recent avg: 0.014410

Official-Style Vector Diffusion Training Complete.

------------------------------------------
OOD-VALIDATION MODEL SELECTION
------------------------------------------
Predictor step : 0
Stage          : erm_initialization_step0
Average MSE    : 0.095257644
Worst MSE      : 0.102813130
Previous best  : inf
NEW BEST       : YES
Saved          : /workspace/DRO_EXPERIMENT/checkpoints/oodval_candidates/gas_dro/budget_0p010/gas_dro_seed0_best_oodval.pt
------------------------------------------


Generating fixed nominal reference trajectory...
Official-style s0 iterations : 628 (ceil(10000/64) * BATCH_REPEAT 4)
Reference samples    : torch.Size([40192, 5])
Reference trajectory : torch.Size([40192, 15, 5])
a0                   : torch.Size([40192, 15])

==========================================
VECTOR GAS-DRO TRAINING
==========================================
Outer epochs           : 15
Generator inner epochs : 10
s0 iterations / inner  : 628
BATCH_REPEAT           : 4
Predictor inner epochs : 2
Batch size             : 64
Selected timesteps     : [0, 1, 2, 3, 4, 5, 6, 7, 8, 9, 10, 11, 12, 13, 14]
Initial mu             : 1.000000
Budget                 : 0.010000
Generator LR           : 1e-05
Gradient clipping      : None
==========================================


------------------------------------------
GAS-DRO Outer 1/15
------------------------------------------
Reference predictor loss | mean=0.772287 | max=16.813690
Inner epoch 1 complete | JSM avg=0.375714 | mu=1.036571 | generator_lr=0.00001000
Inner epoch 2 complete | JSM avg=0.379067 | mu=1.073478 | generator_lr=0.00000050
Inner epoch 3 complete | JSM avg=0.379017 | mu=1.110380 | generator_lr=0.00000050
Inner epoch 4 complete | JSM avg=0.377040 | mu=1.147084 | generator_lr=0.00000003
Inner epoch 5 complete | JSM avg=0.380986 | mu=1.184182 | generator_lr=0.00000003
Inner epoch 6 complete | JSM avg=0.375423 | mu=1.220725 | generator_lr=0.00000000
Inner epoch 7 complete | JSM avg=0.377504 | mu=1.257475 | generator_lr=0.00000000
Inner epoch 8 complete | JSM avg=0.378570 | mu=1.294332 | generator_lr=0.00000000
Inner epoch 9 complete | JSM avg=0.380979 | mu=1.331430 | generator_lr=0.00000000
Inner epoch 10 complete | JSM avg=0.377161 | mu=1.368146 | generator_lr=0.00000000

S_theta before predictor update:
  Samples  = 64
  Mean MSE = 0.670536
  Max MSE  = 3.788387

Updating predictor on S_theta...

------------------------------------------
OOD-VALIDATION MODEL SELECTION
------------------------------------------
Predictor step : 1
Stage          : after_predictor_optimizer_step
Average MSE    : 0.095277196
Worst MSE      : 0.102729105
Previous best  : 0.102813130 @ step 0
NEW BEST       : YES
Saved          : /workspace/DRO_EXPERIMENT/checkpoints/oodval_candidates/gas_dro/budget_0p010/gas_dro_seed0_best_oodval.pt
------------------------------------------


------------------------------------------
OOD-VALIDATION MODEL SELECTION
------------------------------------------
Predictor step : 2
Stage          : after_predictor_optimizer_step
Average MSE    : 0.095302151
Worst MSE      : 0.102659955
Previous best  : 0.102729105 @ step 1
NEW BEST       : YES
Saved          : /workspace/DRO_EXPERIMENT/checkpoints/oodval_candidates/gas_dro/budget_0p010/gas_dro_seed0_best_oodval.pt
------------------------------------------


------------------------------------------
GAS-DRO Outer 2/15
------------------------------------------
Reference predictor loss | mean=0.771754 | max=16.822174
Inner epoch 1 complete | JSM avg=0.378890 | mu=1.405035 | generator_lr=0.00000000
Inner epoch 2 complete | JSM avg=0.377963 | mu=1.441831 | generator_lr=0.00000000
Inner epoch 3 complete | JSM avg=0.380640 | mu=1.478895 | generator_lr=0.00000000
Inner epoch 4 complete | JSM avg=0.378345 | mu=1.515730 | generator_lr=0.00000000
Inner epoch 5 complete | JSM avg=0.377511 | mu=1.552481 | generator_lr=0.00000000
Inner epoch 6 complete | JSM avg=0.379346 | mu=1.589415 | generator_lr=0.00000000
Inner epoch 7 complete | JSM avg=0.379701 | mu=1.626385 | generator_lr=0.00000000
Inner epoch 8 complete | JSM avg=0.378912 | mu=1.663277 | generator_lr=0.00000000
Inner epoch 9 complete | JSM avg=0.375785 | mu=1.699855 | generator_lr=0.00000000
Inner epoch 10 complete | JSM avg=0.378710 | mu=1.736726 | generator_lr=0.00000000

S_theta before predictor update:
  Samples  = 64
  Mean MSE = 0.788299
  Max MSE  = 6.169868

Updating predictor on S_theta...

------------------------------------------
OOD-VALIDATION MODEL SELECTION
------------------------------------------
Predictor step : 3
Stage          : after_predictor_optimizer_step
Average MSE    : 0.095305347
Worst MSE      : 0.102624364
Previous best  : 0.102659955 @ step 2
NEW BEST       : YES
Saved          : /workspace/DRO_EXPERIMENT/checkpoints/oodval_candidates/gas_dro/budget_0p010/gas_dro_seed0_best_oodval.pt
------------------------------------------


------------------------------------------
OOD-VALIDATION MODEL SELECTION
------------------------------------------
Predictor step : 4
Stage          : after_predictor_optimizer_step
Average MSE    : 0.095312660
Worst MSE      : 0.102642224
Previous best  : 0.102624364 @ step 3
NEW BEST       : NO
------------------------------------------


------------------------------------------
GAS-DRO Outer 3/15
------------------------------------------
Reference predictor loss | mean=0.771107 | max=16.822428
Inner epoch 1 complete | JSM avg=0.380460 | mu=1.773772 | generator_lr=0.00000000
Inner epoch 2 complete | JSM avg=0.377106 | mu=1.810483 | generator_lr=0.00000000
Inner epoch 3 complete | JSM avg=0.376303 | mu=1.847113 | generator_lr=0.00000000
Inner epoch 4 complete | JSM avg=0.381906 | mu=1.884304 | generator_lr=0.00000000
Inner epoch 5 complete | JSM avg=0.380104 | mu=1.921314 | generator_lr=0.00000000
Inner epoch 6 complete | JSM avg=0.377858 | mu=1.958100 | generator_lr=0.00000000
Inner epoch 7 complete | JSM avg=0.376557 | mu=1.994756 | generator_lr=0.00000000
Inner epoch 8 complete | JSM avg=0.377096 | mu=2.031465 | generator_lr=0.00000000
Inner epoch 9 complete | JSM avg=0.378291 | mu=2.068294 | generator_lr=0.00000000
Inner epoch 10 complete | JSM avg=0.382085 | mu=2.105503 | generator_lr=0.00000000

S_theta before predictor update:
  Samples  = 64
  Mean MSE = 1.043663
  Max MSE  = 6.510518

Updating predictor on S_theta...

------------------------------------------
OOD-VALIDATION MODEL SELECTION
------------------------------------------
Predictor step : 5
Stage          : after_predictor_optimizer_step
Average MSE    : 0.095343616
Worst MSE      : 0.102684552
Previous best  : 0.102624364 @ step 3
NEW BEST       : NO
------------------------------------------


------------------------------------------
OOD-VALIDATION MODEL SELECTION
------------------------------------------
Predictor step : 6
Stage          : after_predictor_optimizer_step
Average MSE    : 0.095379744
Worst MSE      : 0.102731555
Previous best  : 0.102624364 @ step 3
NEW BEST       : NO
------------------------------------------


------------------------------------------
GAS-DRO Outer 4/15
------------------------------------------
Reference predictor loss | mean=0.770529 | max=16.831997
Inner epoch 1 complete | JSM avg=0.381588 | mu=2.142662 | generator_lr=0.00000000
Inner epoch 2 complete | JSM avg=0.380306 | mu=2.179692 | generator_lr=0.00000000
Inner epoch 3 complete | JSM avg=0.377340 | mu=2.216426 | generator_lr=0.00000000
Inner epoch 4 complete | JSM avg=0.377921 | mu=2.253218 | generator_lr=0.00000000
Inner epoch 5 complete | JSM avg=0.379363 | mu=2.290155 | generator_lr=0.00000000
Inner epoch 6 complete | JSM avg=0.378827 | mu=2.327037 | generator_lr=0.00000000
Inner epoch 7 complete | JSM avg=0.377942 | mu=2.363832 | generator_lr=0.00000000
Inner epoch 8 complete | JSM avg=0.379060 | mu=2.400738 | generator_lr=0.00000000
Inner epoch 9 complete | JSM avg=0.377660 | mu=2.437504 | generator_lr=0.00000000
Inner epoch 10 complete | JSM avg=0.377625 | mu=2.474266 | generator_lr=0.00000000

S_theta before predictor update:
  Samples  = 64
  Mean MSE = 0.742783
  Max MSE  = 4.708280

Updating predictor on S_theta...

------------------------------------------
OOD-VALIDATION MODEL SELECTION
------------------------------------------
Predictor step : 7
Stage          : after_predictor_optimizer_step
Average MSE    : 0.095398584
Worst MSE      : 0.102771902
Previous best  : 0.102624364 @ step 3
NEW BEST       : NO
------------------------------------------


------------------------------------------
OOD-VALIDATION MODEL SELECTION
------------------------------------------
Predictor step : 8
Stage          : after_predictor_optimizer_step
Average MSE    : 0.095421140
Worst MSE      : 0.102815398
Previous best  : 0.102624364 @ step 3
NEW BEST       : NO
------------------------------------------


------------------------------------------
GAS-DRO Outer 5/15
------------------------------------------
Reference predictor loss | mean=0.769967 | max=16.830463
Inner epoch 1 complete | JSM avg=0.374371 | mu=2.510703 | generator_lr=0.00000000
Inner epoch 2 complete | JSM avg=0.380146 | mu=2.547718 | generator_lr=0.00000000
Inner epoch 3 complete | JSM avg=0.378709 | mu=2.584589 | generator_lr=0.00000000
Inner epoch 4 complete | JSM avg=0.377586 | mu=2.621347 | generator_lr=0.00000000
Inner epoch 5 complete | JSM avg=0.380067 | mu=2.658354 | generator_lr=0.00000000
Inner epoch 6 complete | JSM avg=0.377004 | mu=2.695054 | generator_lr=0.00000000
Inner epoch 7 complete | JSM avg=0.378060 | mu=2.731860 | generator_lr=0.00000000
Inner epoch 8 complete | JSM avg=0.381068 | mu=2.768967 | generator_lr=0.00000000
Inner epoch 9 complete | JSM avg=0.379439 | mu=2.805911 | generator_lr=0.00000000
Inner epoch 10 complete | JSM avg=0.380186 | mu=2.842930 | generator_lr=0.00000000

S_theta before predictor update:
  Samples  = 64
  Mean MSE = 1.244257
  Max MSE  = 5.209854

Updating predictor on S_theta...

------------------------------------------
OOD-VALIDATION MODEL SELECTION
------------------------------------------
Predictor step : 9
Stage          : after_predictor_optimizer_step
Average MSE    : 0.095441195
Worst MSE      : 0.102816267
Previous best  : 0.102624364 @ step 3
NEW BEST       : NO
------------------------------------------


------------------------------------------
OOD-VALIDATION MODEL SELECTION
------------------------------------------
Predictor step : 10
Stage          : after_predictor_optimizer_step
Average MSE    : 0.095464127
Worst MSE      : 0.102818100
Previous best  : 0.102624364 @ step 3
NEW BEST       : NO
------------------------------------------


------------------------------------------
GAS-DRO Outer 6/15
------------------------------------------
Reference predictor loss | mean=0.769757 | max=16.834595
Inner epoch 1 complete | JSM avg=0.378829 | mu=2.879813 | generator_lr=0.00000000
Inner epoch 2 complete | JSM avg=0.374702 | mu=2.916283 | generator_lr=0.00000000
Inner epoch 3 complete | JSM avg=0.379045 | mu=2.953187 | generator_lr=0.00000000
Inner epoch 4 complete | JSM avg=0.378160 | mu=2.990003 | generator_lr=0.00000000
Inner epoch 5 complete | JSM avg=0.374217 | mu=3.026425 | generator_lr=0.00000000
Inner epoch 6 complete | JSM avg=0.378782 | mu=3.063303 | generator_lr=0.00000000
Inner epoch 7 complete | JSM avg=0.378024 | mu=3.100105 | generator_lr=0.00000000
Inner epoch 8 complete | JSM avg=0.375766 | mu=3.136682 | generator_lr=0.00000000
Inner epoch 9 complete | JSM avg=0.378069 | mu=3.173489 | generator_lr=0.00000000
Inner epoch 10 complete | JSM avg=0.376529 | mu=3.210142 | generator_lr=0.00000000

S_theta before predictor update:
  Samples  = 64
  Mean MSE = 0.725038
  Max MSE  = 3.448507

Updating predictor on S_theta...

------------------------------------------
OOD-VALIDATION MODEL SELECTION
------------------------------------------
Predictor step : 11
Stage          : after_predictor_optimizer_step
Average MSE    : 0.095494394
Worst MSE      : 0.102842279
Previous best  : 0.102624364 @ step 3
NEW BEST       : NO
------------------------------------------


------------------------------------------
OOD-VALIDATION MODEL SELECTION
------------------------------------------
Predictor step : 12
Stage          : after_predictor_optimizer_step
Average MSE    : 0.095527746
Worst MSE      : 0.102868466
Previous best  : 0.102624364 @ step 3
NEW BEST       : NO
------------------------------------------


------------------------------------------
GAS-DRO Outer 7/15
------------------------------------------
Reference predictor loss | mean=0.769148 | max=16.841576
Inner epoch 1 complete | JSM avg=0.375749 | mu=3.246717 | generator_lr=0.00000000
Inner epoch 2 complete | JSM avg=0.377592 | mu=3.283476 | generator_lr=0.00000000
Inner epoch 3 complete | JSM avg=0.378259 | mu=3.320302 | generator_lr=0.00000000
Inner epoch 4 complete | JSM avg=0.377780 | mu=3.357080 | generator_lr=0.00000000
Inner epoch 5 complete | JSM avg=0.380095 | mu=3.394089 | generator_lr=0.00000000
Inner epoch 6 complete | JSM avg=0.380859 | mu=3.431175 | generator_lr=0.00000000
Inner epoch 7 complete | JSM avg=0.378734 | mu=3.468049 | generator_lr=0.00000000
Inner epoch 8 complete | JSM avg=0.378353 | mu=3.504884 | generator_lr=0.00000000
Inner epoch 9 complete | JSM avg=0.375456 | mu=3.541430 | generator_lr=0.00000000
Inner epoch 10 complete | JSM avg=0.378635 | mu=3.578293 | generator_lr=0.00000000

S_theta before predictor update:
  Samples  = 64
  Mean MSE = 0.958655
  Max MSE  = 6.881521

Updating predictor on S_theta...

------------------------------------------
OOD-VALIDATION MODEL SELECTION
------------------------------------------
Predictor step : 13
Stage          : after_predictor_optimizer_step
Average MSE    : 0.095552103
Worst MSE      : 0.102893539
Previous best  : 0.102624364 @ step 3
NEW BEST       : NO
------------------------------------------


------------------------------------------
OOD-VALIDATION MODEL SELECTION
------------------------------------------
Predictor step : 14
Stage          : after_predictor_optimizer_step
Average MSE    : 0.095578092
Worst MSE      : 0.102919757
Previous best  : 0.102624364 @ step 3
NEW BEST       : NO
------------------------------------------


------------------------------------------
GAS-DRO Outer 8/15
------------------------------------------
Reference predictor loss | mean=0.768690 | max=16.836452
Inner epoch 1 complete | JSM avg=0.377237 | mu=3.615017 | generator_lr=0.00000000
Inner epoch 2 complete | JSM avg=0.379077 | mu=3.651925 | generator_lr=0.00000000
Inner epoch 3 complete | JSM avg=0.381833 | mu=3.689108 | generator_lr=0.00000000
Inner epoch 4 complete | JSM avg=0.378337 | mu=3.725942 | generator_lr=0.00000000
Inner epoch 5 complete | JSM avg=0.378238 | mu=3.762765 | generator_lr=0.00000000
Inner epoch 6 complete | JSM avg=0.377995 | mu=3.799565 | generator_lr=0.00000000
Inner epoch 7 complete | JSM avg=0.378567 | mu=3.836421 | generator_lr=0.00000000
Inner epoch 8 complete | JSM avg=0.378743 | mu=3.873296 | generator_lr=0.00000000
Inner epoch 9 complete | JSM avg=0.381194 | mu=3.910415 | generator_lr=0.00000000
Inner epoch 10 complete | JSM avg=0.377308 | mu=3.947146 | generator_lr=0.00000000

S_theta before predictor update:
  Samples  = 64
  Mean MSE = 0.577098
  Max MSE  = 5.163063

Updating predictor on S_theta...

------------------------------------------
OOD-VALIDATION MODEL SELECTION
------------------------------------------
Predictor step : 15
Stage          : after_predictor_optimizer_step
Average MSE    : 0.095630973
Worst MSE      : 0.102956732
Previous best  : 0.102624364 @ step 3
NEW BEST       : NO
------------------------------------------


------------------------------------------
OOD-VALIDATION MODEL SELECTION
------------------------------------------
Predictor step : 16
Stage          : after_predictor_optimizer_step
Average MSE    : 0.095687920
Worst MSE      : 0.102995422
Previous best  : 0.102624364 @ step 3
NEW BEST       : NO
------------------------------------------


------------------------------------------
GAS-DRO Outer 9/15
------------------------------------------
Reference predictor loss | mean=0.768404 | max=16.846270
Inner epoch 1 complete | JSM avg=0.376878 | mu=3.983834 | generator_lr=0.00000000
Inner epoch 2 complete | JSM avg=0.379983 | mu=4.020832 | generator_lr=0.00000000
Inner epoch 3 complete | JSM avg=0.379077 | mu=4.057740 | generator_lr=0.00000000
Inner epoch 4 complete | JSM avg=0.379159 | mu=4.094656 | generator_lr=0.00000000
Inner epoch 5 complete | JSM avg=0.379678 | mu=4.131623 | generator_lr=0.00000000
Inner epoch 6 complete | JSM avg=0.379911 | mu=4.168615 | generator_lr=0.00000000
Inner epoch 7 complete | JSM avg=0.376643 | mu=4.205279 | generator_lr=0.00000000
Inner epoch 8 complete | JSM avg=0.378575 | mu=4.242136 | generator_lr=0.00000000
Inner epoch 9 complete | JSM avg=0.380526 | mu=4.279189 | generator_lr=0.00000000
Inner epoch 10 complete | JSM avg=0.379427 | mu=4.316132 | generator_lr=0.00000000

S_theta before predictor update:
  Samples  = 64
  Mean MSE = 1.118915
  Max MSE  = 5.984562

Updating predictor on S_theta...

------------------------------------------
OOD-VALIDATION MODEL SELECTION
------------------------------------------
Predictor step : 17
Stage          : after_predictor_optimizer_step
Average MSE    : 0.095737321
Worst MSE      : 0.103041241
Previous best  : 0.102624364 @ step 3
NEW BEST       : NO
------------------------------------------


------------------------------------------
OOD-VALIDATION MODEL SELECTION
------------------------------------------
Predictor step : 18
Stage          : after_predictor_optimizer_step
Average MSE    : 0.095790069
Worst MSE      : 0.103089546
Previous best  : 0.102624364 @ step 3
NEW BEST       : NO
------------------------------------------


------------------------------------------
GAS-DRO Outer 10/15
------------------------------------------
Reference predictor loss | mean=0.767778 | max=16.848160
Inner epoch 1 complete | JSM avg=0.378000 | mu=4.352932 | generator_lr=0.00000000
Inner epoch 2 complete | JSM avg=0.378856 | mu=4.389817 | generator_lr=0.00000000
Inner epoch 3 complete | JSM avg=0.378281 | mu=4.426645 | generator_lr=0.00000000
Inner epoch 4 complete | JSM avg=0.380728 | mu=4.463718 | generator_lr=0.00000000
Inner epoch 5 complete | JSM avg=0.378688 | mu=4.500587 | generator_lr=0.00000000
Inner epoch 6 complete | JSM avg=0.374643 | mu=4.537051 | generator_lr=0.00000000
Inner epoch 7 complete | JSM avg=0.375182 | mu=4.573569 | generator_lr=0.00000000
Inner epoch 8 complete | JSM avg=0.378235 | mu=4.610393 | generator_lr=0.00000000
Inner epoch 9 complete | JSM avg=0.378214 | mu=4.647214 | generator_lr=0.00000000
Inner epoch 10 complete | JSM avg=0.379709 | mu=4.684185 | generator_lr=0.00000000

S_theta before predictor update:
  Samples  = 64
  Mean MSE = 1.027203
  Max MSE  = 7.777593

Updating predictor on S_theta...

------------------------------------------
OOD-VALIDATION MODEL SELECTION
------------------------------------------
Predictor step : 19
Stage          : after_predictor_optimizer_step
Average MSE    : 0.095855770
Worst MSE      : 0.103215045
Previous best  : 0.102624364 @ step 3
NEW BEST       : NO
------------------------------------------


------------------------------------------
OOD-VALIDATION MODEL SELECTION
------------------------------------------
Predictor step : 20
Stage          : after_predictor_optimizer_step
Average MSE    : 0.095925213
Worst MSE      : 0.103377750
Previous best  : 0.102624364 @ step 3
NEW BEST       : NO
------------------------------------------


------------------------------------------
GAS-DRO Outer 11/15
------------------------------------------
Reference predictor loss | mean=0.767170 | max=16.852739
Inner epoch 1 complete | JSM avg=0.378755 | mu=4.721061 | generator_lr=0.00000000
Inner epoch 2 complete | JSM avg=0.377578 | mu=4.757819 | generator_lr=0.00000000
Inner epoch 3 complete | JSM avg=0.375558 | mu=4.794374 | generator_lr=0.00000000
Inner epoch 4 complete | JSM avg=0.376891 | mu=4.831063 | generator_lr=0.00000000
Inner epoch 5 complete | JSM avg=0.378281 | mu=4.867892 | generator_lr=0.00000000
Inner epoch 6 complete | JSM avg=0.375664 | mu=4.904458 | generator_lr=0.00000000
Inner epoch 7 complete | JSM avg=0.379780 | mu=4.941436 | generator_lr=0.00000000
Inner epoch 8 complete | JSM avg=0.382105 | mu=4.978646 | generator_lr=0.00000000
Inner epoch 9 complete | JSM avg=0.377127 | mu=5.015359 | generator_lr=0.00000000
Inner epoch 10 complete | JSM avg=0.376580 | mu=5.052017 | generator_lr=0.00000000

S_theta before predictor update:
  Samples  = 64
  Mean MSE = 0.866354
  Max MSE  = 6.830017

Updating predictor on S_theta...

------------------------------------------
OOD-VALIDATION MODEL SELECTION
------------------------------------------
Predictor step : 21
Stage          : after_predictor_optimizer_step
Average MSE    : 0.095992652
Worst MSE      : 0.103562222
Previous best  : 0.102624364 @ step 3
NEW BEST       : NO
------------------------------------------


------------------------------------------
OOD-VALIDATION MODEL SELECTION
------------------------------------------
Predictor step : 22
Stage          : after_predictor_optimizer_step
Average MSE    : 0.096064026
Worst MSE      : 0.103763689
Previous best  : 0.102624364 @ step 3
NEW BEST       : NO
------------------------------------------


------------------------------------------
GAS-DRO Outer 12/15
------------------------------------------
Reference predictor loss | mean=0.766607 | max=16.859999
Inner epoch 1 complete | JSM avg=0.377447 | mu=5.088762 | generator_lr=0.00000000
Inner epoch 2 complete | JSM avg=0.378308 | mu=5.125593 | generator_lr=0.00000000
Inner epoch 3 complete | JSM avg=0.380979 | mu=5.162691 | generator_lr=0.00000000
Inner epoch 4 complete | JSM avg=0.378550 | mu=5.199546 | generator_lr=0.00000000
Inner epoch 5 complete | JSM avg=0.377861 | mu=5.236332 | generator_lr=0.00000000
Inner epoch 6 complete | JSM avg=0.375287 | mu=5.272861 | generator_lr=0.00000000
Inner epoch 7 complete | JSM avg=0.378480 | mu=5.309708 | generator_lr=0.00000000
Inner epoch 8 complete | JSM avg=0.377923 | mu=5.346501 | generator_lr=0.00000000
Inner epoch 9 complete | JSM avg=0.381323 | mu=5.383633 | generator_lr=0.00000000
Inner epoch 10 complete | JSM avg=0.378336 | mu=5.420467 | generator_lr=0.00000000

S_theta before predictor update:
  Samples  = 64
  Mean MSE = 0.938807
  Max MSE  = 6.080410

Updating predictor on S_theta...

------------------------------------------
OOD-VALIDATION MODEL SELECTION
------------------------------------------
Predictor step : 23
Stage          : after_predictor_optimizer_step
Average MSE    : 0.096125426
Worst MSE      : 0.103974167
Previous best  : 0.102624364 @ step 3
NEW BEST       : NO
------------------------------------------


------------------------------------------
OOD-VALIDATION MODEL SELECTION
------------------------------------------
Predictor step : 24
Stage          : after_predictor_optimizer_step
Average MSE    : 0.096191066
Worst MSE      : 0.104200507
Previous best  : 0.102624364 @ step 3
NEW BEST       : NO
------------------------------------------


------------------------------------------
GAS-DRO Outer 13/15
------------------------------------------
Reference predictor loss | mean=0.766065 | max=16.861549
Inner epoch 1 complete | JSM avg=0.378104 | mu=5.457277 | generator_lr=0.00000000
Inner epoch 2 complete | JSM avg=0.378142 | mu=5.494091 | generator_lr=0.00000000
Inner epoch 3 complete | JSM avg=0.382178 | mu=5.531309 | generator_lr=0.00000000
Inner epoch 4 complete | JSM avg=0.379681 | mu=5.568277 | generator_lr=0.00000000
Inner epoch 5 complete | JSM avg=0.378673 | mu=5.605144 | generator_lr=0.00000000
Inner epoch 6 complete | JSM avg=0.377906 | mu=5.641935 | generator_lr=0.00000000
Inner epoch 7 complete | JSM avg=0.381973 | mu=5.679132 | generator_lr=0.00000000
Inner epoch 8 complete | JSM avg=0.375712 | mu=5.715704 | generator_lr=0.00000000
Inner epoch 9 complete | JSM avg=0.377279 | mu=5.752432 | generator_lr=0.00000000
Inner epoch 10 complete | JSM avg=0.379038 | mu=5.789335 | generator_lr=0.00000000

S_theta before predictor update:
  Samples  = 64
  Mean MSE = 0.961511
  Max MSE  = 8.418386

Updating predictor on S_theta...

------------------------------------------
OOD-VALIDATION MODEL SELECTION
------------------------------------------
Predictor step : 25
Stage          : after_predictor_optimizer_step
Average MSE    : 0.096260843
Worst MSE      : 0.104412834
Previous best  : 0.102624364 @ step 3
NEW BEST       : NO
------------------------------------------


------------------------------------------
OOD-VALIDATION MODEL SELECTION
------------------------------------------
Predictor step : 26
Stage          : after_predictor_optimizer_step
Average MSE    : 0.096333149
Worst MSE      : 0.104637622
Previous best  : 0.102624364 @ step 3
NEW BEST       : NO
------------------------------------------


------------------------------------------
GAS-DRO Outer 14/15
------------------------------------------
Reference predictor loss | mean=0.765501 | max=16.865114
Inner epoch 1 complete | JSM avg=0.380269 | mu=5.826362 | generator_lr=0.00000000
Inner epoch 2 complete | JSM avg=0.375300 | mu=5.862892 | generator_lr=0.00000000
Inner epoch 3 complete | JSM avg=0.378296 | mu=5.899722 | generator_lr=0.00000000
Inner epoch 4 complete | JSM avg=0.379962 | mu=5.936718 | generator_lr=0.00000000
Inner epoch 5 complete | JSM avg=0.378269 | mu=5.973545 | generator_lr=0.00000000
Inner epoch 6 complete | JSM avg=0.380466 | mu=6.010591 | generator_lr=0.00000000
Inner epoch 7 complete | JSM avg=0.379741 | mu=6.047565 | generator_lr=0.00000000
Inner epoch 8 complete | JSM avg=0.378530 | mu=6.084419 | generator_lr=0.00000000
Inner epoch 9 complete | JSM avg=0.376475 | mu=6.121066 | generator_lr=0.00000000
Inner epoch 10 complete | JSM avg=0.375212 | mu=6.157587 | generator_lr=0.00000000

S_theta before predictor update:
  Samples  = 64
  Mean MSE = 0.766000
  Max MSE  = 3.982422

Updating predictor on S_theta...

------------------------------------------
OOD-VALIDATION MODEL SELECTION
------------------------------------------
Predictor step : 27
Stage          : after_predictor_optimizer_step
Average MSE    : 0.096343248
Worst MSE      : 0.104685748
Previous best  : 0.102624364 @ step 3
NEW BEST       : NO
------------------------------------------


------------------------------------------
OOD-VALIDATION MODEL SELECTION
------------------------------------------
Predictor step : 28
Stage          : after_predictor_optimizer_step
Average MSE    : 0.096354043
Worst MSE      : 0.104735262
Previous best  : 0.102624364 @ step 3
NEW BEST       : NO
------------------------------------------


------------------------------------------
GAS-DRO Outer 15/15
------------------------------------------
Reference predictor loss | mean=0.765278 | max=16.856979
Inner epoch 1 complete | JSM avg=0.379133 | mu=6.194501 | generator_lr=0.00000000
Inner epoch 2 complete | JSM avg=0.376983 | mu=6.231199 | generator_lr=0.00000000
Inner epoch 3 complete | JSM avg=0.381879 | mu=6.268387 | generator_lr=0.00000000
Inner epoch 4 complete | JSM avg=0.378155 | mu=6.305202 | generator_lr=0.00000000
Inner epoch 5 complete | JSM avg=0.375476 | mu=6.341750 | generator_lr=0.00000000
Inner epoch 6 complete | JSM avg=0.378935 | mu=6.378643 | generator_lr=0.00000000
Inner epoch 7 complete | JSM avg=0.374936 | mu=6.415137 | generator_lr=0.00000000
Inner epoch 8 complete | JSM avg=0.379141 | mu=6.452051 | generator_lr=0.00000000
Inner epoch 9 complete | JSM avg=0.377231 | mu=6.488774 | generator_lr=0.00000000
Inner epoch 10 complete | JSM avg=0.377042 | mu=6.525478 | generator_lr=0.00000000

S_theta before predictor update:
  Samples  = 64
  Mean MSE = 0.858163
  Max MSE  = 5.279196

Updating predictor on S_theta...

------------------------------------------
OOD-VALIDATION MODEL SELECTION
------------------------------------------
Predictor step : 29
Stage          : after_predictor_optimizer_step
Average MSE    : 0.096453278
Worst MSE      : 0.105021350
Previous best  : 0.102624364 @ step 3
NEW BEST       : NO
------------------------------------------


------------------------------------------
OOD-VALIDATION MODEL SELECTION
------------------------------------------
Predictor step : 30
Stage          : after_predictor_optimizer_step
Average MSE    : 0.096556701
Worst MSE      : 0.105324127
Previous best  : 0.102624364 @ step 3
NEW BEST       : NO
------------------------------------------


==========================================
VECTOR GAS-DRO TRAINING COMPLETE
==========================================

/workspace/DRO_EXPERIMENT/experiments/run_gas_dro_tunable.py:649: FutureWarning: You are using `torch.load` with `weights_only=False` (the current default value), which uses the default pickle module implicitly. It is possible to construct malicious pickle data which will execute arbitrary code during unpickling (See https://github.com/pytorch/pytorch/blob/main/SECURITY.md#untrusted-models for more details). In a future release, the default value for `weights_only` will be flipped to `True`. This limits the functions that could be executed during unpickling. Arbitrary objects will no longer be allowed to be loaded via this mode unless they are explicitly allowlisted by the user via `torch.serialization.add_safe_globals`. We recommend you start setting `weights_only=True` for any use case where you don't have full control of the loaded file. Please open an issue on GitHub for any issues related to this experimental feature.
  selected_checkpoint = torch.load(

==========================================
GAS-DRO CANDIDATE COMPLETE
==========================================
Total predictor steps : 30
Selected step         : 3
Selected stage        : after_predictor_optimizer_step
Best Worst OOD-Val    : 0.102624364
Best Average OOD-Val  : 0.095305347
Best checkpoint       : /workspace/DRO_EXPERIMENT/checkpoints/oodval_candidates/gas_dro/budget_0p010/gas_dro_seed0_best_oodval.pt
Final/selected ckpt   : /workspace/DRO_EXPERIMENT/checkpoints/oodval_candidates/gas_dro/budget_0p010/gas_dro_seed0_final.pt
Result                : /workspace/DRO_EXPERIMENT/results/oodval_candidates/gas_dro/budget_0p010_seed0.json
OOD test              : NOT USED
==========================================

==========================================
END_TIME=2026-09-22T14:54:27+00:00
EXIT_CODE=0
ELAPSED_SECONDS=4120
ELAPSED=01:08:40
==========================================
