==========================================
START_TIME=2026-09-22T17:18:15+00:00
GPU=1
SEED=4
BUDGET=0.020
RUN_TAG=budget_0p020
==========================================
/workspace/DRO_EXPERIMENT/experiments/run_gas_dro_tunable.py:91: FutureWarning: You are using `torch.load` with `weights_only=False` (the current default value), which uses the default pickle module implicitly. It is possible to construct malicious pickle data which will execute arbitrary code during unpickling (See https://github.com/pytorch/pytorch/blob/main/SECURITY.md#untrusted-models for more details). In a future release, the default value for `weights_only` will be flipped to `True`. This limits the functions that could be executed during unpickling. Arbitrary objects will no longer be allowed to be loaded via this mode unless they are explicitly allowlisted by the user via `torch.serialization.add_safe_globals`. We recommend you start setting `weights_only=True` for any use case where you don't have full control of the loaded file. Please open an issue on GitHub for any issues related to this experimental feature.
  checkpoint = torch.load(path, map_location=device)

==========================================
GAS-DRO OOD-VAL CANDIDATE TRAINING
==========================================
Seed                 : 4
Run tag              : budget_0p020
Train samples        : 10000
ERM checkpoint       : /workspace/DRO_EXPERIMENT/checkpoints/final_oodval/erm_seed4_best.pt
ERM seed             : 4
OOD-Val environments : 15
GAS-DRO batch size   : 64 (official setting)
Step 0               : seed-matched ERM initialization
Selection            : min Worst OOD-Val MSE
Evaluation timing    : after EVERY predictor optimizer.step()
Normalization        : ERM TRAIN-only stats
OOD-Val gradients    : NEVER
OOD test             : NOT loaded
==========================================


==========================================
Official-Style Vector Diffusion Training
==========================================
Original samples   : 10000
Expanded samples   : 448000
DataLoader batches : 7000
Shuffle            : False
Drop last          : True
Dimensions         : 5
Timesteps          : 500
Batch size         : 64
Total iterations   : 7000
Learning rate      : 0.0001
Gradient clipping  : None
Device             : cuda
==========================================

Iteration 00001/7000 | Loss: 1.047990 | Recent avg: 1.047990
Iteration 00100/7000 | Loss: 0.843645 | Recent avg: 0.973566
Iteration 00200/7000 | Loss: 0.598558 | Recent avg: 0.806853
Iteration 00300/7000 | Loss: 0.042262 | Recent avg: 0.280063
Iteration 00400/7000 | Loss: 0.013019 | Recent avg: 0.028673
Iteration 00500/7000 | Loss: 0.018769 | Recent avg: 0.022344
Iteration 00600/7000 | Loss: 0.009377 | Recent avg: 0.018038
Iteration 00700/7000 | Loss: 0.023226 | Recent avg: 0.019229
Iteration 00800/7000 | Loss: 0.026650 | Recent avg: 0.020047
Iteration 00900/7000 | Loss: 0.007454 | Recent avg: 0.018210
Iteration 01000/7000 | Loss: 0.024170 | Recent avg: 0.018481
Iteration 01100/7000 | Loss: 0.050388 | Recent avg: 0.019638
Iteration 01200/7000 | Loss: 0.030519 | Recent avg: 0.018592
Iteration 01300/7000 | Loss: 0.028172 | Recent avg: 0.018182
Iteration 01400/7000 | Loss: 0.012407 | Recent avg: 0.019136
Iteration 01500/7000 | Loss: 0.013436 | Recent avg: 0.019183
Iteration 01600/7000 | Loss: 0.001790 | Recent avg: 0.017402
Iteration 01700/7000 | Loss: 0.017682 | Recent avg: 0.016691
Iteration 01800/7000 | Loss: 0.036007 | Recent avg: 0.019427
Iteration 01900/7000 | Loss: 0.009474 | Recent avg: 0.016266
Iteration 02000/7000 | Loss: 0.003955 | Recent avg: 0.016183
Iteration 02100/7000 | Loss: 0.022046 | Recent avg: 0.015852
Iteration 02200/7000 | Loss: 0.006099 | Recent avg: 0.016405
Iteration 02300/7000 | Loss: 0.004902 | Recent avg: 0.017562
Iteration 02400/7000 | Loss: 0.013832 | Recent avg: 0.018673
Iteration 02500/7000 | Loss: 0.008050 | Recent avg: 0.014288
Iteration 02600/7000 | Loss: 0.010032 | Recent avg: 0.015268
Iteration 02700/7000 | Loss: 0.009263 | Recent avg: 0.015024
Iteration 02800/7000 | Loss: 0.007356 | Recent avg: 0.016301
Iteration 02900/7000 | Loss: 0.018989 | Recent avg: 0.014352
Iteration 03000/7000 | Loss: 0.006525 | Recent avg: 0.015710
Iteration 03100/7000 | Loss: 0.022013 | Recent avg: 0.017233
Iteration 03200/7000 | Loss: 0.024520 | Recent avg: 0.013594
Iteration 03300/7000 | Loss: 0.020489 | Recent avg: 0.017579
Iteration 03400/7000 | Loss: 0.007961 | Recent avg: 0.014031
Iteration 03500/7000 | Loss: 0.012849 | Recent avg: 0.015387
Iteration 03600/7000 | Loss: 0.013178 | Recent avg: 0.016892
Iteration 03700/7000 | Loss: 0.040736 | Recent avg: 0.016678
Iteration 03800/7000 | Loss: 0.008082 | Recent avg: 0.013579
Iteration 03900/7000 | Loss: 0.028283 | Recent avg: 0.015511
Iteration 04000/7000 | Loss: 0.070277 | Recent avg: 0.017753
Iteration 04100/7000 | Loss: 0.012227 | Recent avg: 0.014365
Iteration 04200/7000 | Loss: 0.004258 | Recent avg: 0.017111
Iteration 04300/7000 | Loss: 0.015818 | Recent avg: 0.015784
Iteration 04400/7000 | Loss: 0.003236 | Recent avg: 0.014493
Iteration 04500/7000 | Loss: 0.016020 | Recent avg: 0.016065
Iteration 04600/7000 | Loss: 0.003849 | Recent avg: 0.013872
Iteration 04700/7000 | Loss: 0.025657 | Recent avg: 0.014583
Iteration 04800/7000 | Loss: 0.006563 | Recent avg: 0.012915
Iteration 04900/7000 | Loss: 0.022933 | Recent avg: 0.013804
Iteration 05000/7000 | Loss: 0.039504 | Recent avg: 0.013728
Iteration 05100/7000 | Loss: 0.003076 | Recent avg: 0.012557
Iteration 05200/7000 | Loss: 0.003296 | Recent avg: 0.014930
Iteration 05300/7000 | Loss: 0.007475 | Recent avg: 0.014601
Iteration 05400/7000 | Loss: 0.012756 | Recent avg: 0.013544
Iteration 05500/7000 | Loss: 0.002683 | Recent avg: 0.014233
Iteration 05600/7000 | Loss: 0.013707 | Recent avg: 0.014181
Iteration 05700/7000 | Loss: 0.007547 | Recent avg: 0.015377
Iteration 05800/7000 | Loss: 0.030322 | Recent avg: 0.014736
Iteration 05900/7000 | Loss: 0.017897 | Recent avg: 0.013631
Iteration 06000/7000 | Loss: 0.033931 | Recent avg: 0.014091
Iteration 06100/7000 | Loss: 0.006690 | Recent avg: 0.012533
Iteration 06200/7000 | Loss: 0.014356 | Recent avg: 0.014198
Iteration 06300/7000 | Loss: 0.015803 | Recent avg: 0.014796
Iteration 06400/7000 | Loss: 0.009144 | Recent avg: 0.012810
Iteration 06500/7000 | Loss: 0.007414 | Recent avg: 0.015627
Iteration 06600/7000 | Loss: 0.001850 | Recent avg: 0.015585
Iteration 06700/7000 | Loss: 0.013771 | Recent avg: 0.012977
Iteration 06800/7000 | Loss: 0.001849 | Recent avg: 0.014802
Iteration 06900/7000 | Loss: 0.014571 | Recent avg: 0.014792
Iteration 07000/7000 | Loss: 0.030232 | Recent avg: 0.014694

Official-Style Vector Diffusion Training Complete.

------------------------------------------
OOD-VALIDATION MODEL SELECTION
------------------------------------------
Predictor step : 0
Stage          : erm_initialization_step0
Average MSE    : 0.095169403
Worst MSE      : 0.105614490
Previous best  : inf
NEW BEST       : YES
Saved          : /workspace/DRO_EXPERIMENT/checkpoints/oodval_candidates/gas_dro/budget_0p020/gas_dro_seed4_best_oodval.pt
------------------------------------------


Generating fixed nominal reference trajectory...
Official-style s0 iterations : 628 (ceil(10000/64) * BATCH_REPEAT 4)
Reference samples    : torch.Size([40192, 5])
Reference trajectory : torch.Size([40192, 15, 5])
a0                   : torch.Size([40192, 15])

==========================================
VECTOR GAS-DRO TRAINING
==========================================
Outer epochs           : 15
Generator inner epochs : 10
s0 iterations / inner  : 628
BATCH_REPEAT           : 4
Predictor inner epochs : 2
Batch size             : 64
Selected timesteps     : [0, 1, 2, 3, 4, 5, 6, 7, 8, 9, 10, 11, 12, 13, 14]
Initial mu             : 1.000000
Budget                 : 0.020000
Generator LR           : 1e-05
Gradient clipping      : None
==========================================


------------------------------------------
GAS-DRO Outer 1/15
------------------------------------------
Reference predictor loss | mean=0.766306 | max=17.495977
Inner epoch 1 complete | JSM avg=0.362198 | mu=1.034220 | generator_lr=0.00001000
Inner epoch 2 complete | JSM avg=0.362413 | mu=1.068461 | generator_lr=0.00000050
Inner epoch 3 complete | JSM avg=0.364570 | mu=1.102918 | generator_lr=0.00000050
Inner epoch 4 complete | JSM avg=0.361860 | mu=1.137104 | generator_lr=0.00000003
Inner epoch 5 complete | JSM avg=0.363715 | mu=1.171476 | generator_lr=0.00000003
Inner epoch 6 complete | JSM avg=0.367326 | mu=1.206208 | generator_lr=0.00000000
Inner epoch 7 complete | JSM avg=0.362289 | mu=1.240437 | generator_lr=0.00000000
Inner epoch 8 complete | JSM avg=0.362333 | mu=1.274670 | generator_lr=0.00000000
Inner epoch 9 complete | JSM avg=0.360548 | mu=1.308725 | generator_lr=0.00000000
Inner epoch 10 complete | JSM avg=0.360795 | mu=1.342805 | generator_lr=0.00000000

S_theta before predictor update:
  Samples  = 64
  Mean MSE = 0.998323
  Max MSE  = 6.691321

Updating predictor on S_theta...

------------------------------------------
OOD-VALIDATION MODEL SELECTION
------------------------------------------
Predictor step : 1
Stage          : after_predictor_optimizer_step
Average MSE    : 0.095179247
Worst MSE      : 0.105641467
Previous best  : 0.105614490 @ step 0
NEW BEST       : NO
------------------------------------------


------------------------------------------
OOD-VALIDATION MODEL SELECTION
------------------------------------------
Predictor step : 2
Stage          : after_predictor_optimizer_step
Average MSE    : 0.095193910
Worst MSE      : 0.105675406
Previous best  : 0.105614490 @ step 0
NEW BEST       : NO
------------------------------------------


------------------------------------------
GAS-DRO Outer 2/15
------------------------------------------
Reference predictor loss | mean=0.765872 | max=17.472252
Inner epoch 1 complete | JSM avg=0.364551 | mu=1.377260 | generator_lr=0.00000000
Inner epoch 2 complete | JSM avg=0.364339 | mu=1.411694 | generator_lr=0.00000000
Inner epoch 3 complete | JSM avg=0.361995 | mu=1.445893 | generator_lr=0.00000000
Inner epoch 4 complete | JSM avg=0.361864 | mu=1.480080 | generator_lr=0.00000000
Inner epoch 5 complete | JSM avg=0.362302 | mu=1.514310 | generator_lr=0.00000000
Inner epoch 6 complete | JSM avg=0.362361 | mu=1.548546 | generator_lr=0.00000000
Inner epoch 7 complete | JSM avg=0.362664 | mu=1.582812 | generator_lr=0.00000000
Inner epoch 8 complete | JSM avg=0.362740 | mu=1.617086 | generator_lr=0.00000000
Inner epoch 9 complete | JSM avg=0.360625 | mu=1.651149 | generator_lr=0.00000000
Inner epoch 10 complete | JSM avg=0.362833 | mu=1.685432 | generator_lr=0.00000000

S_theta before predictor update:
  Samples  = 64
  Mean MSE = 1.057983
  Max MSE  = 6.915263

Updating predictor on S_theta...

------------------------------------------
OOD-VALIDATION MODEL SELECTION
------------------------------------------
Predictor step : 3
Stage          : after_predictor_optimizer_step
Average MSE    : 0.095221089
Worst MSE      : 0.105728760
Previous best  : 0.105614490 @ step 0
NEW BEST       : NO
------------------------------------------


------------------------------------------
OOD-VALIDATION MODEL SELECTION
------------------------------------------
Predictor step : 4
Stage          : after_predictor_optimizer_step
Average MSE    : 0.095252683
Worst MSE      : 0.105790172
Previous best  : 0.105614490 @ step 0
NEW BEST       : NO
------------------------------------------


------------------------------------------
GAS-DRO Outer 3/15
------------------------------------------
Reference predictor loss | mean=0.765394 | max=17.446556
Inner epoch 1 complete | JSM avg=0.362877 | mu=1.719720 | generator_lr=0.00000000
Inner epoch 2 complete | JSM avg=0.360974 | mu=1.753817 | generator_lr=0.00000000
Inner epoch 3 complete | JSM avg=0.362692 | mu=1.788086 | generator_lr=0.00000000
Inner epoch 4 complete | JSM avg=0.362086 | mu=1.822295 | generator_lr=0.00000000
Inner epoch 5 complete | JSM avg=0.364667 | mu=1.856762 | generator_lr=0.00000000
Inner epoch 6 complete | JSM avg=0.362807 | mu=1.891042 | generator_lr=0.00000000
Inner epoch 7 complete | JSM avg=0.362634 | mu=1.925306 | generator_lr=0.00000000
Inner epoch 8 complete | JSM avg=0.363754 | mu=1.959681 | generator_lr=0.00000000
Inner epoch 9 complete | JSM avg=0.362769 | mu=1.993958 | generator_lr=0.00000000
Inner epoch 10 complete | JSM avg=0.364330 | mu=2.028391 | generator_lr=0.00000000

S_theta before predictor update:
  Samples  = 64
  Mean MSE = 1.362174
  Max MSE  = 7.790412

Updating predictor on S_theta...

------------------------------------------
OOD-VALIDATION MODEL SELECTION
------------------------------------------
Predictor step : 5
Stage          : after_predictor_optimizer_step
Average MSE    : 0.095253248
Worst MSE      : 0.105800961
Previous best  : 0.105614490 @ step 0
NEW BEST       : NO
------------------------------------------


------------------------------------------
OOD-VALIDATION MODEL SELECTION
------------------------------------------
Predictor step : 6
Stage          : after_predictor_optimizer_step
Average MSE    : 0.095254905
Worst MSE      : 0.105813464
Previous best  : 0.105614490 @ step 0
NEW BEST       : NO
------------------------------------------


------------------------------------------
GAS-DRO Outer 4/15
------------------------------------------
Reference predictor loss | mean=0.764989 | max=17.429998
Inner epoch 1 complete | JSM avg=0.361953 | mu=2.062586 | generator_lr=0.00000000
Inner epoch 2 complete | JSM avg=0.362679 | mu=2.096854 | generator_lr=0.00000000
Inner epoch 3 complete | JSM avg=0.362453 | mu=2.131099 | generator_lr=0.00000000
Inner epoch 4 complete | JSM avg=0.362488 | mu=2.165348 | generator_lr=0.00000000
Inner epoch 5 complete | JSM avg=0.365623 | mu=2.199910 | generator_lr=0.00000000
Inner epoch 6 complete | JSM avg=0.363868 | mu=2.234297 | generator_lr=0.00000000
Inner epoch 7 complete | JSM avg=0.364197 | mu=2.268717 | generator_lr=0.00000000
Inner epoch 8 complete | JSM avg=0.363125 | mu=2.303029 | generator_lr=0.00000000
Inner epoch 9 complete | JSM avg=0.362706 | mu=2.337300 | generator_lr=0.00000000
Inner epoch 10 complete | JSM avg=0.363277 | mu=2.371628 | generator_lr=0.00000000

S_theta before predictor update:
  Samples  = 64
  Mean MSE = 0.910176
  Max MSE  = 9.998520

Updating predictor on S_theta...

------------------------------------------
OOD-VALIDATION MODEL SELECTION
------------------------------------------
Predictor step : 7
Stage          : after_predictor_optimizer_step
Average MSE    : 0.095285864
Worst MSE      : 0.105870807
Previous best  : 0.105614490 @ step 0
NEW BEST       : NO
------------------------------------------


------------------------------------------
OOD-VALIDATION MODEL SELECTION
------------------------------------------
Predictor step : 8
Stage          : after_predictor_optimizer_step
Average MSE    : 0.095319339
Worst MSE      : 0.105933403
Previous best  : 0.105614490 @ step 0
NEW BEST       : NO
------------------------------------------


------------------------------------------
GAS-DRO Outer 5/15
------------------------------------------
Reference predictor loss | mean=0.764461 | max=17.405516
Inner epoch 1 complete | JSM avg=0.364402 | mu=2.406068 | generator_lr=0.00000000
Inner epoch 2 complete | JSM avg=0.366017 | mu=2.440670 | generator_lr=0.00000000
Inner epoch 3 complete | JSM avg=0.362872 | mu=2.474957 | generator_lr=0.00000000
Inner epoch 4 complete | JSM avg=0.364870 | mu=2.509444 | generator_lr=0.00000000
Inner epoch 5 complete | JSM avg=0.361544 | mu=2.543598 | generator_lr=0.00000000
Inner epoch 6 complete | JSM avg=0.363359 | mu=2.577934 | generator_lr=0.00000000
Inner epoch 7 complete | JSM avg=0.363829 | mu=2.612317 | generator_lr=0.00000000
Inner epoch 8 complete | JSM avg=0.364011 | mu=2.646718 | generator_lr=0.00000000
Inner epoch 9 complete | JSM avg=0.366136 | mu=2.681332 | generator_lr=0.00000000
Inner epoch 10 complete | JSM avg=0.363760 | mu=2.715708 | generator_lr=0.00000000

S_theta before predictor update:
  Samples  = 64
  Mean MSE = 0.860619
  Max MSE  = 6.694719

Updating predictor on S_theta...

------------------------------------------
OOD-VALIDATION MODEL SELECTION
------------------------------------------
Predictor step : 9
Stage          : after_predictor_optimizer_step
Average MSE    : 0.095325930
Worst MSE      : 0.105956052
Previous best  : 0.105614490 @ step 0
NEW BEST       : NO
------------------------------------------


------------------------------------------
OOD-VALIDATION MODEL SELECTION
------------------------------------------
Predictor step : 10
Stage          : after_predictor_optimizer_step
Average MSE    : 0.095333113
Worst MSE      : 0.105979083
Previous best  : 0.105614490 @ step 0
NEW BEST       : NO
------------------------------------------


------------------------------------------
GAS-DRO Outer 6/15
------------------------------------------
Reference predictor loss | mean=0.764033 | max=17.392668
Inner epoch 1 complete | JSM avg=0.360990 | mu=2.749807 | generator_lr=0.00000000
Inner epoch 2 complete | JSM avg=0.361040 | mu=2.783911 | generator_lr=0.00000000
Inner epoch 3 complete | JSM avg=0.363798 | mu=2.818291 | generator_lr=0.00000000
Inner epoch 4 complete | JSM avg=0.363883 | mu=2.852679 | generator_lr=0.00000000
Inner epoch 5 complete | JSM avg=0.363613 | mu=2.887040 | generator_lr=0.00000000
Inner epoch 6 complete | JSM avg=0.367458 | mu=2.921786 | generator_lr=0.00000000
Inner epoch 7 complete | JSM avg=0.362195 | mu=2.956005 | generator_lr=0.00000000
Inner epoch 8 complete | JSM avg=0.364233 | mu=2.990429 | generator_lr=0.00000000
Inner epoch 9 complete | JSM avg=0.363708 | mu=3.024799 | generator_lr=0.00000000
Inner epoch 10 complete | JSM avg=0.364963 | mu=3.059296 | generator_lr=0.00000000

S_theta before predictor update:
  Samples  = 64
  Mean MSE = 0.684557
  Max MSE  = 4.286144

Updating predictor on S_theta...

------------------------------------------
OOD-VALIDATION MODEL SELECTION
------------------------------------------
Predictor step : 11
Stage          : after_predictor_optimizer_step
Average MSE    : 0.095333564
Worst MSE      : 0.105966348
Previous best  : 0.105614490 @ step 0
NEW BEST       : NO
------------------------------------------


------------------------------------------
OOD-VALIDATION MODEL SELECTION
------------------------------------------
Predictor step : 12
Stage          : after_predictor_optimizer_step
Average MSE    : 0.095336831
Worst MSE      : 0.105955438
Previous best  : 0.105614490 @ step 0
NEW BEST       : NO
------------------------------------------


------------------------------------------
GAS-DRO Outer 7/15
------------------------------------------
Reference predictor loss | mean=0.763922 | max=17.390356
Inner epoch 1 complete | JSM avg=0.362530 | mu=3.093549 | generator_lr=0.00000000
Inner epoch 2 complete | JSM avg=0.363815 | mu=3.127930 | generator_lr=0.00000000
Inner epoch 3 complete | JSM avg=0.366078 | mu=3.162538 | generator_lr=0.00000000
Inner epoch 4 complete | JSM avg=0.366353 | mu=3.197173 | generator_lr=0.00000000
Inner epoch 5 complete | JSM avg=0.362734 | mu=3.231447 | generator_lr=0.00000000
Inner epoch 6 complete | JSM avg=0.363995 | mu=3.265846 | generator_lr=0.00000000
Inner epoch 7 complete | JSM avg=0.363463 | mu=3.300193 | generator_lr=0.00000000
Inner epoch 8 complete | JSM avg=0.362064 | mu=3.334399 | generator_lr=0.00000000
Inner epoch 9 complete | JSM avg=0.367030 | mu=3.369102 | generator_lr=0.00000000
Inner epoch 10 complete | JSM avg=0.359710 | mu=3.403073 | generator_lr=0.00000000

S_theta before predictor update:
  Samples  = 64
  Mean MSE = 1.095856
  Max MSE  = 6.474657

Updating predictor on S_theta...

------------------------------------------
OOD-VALIDATION MODEL SELECTION
------------------------------------------
Predictor step : 13
Stage          : after_predictor_optimizer_step
Average MSE    : 0.095371504
Worst MSE      : 0.105994162
Previous best  : 0.105614490 @ step 0
NEW BEST       : NO
------------------------------------------


------------------------------------------
OOD-VALIDATION MODEL SELECTION
------------------------------------------
Predictor step : 14
Stage          : after_predictor_optimizer_step
Average MSE    : 0.095409544
Worst MSE      : 0.106034969
Previous best  : 0.105614490 @ step 0
NEW BEST       : NO
------------------------------------------


------------------------------------------
GAS-DRO Outer 8/15
------------------------------------------
Reference predictor loss | mean=0.763484 | max=17.379080
Inner epoch 1 complete | JSM avg=0.365540 | mu=3.437627 | generator_lr=0.00000000
Inner epoch 2 complete | JSM avg=0.366837 | mu=3.472311 | generator_lr=0.00000000
Inner epoch 3 complete | JSM avg=0.363500 | mu=3.506661 | generator_lr=0.00000000
Inner epoch 4 complete | JSM avg=0.364124 | mu=3.541073 | generator_lr=0.00000000
Inner epoch 5 complete | JSM avg=0.360014 | mu=3.575075 | generator_lr=0.00000000
Inner epoch 6 complete | JSM avg=0.365438 | mu=3.609619 | generator_lr=0.00000000
Inner epoch 7 complete | JSM avg=0.366975 | mu=3.644316 | generator_lr=0.00000000
Inner epoch 8 complete | JSM avg=0.364466 | mu=3.678763 | generator_lr=0.00000000
Inner epoch 9 complete | JSM avg=0.365645 | mu=3.713327 | generator_lr=0.00000000
Inner epoch 10 complete | JSM avg=0.361768 | mu=3.747504 | generator_lr=0.00000000

S_theta before predictor update:
  Samples  = 64
  Mean MSE = 0.995545
  Max MSE  = 5.897907

Updating predictor on S_theta...

------------------------------------------
OOD-VALIDATION MODEL SELECTION
------------------------------------------
Predictor step : 15
Stage          : after_predictor_optimizer_step
Average MSE    : 0.095457184
Worst MSE      : 0.106083119
Previous best  : 0.105614490 @ step 0
NEW BEST       : NO
------------------------------------------


------------------------------------------
OOD-VALIDATION MODEL SELECTION
------------------------------------------
Predictor step : 16
Stage          : after_predictor_optimizer_step
Average MSE    : 0.095508703
Worst MSE      : 0.106134140
Previous best  : 0.105614490 @ step 0
NEW BEST       : NO
------------------------------------------


------------------------------------------
GAS-DRO Outer 9/15
------------------------------------------
Reference predictor loss | mean=0.763021 | max=17.363836
Inner epoch 1 complete | JSM avg=0.363753 | mu=3.781879 | generator_lr=0.00000000
Inner epoch 2 complete | JSM avg=0.362219 | mu=3.816101 | generator_lr=0.00000000
Inner epoch 3 complete | JSM avg=0.364956 | mu=3.850597 | generator_lr=0.00000000
Inner epoch 4 complete | JSM avg=0.363631 | mu=3.884960 | generator_lr=0.00000000
Inner epoch 5 complete | JSM avg=0.363591 | mu=3.919319 | generator_lr=0.00000000
Inner epoch 6 complete | JSM avg=0.361773 | mu=3.953496 | generator_lr=0.00000000
Inner epoch 7 complete | JSM avg=0.367496 | mu=3.988246 | generator_lr=0.00000000
Inner epoch 8 complete | JSM avg=0.362780 | mu=4.022524 | generator_lr=0.00000000
Inner epoch 9 complete | JSM avg=0.362281 | mu=4.056752 | generator_lr=0.00000000
Inner epoch 10 complete | JSM avg=0.362987 | mu=4.091051 | generator_lr=0.00000000

S_theta before predictor update:
  Samples  = 64
  Mean MSE = 0.800272
  Max MSE  = 4.920353

Updating predictor on S_theta...

------------------------------------------
OOD-VALIDATION MODEL SELECTION
------------------------------------------
Predictor step : 17
Stage          : after_predictor_optimizer_step
Average MSE    : 0.095500105
Worst MSE      : 0.106173969
Previous best  : 0.105614490 @ step 0
NEW BEST       : NO
------------------------------------------


------------------------------------------
OOD-VALIDATION MODEL SELECTION
------------------------------------------
Predictor step : 18
Stage          : after_predictor_optimizer_step
Average MSE    : 0.095495286
Worst MSE      : 0.106218082
Previous best  : 0.105614490 @ step 0
NEW BEST       : NO
------------------------------------------


------------------------------------------
GAS-DRO Outer 10/15
------------------------------------------
Reference predictor loss | mean=0.762768 | max=17.347061
Inner epoch 1 complete | JSM avg=0.364117 | mu=4.125462 | generator_lr=0.00000000
Inner epoch 2 complete | JSM avg=0.364790 | mu=4.159941 | generator_lr=0.00000000
Inner epoch 3 complete | JSM avg=0.364134 | mu=4.194355 | generator_lr=0.00000000
Inner epoch 4 complete | JSM avg=0.362441 | mu=4.228599 | generator_lr=0.00000000
Inner epoch 5 complete | JSM avg=0.364644 | mu=4.263063 | generator_lr=0.00000000
Inner epoch 6 complete | JSM avg=0.362998 | mu=4.297363 | generator_lr=0.00000000
Inner epoch 7 complete | JSM avg=0.363654 | mu=4.331728 | generator_lr=0.00000000
Inner epoch 8 complete | JSM avg=0.363297 | mu=4.366058 | generator_lr=0.00000000
Inner epoch 9 complete | JSM avg=0.365365 | mu=4.400595 | generator_lr=0.00000000
Inner epoch 10 complete | JSM avg=0.363857 | mu=4.434980 | generator_lr=0.00000000

S_theta before predictor update:
  Samples  = 64
  Mean MSE = 1.067763
  Max MSE  = 6.291920

Updating predictor on S_theta...

------------------------------------------
OOD-VALIDATION MODEL SELECTION
------------------------------------------
Predictor step : 19
Stage          : after_predictor_optimizer_step
Average MSE    : 0.095522929
Worst MSE      : 0.106283066
Previous best  : 0.105614490 @ step 0
NEW BEST       : NO
------------------------------------------


------------------------------------------
OOD-VALIDATION MODEL SELECTION
------------------------------------------
Predictor step : 20
Stage          : after_predictor_optimizer_step
Average MSE    : 0.095551866
Worst MSE      : 0.106351523
Previous best  : 0.105614490 @ step 0
NEW BEST       : NO
------------------------------------------


------------------------------------------
GAS-DRO Outer 11/15
------------------------------------------
Reference predictor loss | mean=0.762220 | max=17.324741
Inner epoch 1 complete | JSM avg=0.363457 | mu=4.469326 | generator_lr=0.00000000
Inner epoch 2 complete | JSM avg=0.363960 | mu=4.503722 | generator_lr=0.00000000
Inner epoch 3 complete | JSM avg=0.362127 | mu=4.537935 | generator_lr=0.00000000
Inner epoch 4 complete | JSM avg=0.364698 | mu=4.572405 | generator_lr=0.00000000
Inner epoch 5 complete | JSM avg=0.362725 | mu=4.606677 | generator_lr=0.00000000
Inner epoch 6 complete | JSM avg=0.364969 | mu=4.641174 | generator_lr=0.00000000
Inner epoch 7 complete | JSM avg=0.364312 | mu=4.675605 | generator_lr=0.00000000
Inner epoch 8 complete | JSM avg=0.363334 | mu=4.709938 | generator_lr=0.00000000
Inner epoch 9 complete | JSM avg=0.364334 | mu=4.744372 | generator_lr=0.00000000
Inner epoch 10 complete | JSM avg=0.366545 | mu=4.779026 | generator_lr=0.00000000

S_theta before predictor update:
  Samples  = 64
  Mean MSE = 0.733763
  Max MSE  = 4.981016

Updating predictor on S_theta...

------------------------------------------
OOD-VALIDATION MODEL SELECTION
------------------------------------------
Predictor step : 21
Stage          : after_predictor_optimizer_step
Average MSE    : 0.095603911
Worst MSE      : 0.106427884
Previous best  : 0.105614490 @ step 0
NEW BEST       : NO
------------------------------------------


------------------------------------------
OOD-VALIDATION MODEL SELECTION
------------------------------------------
Predictor step : 22
Stage          : after_predictor_optimizer_step
Average MSE    : 0.095658760
Worst MSE      : 0.106507584
Previous best  : 0.105614490 @ step 0
NEW BEST       : NO
------------------------------------------


------------------------------------------
GAS-DRO Outer 12/15
------------------------------------------
Reference predictor loss | mean=0.761725 | max=17.306765
Inner epoch 1 complete | JSM avg=0.361773 | mu=4.813204 | generator_lr=0.00000000
Inner epoch 2 complete | JSM avg=0.364926 | mu=4.847696 | generator_lr=0.00000000
Inner epoch 3 complete | JSM avg=0.362460 | mu=4.881942 | generator_lr=0.00000000
Inner epoch 4 complete | JSM avg=0.362242 | mu=4.916167 | generator_lr=0.00000000
Inner epoch 5 complete | JSM avg=0.363609 | mu=4.950527 | generator_lr=0.00000000
Inner epoch 6 complete | JSM avg=0.364657 | mu=4.984993 | generator_lr=0.00000000
Inner epoch 7 complete | JSM avg=0.359537 | mu=5.018947 | generator_lr=0.00000000
Inner epoch 8 complete | JSM avg=0.360175 | mu=5.052964 | generator_lr=0.00000000
Inner epoch 9 complete | JSM avg=0.364513 | mu=5.087416 | generator_lr=0.00000000
Inner epoch 10 complete | JSM avg=0.364430 | mu=5.121859 | generator_lr=0.00000000

S_theta before predictor update:
  Samples  = 64
  Mean MSE = 0.983151
  Max MSE  = 7.937263

Updating predictor on S_theta...

------------------------------------------
OOD-VALIDATION MODEL SELECTION
------------------------------------------
Predictor step : 23
Stage          : after_predictor_optimizer_step
Average MSE    : 0.095717766
Worst MSE      : 0.106634509
Previous best  : 0.105614490 @ step 0
NEW BEST       : NO
------------------------------------------


------------------------------------------
OOD-VALIDATION MODEL SELECTION
------------------------------------------
Predictor step : 24
Stage          : after_predictor_optimizer_step
Average MSE    : 0.095781093
Worst MSE      : 0.106769008
Previous best  : 0.105614490 @ step 0
NEW BEST       : NO
------------------------------------------


------------------------------------------
GAS-DRO Outer 13/15
------------------------------------------
Reference predictor loss | mean=0.761243 | max=17.281414
Inner epoch 1 complete | JSM avg=0.362780 | mu=5.156137 | generator_lr=0.00000000
Inner epoch 2 complete | JSM avg=0.360213 | mu=5.190158 | generator_lr=0.00000000
Inner epoch 3 complete | JSM avg=0.363673 | mu=5.224525 | generator_lr=0.00000000
Inner epoch 4 complete | JSM avg=0.361583 | mu=5.258683 | generator_lr=0.00000000
Inner epoch 5 complete | JSM avg=0.362136 | mu=5.292897 | generator_lr=0.00000000
Inner epoch 6 complete | JSM avg=0.367231 | mu=5.327620 | generator_lr=0.00000000
Inner epoch 7 complete | JSM avg=0.362320 | mu=5.361852 | generator_lr=0.00000000
Inner epoch 8 complete | JSM avg=0.362765 | mu=5.396129 | generator_lr=0.00000000
Inner epoch 9 complete | JSM avg=0.363429 | mu=5.430472 | generator_lr=0.00000000
Inner epoch 10 complete | JSM avg=0.360151 | mu=5.464487 | generator_lr=0.00000000

S_theta before predictor update:
  Samples  = 64
  Mean MSE = 0.959349
  Max MSE  = 6.076754

Updating predictor on S_theta...

------------------------------------------
OOD-VALIDATION MODEL SELECTION
------------------------------------------
Predictor step : 25
Stage          : after_predictor_optimizer_step
Average MSE    : 0.095819117
Worst MSE      : 0.106878891
Previous best  : 0.105614490 @ step 0
NEW BEST       : NO
------------------------------------------


------------------------------------------
OOD-VALIDATION MODEL SELECTION
------------------------------------------
Predictor step : 26
Stage          : after_predictor_optimizer_step
Average MSE    : 0.095858867
Worst MSE      : 0.106993883
Previous best  : 0.105614490 @ step 0
NEW BEST       : NO
------------------------------------------


------------------------------------------
GAS-DRO Outer 14/15
------------------------------------------
Reference predictor loss | mean=0.760903 | max=17.260885
Inner epoch 1 complete | JSM avg=0.365235 | mu=5.499010 | generator_lr=0.00000000
Inner epoch 2 complete | JSM avg=0.362674 | mu=5.533278 | generator_lr=0.00000000
Inner epoch 3 complete | JSM avg=0.361187 | mu=5.567396 | generator_lr=0.00000000
Inner epoch 4 complete | JSM avg=0.364206 | mu=5.601817 | generator_lr=0.00000000
Inner epoch 5 complete | JSM avg=0.366382 | mu=5.636455 | generator_lr=0.00000000
Inner epoch 6 complete | JSM avg=0.366210 | mu=5.671076 | generator_lr=0.00000000
Inner epoch 7 complete | JSM avg=0.361650 | mu=5.705241 | generator_lr=0.00000000
Inner epoch 8 complete | JSM avg=0.362457 | mu=5.739487 | generator_lr=0.00000000
Inner epoch 9 complete | JSM avg=0.364031 | mu=5.773890 | generator_lr=0.00000000
Inner epoch 10 complete | JSM avg=0.365240 | mu=5.808414 | generator_lr=0.00000000

S_theta before predictor update:
  Samples  = 64
  Mean MSE = 0.823126
  Max MSE  = 5.439370

Updating predictor on S_theta...

------------------------------------------
OOD-VALIDATION MODEL SELECTION
------------------------------------------
Predictor step : 27
Stage          : after_predictor_optimizer_step
Average MSE    : 0.095795001
Worst MSE      : 0.106895779
Previous best  : 0.105614490 @ step 0
NEW BEST       : NO
------------------------------------------


------------------------------------------
OOD-VALIDATION MODEL SELECTION
------------------------------------------
Predictor step : 28
Stage          : after_predictor_optimizer_step
Average MSE    : 0.095736027
Worst MSE      : 0.106801070
Previous best  : 0.105614490 @ step 0
NEW BEST       : NO
------------------------------------------


------------------------------------------
GAS-DRO Outer 15/15
------------------------------------------
Reference predictor loss | mean=0.760988 | max=17.270815
Inner epoch 1 complete | JSM avg=0.364182 | mu=5.842832 | generator_lr=0.00000000
Inner epoch 2 complete | JSM avg=0.363263 | mu=5.877158 | generator_lr=0.00000000
Inner epoch 3 complete | JSM avg=0.361486 | mu=5.911307 | generator_lr=0.00000000
Inner epoch 4 complete | JSM avg=0.363038 | mu=5.945611 | generator_lr=0.00000000
Inner epoch 5 complete | JSM avg=0.363369 | mu=5.979947 | generator_lr=0.00000000
Inner epoch 6 complete | JSM avg=0.362613 | mu=6.014209 | generator_lr=0.00000000
Inner epoch 7 complete | JSM avg=0.363299 | mu=6.048539 | generator_lr=0.00000000
Inner epoch 8 complete | JSM avg=0.364534 | mu=6.082992 | generator_lr=0.00000000
Inner epoch 9 complete | JSM avg=0.365642 | mu=6.117556 | generator_lr=0.00000000
Inner epoch 10 complete | JSM avg=0.361609 | mu=6.151717 | generator_lr=0.00000000

S_theta before predictor update:
  Samples  = 64
  Mean MSE = 0.835788
  Max MSE  = 3.220047

Updating predictor on S_theta...

------------------------------------------
OOD-VALIDATION MODEL SELECTION
------------------------------------------
Predictor step : 29
Stage          : after_predictor_optimizer_step
Average MSE    : 0.095805029
Worst MSE      : 0.106887718
Previous best  : 0.105614490 @ step 0
NEW BEST       : NO
------------------------------------------


------------------------------------------
OOD-VALIDATION MODEL SELECTION
------------------------------------------
Predictor step : 30
Stage          : after_predictor_optimizer_step
Average MSE    : 0.095878048
Worst MSE      : 0.106977310
Previous best  : 0.105614490 @ step 0
NEW BEST       : NO
------------------------------------------


==========================================
VECTOR GAS-DRO TRAINING COMPLETE
==========================================

/workspace/DRO_EXPERIMENT/experiments/run_gas_dro_tunable.py:649: FutureWarning: You are using `torch.load` with `weights_only=False` (the current default value), which uses the default pickle module implicitly. It is possible to construct malicious pickle data which will execute arbitrary code during unpickling (See https://github.com/pytorch/pytorch/blob/main/SECURITY.md#untrusted-models for more details). In a future release, the default value for `weights_only` will be flipped to `True`. This limits the functions that could be executed during unpickling. Arbitrary objects will no longer be allowed to be loaded via this mode unless they are explicitly allowlisted by the user via `torch.serialization.add_safe_globals`. We recommend you start setting `weights_only=True` for any use case where you don't have full control of the loaded file. Please open an issue on GitHub for any issues related to this experimental feature.
  selected_checkpoint = torch.load(

==========================================
GAS-DRO CANDIDATE COMPLETE
==========================================
Total predictor steps : 30
Selected step         : 0
Selected stage        : erm_initialization_step0
Best Worst OOD-Val    : 0.105614490
Best Average OOD-Val  : 0.095169403
Best checkpoint       : /workspace/DRO_EXPERIMENT/checkpoints/oodval_candidates/gas_dro/budget_0p020/gas_dro_seed4_best_oodval.pt
Final/selected ckpt   : /workspace/DRO_EXPERIMENT/checkpoints/oodval_candidates/gas_dro/budget_0p020/gas_dro_seed4_final.pt
Result                : /workspace/DRO_EXPERIMENT/results/oodval_candidates/gas_dro/budget_0p020_seed4.json
OOD test              : NOT USED
==========================================

==========================================
END_TIME=2026-09-22T18:15:25+00:00
EXIT_CODE=0
ELAPSED_SECONDS=3430
ELAPSED=00:57:10
==========================================
