==========================================
START_TIME=2026-09-22T15:00:17+00:00
GPU=0
SEED=0
BUDGET=0.015
RUN_TAG=budget_0p015
==========================================
/workspace/DRO_EXPERIMENT/experiments/run_gas_dro_tunable.py:91: FutureWarning: You are using `torch.load` with `weights_only=False` (the current default value), which uses the default pickle module implicitly. It is possible to construct malicious pickle data which will execute arbitrary code during unpickling (See https://github.com/pytorch/pytorch/blob/main/SECURITY.md#untrusted-models for more details). In a future release, the default value for `weights_only` will be flipped to `True`. This limits the functions that could be executed during unpickling. Arbitrary objects will no longer be allowed to be loaded via this mode unless they are explicitly allowlisted by the user via `torch.serialization.add_safe_globals`. We recommend you start setting `weights_only=True` for any use case where you don't have full control of the loaded file. Please open an issue on GitHub for any issues related to this experimental feature.
  checkpoint = torch.load(path, map_location=device)

==========================================
GAS-DRO OOD-VAL CANDIDATE TRAINING
==========================================
Seed                 : 0
Run tag              : budget_0p015
Train samples        : 10000
ERM checkpoint       : /workspace/DRO_EXPERIMENT/checkpoints/final_oodval/erm_seed0_best.pt
ERM seed             : 0
OOD-Val environments : 15
GAS-DRO batch size   : 64 (official setting)
Step 0               : seed-matched ERM initialization
Selection            : min Worst OOD-Val MSE
Evaluation timing    : after EVERY predictor optimizer.step()
Normalization        : ERM TRAIN-only stats
OOD-Val gradients    : NEVER
OOD test             : NOT loaded
==========================================


==========================================
Official-Style Vector Diffusion Training
==========================================
Original samples   : 10000
Expanded samples   : 448000
DataLoader batches : 7000
Shuffle            : False
Drop last          : True
Dimensions         : 5
Timesteps          : 500
Batch size         : 64
Total iterations   : 7000
Learning rate      : 0.0001
Gradient clipping  : None
Device             : cuda
==========================================

Iteration 00001/7000 | Loss: 1.002085 | Recent avg: 1.002085
Iteration 00100/7000 | Loss: 0.911186 | Recent avg: 0.960896
Iteration 00200/7000 | Loss: 0.546238 | Recent avg: 0.778903
Iteration 00300/7000 | Loss: 0.025532 | Recent avg: 0.196769
Iteration 00400/7000 | Loss: 0.034260 | Recent avg: 0.029995
Iteration 00500/7000 | Loss: 0.015395 | Recent avg: 0.021656
Iteration 00600/7000 | Loss: 0.062799 | Recent avg: 0.021391
Iteration 00700/7000 | Loss: 0.011228 | Recent avg: 0.019795
Iteration 00800/7000 | Loss: 0.024349 | Recent avg: 0.017606
Iteration 00900/7000 | Loss: 0.019106 | Recent avg: 0.018137
Iteration 01000/7000 | Loss: 0.005550 | Recent avg: 0.017292
Iteration 01100/7000 | Loss: 0.023763 | Recent avg: 0.019811
Iteration 01200/7000 | Loss: 0.013613 | Recent avg: 0.019590
Iteration 01300/7000 | Loss: 0.010764 | Recent avg: 0.017231
Iteration 01400/7000 | Loss: 0.023986 | Recent avg: 0.017269
Iteration 01500/7000 | Loss: 0.019635 | Recent avg: 0.017590
Iteration 01600/7000 | Loss: 0.043530 | Recent avg: 0.018682
Iteration 01700/7000 | Loss: 0.007378 | Recent avg: 0.017826
Iteration 01800/7000 | Loss: 0.004431 | Recent avg: 0.016037
Iteration 01900/7000 | Loss: 0.009857 | Recent avg: 0.018870
Iteration 02000/7000 | Loss: 0.050890 | Recent avg: 0.015652
Iteration 02100/7000 | Loss: 0.025541 | Recent avg: 0.016783
Iteration 02200/7000 | Loss: 0.009579 | Recent avg: 0.018045
Iteration 02300/7000 | Loss: 0.058030 | Recent avg: 0.016482
Iteration 02400/7000 | Loss: 0.050497 | Recent avg: 0.014564
Iteration 02500/7000 | Loss: 0.018465 | Recent avg: 0.016624
Iteration 02600/7000 | Loss: 0.014778 | Recent avg: 0.014427
Iteration 02700/7000 | Loss: 0.015881 | Recent avg: 0.015824
Iteration 02800/7000 | Loss: 0.033300 | Recent avg: 0.015841
Iteration 02900/7000 | Loss: 0.021752 | Recent avg: 0.016159
Iteration 03000/7000 | Loss: 0.004345 | Recent avg: 0.014814
Iteration 03100/7000 | Loss: 0.006954 | Recent avg: 0.016806
Iteration 03200/7000 | Loss: 0.008642 | Recent avg: 0.015140
Iteration 03300/7000 | Loss: 0.013990 | Recent avg: 0.018224
Iteration 03400/7000 | Loss: 0.010065 | Recent avg: 0.018235
Iteration 03500/7000 | Loss: 0.024165 | Recent avg: 0.015027
Iteration 03600/7000 | Loss: 0.012733 | Recent avg: 0.015060
Iteration 03700/7000 | Loss: 0.007484 | Recent avg: 0.016701
Iteration 03800/7000 | Loss: 0.002461 | Recent avg: 0.015189
Iteration 03900/7000 | Loss: 0.007943 | Recent avg: 0.015136
Iteration 04000/7000 | Loss: 0.021365 | Recent avg: 0.016818
Iteration 04100/7000 | Loss: 0.007870 | Recent avg: 0.012786
Iteration 04200/7000 | Loss: 0.005965 | Recent avg: 0.014612
Iteration 04300/7000 | Loss: 0.003682 | Recent avg: 0.014149
Iteration 04400/7000 | Loss: 0.004085 | Recent avg: 0.017155
Iteration 04500/7000 | Loss: 0.004048 | Recent avg: 0.016849
Iteration 04600/7000 | Loss: 0.015496 | Recent avg: 0.014062
Iteration 04700/7000 | Loss: 0.017653 | Recent avg: 0.014947
Iteration 04800/7000 | Loss: 0.014808 | Recent avg: 0.016588
Iteration 04900/7000 | Loss: 0.010072 | Recent avg: 0.016968
Iteration 05000/7000 | Loss: 0.012041 | Recent avg: 0.015591
Iteration 05100/7000 | Loss: 0.033806 | Recent avg: 0.014940
Iteration 05200/7000 | Loss: 0.005103 | Recent avg: 0.014626
Iteration 05300/7000 | Loss: 0.011434 | Recent avg: 0.014363
Iteration 05400/7000 | Loss: 0.015157 | Recent avg: 0.014031
Iteration 05500/7000 | Loss: 0.041799 | Recent avg: 0.014446
Iteration 05600/7000 | Loss: 0.002406 | Recent avg: 0.012937
Iteration 05700/7000 | Loss: 0.005686 | Recent avg: 0.016440
Iteration 05800/7000 | Loss: 0.007397 | Recent avg: 0.013952
Iteration 05900/7000 | Loss: 0.020772 | Recent avg: 0.016699
Iteration 06000/7000 | Loss: 0.001062 | Recent avg: 0.015921
Iteration 06100/7000 | Loss: 0.006697 | Recent avg: 0.014871
Iteration 06200/7000 | Loss: 0.029337 | Recent avg: 0.013921
Iteration 06300/7000 | Loss: 0.006491 | Recent avg: 0.016167
Iteration 06400/7000 | Loss: 0.006263 | Recent avg: 0.014397
Iteration 06500/7000 | Loss: 0.065619 | Recent avg: 0.015492
Iteration 06600/7000 | Loss: 0.016251 | Recent avg: 0.015192
Iteration 06700/7000 | Loss: 0.006898 | Recent avg: 0.014471
Iteration 06800/7000 | Loss: 0.036202 | Recent avg: 0.013456
Iteration 06900/7000 | Loss: 0.044081 | Recent avg: 0.014127
Iteration 07000/7000 | Loss: 0.002516 | Recent avg: 0.014410

Official-Style Vector Diffusion Training Complete.

------------------------------------------
OOD-VALIDATION MODEL SELECTION
------------------------------------------
Predictor step : 0
Stage          : erm_initialization_step0
Average MSE    : 0.095257644
Worst MSE      : 0.102813130
Previous best  : inf
NEW BEST       : YES
Saved          : /workspace/DRO_EXPERIMENT/checkpoints/oodval_candidates/gas_dro/budget_0p015/gas_dro_seed0_best_oodval.pt
------------------------------------------


Generating fixed nominal reference trajectory...
Official-style s0 iterations : 628 (ceil(10000/64) * BATCH_REPEAT 4)
Reference samples    : torch.Size([40192, 5])
Reference trajectory : torch.Size([40192, 15, 5])
a0                   : torch.Size([40192, 15])

==========================================
VECTOR GAS-DRO TRAINING
==========================================
Outer epochs           : 15
Generator inner epochs : 10
s0 iterations / inner  : 628
BATCH_REPEAT           : 4
Predictor inner epochs : 2
Batch size             : 64
Selected timesteps     : [0, 1, 2, 3, 4, 5, 6, 7, 8, 9, 10, 11, 12, 13, 14]
Initial mu             : 1.000000
Budget                 : 0.015000
Generator LR           : 1e-05
Gradient clipping      : None
==========================================


------------------------------------------
GAS-DRO Outer 1/15
------------------------------------------
Reference predictor loss | mean=0.772287 | max=16.813690
Inner epoch 1 complete | JSM avg=0.375714 | mu=1.036071 | generator_lr=0.00001000
Inner epoch 2 complete | JSM avg=0.379085 | mu=1.072480 | generator_lr=0.00000050
Inner epoch 3 complete | JSM avg=0.379054 | mu=1.108885 | generator_lr=0.00000050
Inner epoch 4 complete | JSM avg=0.377051 | mu=1.145090 | generator_lr=0.00000003
Inner epoch 5 complete | JSM avg=0.380980 | mu=1.181688 | generator_lr=0.00000003
Inner epoch 6 complete | JSM avg=0.375420 | mu=1.217730 | generator_lr=0.00000000
Inner epoch 7 complete | JSM avg=0.377502 | mu=1.253980 | generator_lr=0.00000000
Inner epoch 8 complete | JSM avg=0.378566 | mu=1.290337 | generator_lr=0.00000000
Inner epoch 9 complete | JSM avg=0.380976 | mu=1.326935 | generator_lr=0.00000000
Inner epoch 10 complete | JSM avg=0.377158 | mu=1.363151 | generator_lr=0.00000000

S_theta before predictor update:
  Samples  = 64
  Mean MSE = 0.670447
  Max MSE  = 3.791445

Updating predictor on S_theta...

------------------------------------------
OOD-VALIDATION MODEL SELECTION
------------------------------------------
Predictor step : 1
Stage          : after_predictor_optimizer_step
Average MSE    : 0.095277056
Worst MSE      : 0.102728697
Previous best  : 0.102813130 @ step 0
NEW BEST       : YES
Saved          : /workspace/DRO_EXPERIMENT/checkpoints/oodval_candidates/gas_dro/budget_0p015/gas_dro_seed0_best_oodval.pt
------------------------------------------


------------------------------------------
OOD-VALIDATION MODEL SELECTION
------------------------------------------
Predictor step : 2
Stage          : after_predictor_optimizer_step
Average MSE    : 0.095301869
Worst MSE      : 0.102659229
Previous best  : 0.102728697 @ step 1
NEW BEST       : YES
Saved          : /workspace/DRO_EXPERIMENT/checkpoints/oodval_candidates/gas_dro/budget_0p015/gas_dro_seed0_best_oodval.pt
------------------------------------------


------------------------------------------
GAS-DRO Outer 2/15
------------------------------------------
Reference predictor loss | mean=0.771754 | max=16.822149
Inner epoch 1 complete | JSM avg=0.378888 | mu=1.399539 | generator_lr=0.00000000
Inner epoch 2 complete | JSM avg=0.377958 | mu=1.435835 | generator_lr=0.00000000
Inner epoch 3 complete | JSM avg=0.380636 | mu=1.472399 | generator_lr=0.00000000
Inner epoch 4 complete | JSM avg=0.378342 | mu=1.508733 | generator_lr=0.00000000
Inner epoch 5 complete | JSM avg=0.377508 | mu=1.544984 | generator_lr=0.00000000
Inner epoch 6 complete | JSM avg=0.379340 | mu=1.581418 | generator_lr=0.00000000
Inner epoch 7 complete | JSM avg=0.379695 | mu=1.617887 | generator_lr=0.00000000
Inner epoch 8 complete | JSM avg=0.378908 | mu=1.654278 | generator_lr=0.00000000
Inner epoch 9 complete | JSM avg=0.375782 | mu=1.690356 | generator_lr=0.00000000
Inner epoch 10 complete | JSM avg=0.378706 | mu=1.726727 | generator_lr=0.00000000

S_theta before predictor update:
  Samples  = 64
  Mean MSE = 0.787500
  Max MSE  = 6.172679

Updating predictor on S_theta...

------------------------------------------
OOD-VALIDATION MODEL SELECTION
------------------------------------------
Predictor step : 3
Stage          : after_predictor_optimizer_step
Average MSE    : 0.095305133
Worst MSE      : 0.102624452
Previous best  : 0.102659229 @ step 2
NEW BEST       : YES
Saved          : /workspace/DRO_EXPERIMENT/checkpoints/oodval_candidates/gas_dro/budget_0p015/gas_dro_seed0_best_oodval.pt
------------------------------------------


------------------------------------------
OOD-VALIDATION MODEL SELECTION
------------------------------------------
Predictor step : 4
Stage          : after_predictor_optimizer_step
Average MSE    : 0.095312475
Worst MSE      : 0.102642360
Previous best  : 0.102624452 @ step 3
NEW BEST       : NO
------------------------------------------


------------------------------------------
GAS-DRO Outer 3/15
------------------------------------------
Reference predictor loss | mean=0.771107 | max=16.822405
Inner epoch 1 complete | JSM avg=0.380453 | mu=1.763272 | generator_lr=0.00000000
Inner epoch 2 complete | JSM avg=0.377100 | mu=1.799482 | generator_lr=0.00000000
Inner epoch 3 complete | JSM avg=0.376299 | mu=1.835612 | generator_lr=0.00000000
Inner epoch 4 complete | JSM avg=0.381902 | mu=1.872302 | generator_lr=0.00000000
Inner epoch 5 complete | JSM avg=0.380101 | mu=1.908812 | generator_lr=0.00000000
Inner epoch 6 complete | JSM avg=0.377853 | mu=1.945097 | generator_lr=0.00000000
Inner epoch 7 complete | JSM avg=0.376556 | mu=1.981253 | generator_lr=0.00000000
Inner epoch 8 complete | JSM avg=0.377095 | mu=2.017462 | generator_lr=0.00000000
Inner epoch 9 complete | JSM avg=0.378288 | mu=2.053791 | generator_lr=0.00000000
Inner epoch 10 complete | JSM avg=0.382081 | mu=2.090499 | generator_lr=0.00000000

S_theta before predictor update:
  Samples  = 64
  Mean MSE = 1.042478
  Max MSE  = 6.503388

Updating predictor on S_theta...

------------------------------------------
OOD-VALIDATION MODEL SELECTION
------------------------------------------
Predictor step : 5
Stage          : after_predictor_optimizer_step
Average MSE    : 0.095343445
Worst MSE      : 0.102684647
Previous best  : 0.102624452 @ step 3
NEW BEST       : NO
------------------------------------------


------------------------------------------
OOD-VALIDATION MODEL SELECTION
------------------------------------------
Predictor step : 6
Stage          : after_predictor_optimizer_step
Average MSE    : 0.095379590
Worst MSE      : 0.102731647
Previous best  : 0.102624452 @ step 3
NEW BEST       : NO
------------------------------------------


------------------------------------------
GAS-DRO Outer 4/15
------------------------------------------
Reference predictor loss | mean=0.770528 | max=16.831968
Inner epoch 1 complete | JSM avg=0.381585 | mu=2.127158 | generator_lr=0.00000000
Inner epoch 2 complete | JSM avg=0.380301 | mu=2.163688 | generator_lr=0.00000000
Inner epoch 3 complete | JSM avg=0.377337 | mu=2.199922 | generator_lr=0.00000000
Inner epoch 4 complete | JSM avg=0.377919 | mu=2.236214 | generator_lr=0.00000000
Inner epoch 5 complete | JSM avg=0.379357 | mu=2.272649 | generator_lr=0.00000000
Inner epoch 6 complete | JSM avg=0.378821 | mu=2.309031 | generator_lr=0.00000000
Inner epoch 7 complete | JSM avg=0.377939 | mu=2.345325 | generator_lr=0.00000000
Inner epoch 8 complete | JSM avg=0.379058 | mu=2.381731 | generator_lr=0.00000000
Inner epoch 9 complete | JSM avg=0.377655 | mu=2.417997 | generator_lr=0.00000000
Inner epoch 10 complete | JSM avg=0.377620 | mu=2.454259 | generator_lr=0.00000000

S_theta before predictor update:
  Samples  = 64
  Mean MSE = 0.742307
  Max MSE  = 4.703778

Updating predictor on S_theta...

------------------------------------------
OOD-VALIDATION MODEL SELECTION
------------------------------------------
Predictor step : 7
Stage          : after_predictor_optimizer_step
Average MSE    : 0.095398480
Worst MSE      : 0.102772269
Previous best  : 0.102624452 @ step 3
NEW BEST       : NO
------------------------------------------


------------------------------------------
OOD-VALIDATION MODEL SELECTION
------------------------------------------
Predictor step : 8
Stage          : after_predictor_optimizer_step
Average MSE    : 0.095421088
Worst MSE      : 0.102816061
Previous best  : 0.102624452 @ step 3
NEW BEST       : NO
------------------------------------------


------------------------------------------
GAS-DRO Outer 5/15
------------------------------------------
Reference predictor loss | mean=0.769965 | max=16.830564
Inner epoch 1 complete | JSM avg=0.374369 | mu=2.490195 | generator_lr=0.00000000
Inner epoch 2 complete | JSM avg=0.380142 | mu=2.526710 | generator_lr=0.00000000
Inner epoch 3 complete | JSM avg=0.378703 | mu=2.563080 | generator_lr=0.00000000
Inner epoch 4 complete | JSM avg=0.377580 | mu=2.599338 | generator_lr=0.00000000
Inner epoch 5 complete | JSM avg=0.380065 | mu=2.635845 | generator_lr=0.00000000
Inner epoch 6 complete | JSM avg=0.377000 | mu=2.672045 | generator_lr=0.00000000
Inner epoch 7 complete | JSM avg=0.378057 | mu=2.708350 | generator_lr=0.00000000
Inner epoch 8 complete | JSM avg=0.381062 | mu=2.744956 | generator_lr=0.00000000
Inner epoch 9 complete | JSM avg=0.379436 | mu=2.781400 | generator_lr=0.00000000
Inner epoch 10 complete | JSM avg=0.380182 | mu=2.817918 | generator_lr=0.00000000

S_theta before predictor update:
  Samples  = 64
  Mean MSE = 1.242082
  Max MSE  = 5.192937

Updating predictor on S_theta...

------------------------------------------
OOD-VALIDATION MODEL SELECTION
------------------------------------------
Predictor step : 9
Stage          : after_predictor_optimizer_step
Average MSE    : 0.095443975
Worst MSE      : 0.102822563
Previous best  : 0.102624452 @ step 3
NEW BEST       : NO
------------------------------------------


------------------------------------------
OOD-VALIDATION MODEL SELECTION
------------------------------------------
Predictor step : 10
Stage          : after_predictor_optimizer_step
Average MSE    : 0.095469889
Worst MSE      : 0.102830086
Previous best  : 0.102624452 @ step 3
NEW BEST       : NO
------------------------------------------


------------------------------------------
GAS-DRO Outer 6/15
------------------------------------------
Reference predictor loss | mean=0.769715 | max=16.835056
Inner epoch 1 complete | JSM avg=0.378825 | mu=2.854301 | generator_lr=0.00000000
Inner epoch 2 complete | JSM avg=0.374695 | mu=2.890270 | generator_lr=0.00000000
Inner epoch 3 complete | JSM avg=0.379044 | mu=2.926675 | generator_lr=0.00000000
Inner epoch 4 complete | JSM avg=0.378156 | mu=2.962990 | generator_lr=0.00000000
Inner epoch 5 complete | JSM avg=0.374212 | mu=2.998911 | generator_lr=0.00000000
Inner epoch 6 complete | JSM avg=0.378778 | mu=3.035289 | generator_lr=0.00000000
Inner epoch 7 complete | JSM avg=0.378020 | mu=3.071591 | generator_lr=0.00000000
Inner epoch 8 complete | JSM avg=0.375763 | mu=3.107668 | generator_lr=0.00000000
Inner epoch 9 complete | JSM avg=0.378069 | mu=3.143974 | generator_lr=0.00000000
Inner epoch 10 complete | JSM avg=0.376525 | mu=3.180127 | generator_lr=0.00000000

S_theta before predictor update:
  Samples  = 64
  Mean MSE = 0.723788
  Max MSE  = 3.442801

Updating predictor on S_theta...

------------------------------------------
OOD-VALIDATION MODEL SELECTION
------------------------------------------
Predictor step : 11
Stage          : after_predictor_optimizer_step
Average MSE    : 0.095500905
Worst MSE      : 0.102855118
Previous best  : 0.102624452 @ step 3
NEW BEST       : NO
------------------------------------------


------------------------------------------
OOD-VALIDATION MODEL SELECTION
------------------------------------------
Predictor step : 12
Stage          : after_predictor_optimizer_step
Average MSE    : 0.095534960
Worst MSE      : 0.102882094
Previous best  : 0.102624452 @ step 3
NEW BEST       : NO
------------------------------------------


------------------------------------------
GAS-DRO Outer 7/15
------------------------------------------
Reference predictor loss | mean=0.769105 | max=16.842045
Inner epoch 1 complete | JSM avg=0.375746 | mu=3.216202 | generator_lr=0.00000000
Inner epoch 2 complete | JSM avg=0.377589 | mu=3.252460 | generator_lr=0.00000000
Inner epoch 3 complete | JSM avg=0.378257 | mu=3.288786 | generator_lr=0.00000000
Inner epoch 4 complete | JSM avg=0.377775 | mu=3.325064 | generator_lr=0.00000000
Inner epoch 5 complete | JSM avg=0.380089 | mu=3.361573 | generator_lr=0.00000000
Inner epoch 6 complete | JSM avg=0.380857 | mu=3.398158 | generator_lr=0.00000000
Inner epoch 7 complete | JSM avg=0.378731 | mu=3.434531 | generator_lr=0.00000000
Inner epoch 8 complete | JSM avg=0.378352 | mu=3.470867 | generator_lr=0.00000000
Inner epoch 9 complete | JSM avg=0.375452 | mu=3.506912 | generator_lr=0.00000000
Inner epoch 10 complete | JSM avg=0.378632 | mu=3.543275 | generator_lr=0.00000000

S_theta before predictor update:
  Samples  = 64
  Mean MSE = 0.958165
  Max MSE  = 6.878394

Updating predictor on S_theta...

------------------------------------------
OOD-VALIDATION MODEL SELECTION
------------------------------------------
Predictor step : 13
Stage          : after_predictor_optimizer_step
Average MSE    : 0.095559703
Worst MSE      : 0.102907446
Previous best  : 0.102624452 @ step 3
NEW BEST       : NO
------------------------------------------


------------------------------------------
OOD-VALIDATION MODEL SELECTION
------------------------------------------
Predictor step : 14
Stage          : after_predictor_optimizer_step
Average MSE    : 0.095586088
Worst MSE      : 0.102933934
Previous best  : 0.102624452 @ step 3
NEW BEST       : NO
------------------------------------------


------------------------------------------
GAS-DRO Outer 8/15
------------------------------------------
Reference predictor loss | mean=0.768647 | max=16.836924
Inner epoch 1 complete | JSM avg=0.377233 | mu=3.579498 | generator_lr=0.00000000
Inner epoch 2 complete | JSM avg=0.379075 | mu=3.615906 | generator_lr=0.00000000
Inner epoch 3 complete | JSM avg=0.381828 | mu=3.652589 | generator_lr=0.00000000
Inner epoch 4 complete | JSM avg=0.378334 | mu=3.688922 | generator_lr=0.00000000
Inner epoch 5 complete | JSM avg=0.378232 | mu=3.725245 | generator_lr=0.00000000
Inner epoch 6 complete | JSM avg=0.377990 | mu=3.761544 | generator_lr=0.00000000
Inner epoch 7 complete | JSM avg=0.378562 | mu=3.797900 | generator_lr=0.00000000
Inner epoch 8 complete | JSM avg=0.378738 | mu=3.834274 | generator_lr=0.00000000
Inner epoch 9 complete | JSM avg=0.381191 | mu=3.870893 | generator_lr=0.00000000
Inner epoch 10 complete | JSM avg=0.377304 | mu=3.907124 | generator_lr=0.00000000

S_theta before predictor update:
  Samples  = 64
  Mean MSE = 0.575926
  Max MSE  = 5.153335

Updating predictor on S_theta...

------------------------------------------
OOD-VALIDATION MODEL SELECTION
------------------------------------------
Predictor step : 15
Stage          : after_predictor_optimizer_step
Average MSE    : 0.095639824
Worst MSE      : 0.102972366
Previous best  : 0.102624452 @ step 3
NEW BEST       : NO
------------------------------------------


------------------------------------------
OOD-VALIDATION MODEL SELECTION
------------------------------------------
Predictor step : 16
Stage          : after_predictor_optimizer_step
Average MSE    : 0.095697844
Worst MSE      : 0.103013086
Previous best  : 0.102624452 @ step 3
NEW BEST       : NO
------------------------------------------


------------------------------------------
GAS-DRO Outer 9/15
------------------------------------------
Reference predictor loss | mean=0.768357 | max=16.846758
Inner epoch 1 complete | JSM avg=0.376875 | mu=3.943311 | generator_lr=0.00000000
Inner epoch 2 complete | JSM avg=0.379982 | mu=3.979809 | generator_lr=0.00000000
Inner epoch 3 complete | JSM avg=0.379074 | mu=4.016217 | generator_lr=0.00000000
Inner epoch 4 complete | JSM avg=0.379156 | mu=4.052632 | generator_lr=0.00000000
Inner epoch 5 complete | JSM avg=0.379673 | mu=4.089100 | generator_lr=0.00000000
Inner epoch 6 complete | JSM avg=0.379907 | mu=4.125590 | generator_lr=0.00000000
Inner epoch 7 complete | JSM avg=0.376640 | mu=4.161754 | generator_lr=0.00000000
Inner epoch 8 complete | JSM avg=0.378570 | mu=4.198111 | generator_lr=0.00000000
Inner epoch 9 complete | JSM avg=0.380520 | mu=4.234664 | generator_lr=0.00000000
Inner epoch 10 complete | JSM avg=0.379424 | mu=4.271106 | generator_lr=0.00000000

S_theta before predictor update:
  Samples  = 64
  Mean MSE = 1.118028
  Max MSE  = 5.984582

Updating predictor on S_theta...

------------------------------------------
OOD-VALIDATION MODEL SELECTION
------------------------------------------
Predictor step : 17
Stage          : after_predictor_optimizer_step
Average MSE    : 0.095747955
Worst MSE      : 0.103059637
Previous best  : 0.102624452 @ step 3
NEW BEST       : NO
------------------------------------------


------------------------------------------
OOD-VALIDATION MODEL SELECTION
------------------------------------------
Predictor step : 18
Stage          : after_predictor_optimizer_step
Average MSE    : 0.095801409
Worst MSE      : 0.103108658
Previous best  : 0.102624452 @ step 3
NEW BEST       : NO
------------------------------------------


------------------------------------------
GAS-DRO Outer 10/15
------------------------------------------
Reference predictor loss | mean=0.767732 | max=16.848654
Inner epoch 1 complete | JSM avg=0.377996 | mu=4.307405 | generator_lr=0.00000000
Inner epoch 2 complete | JSM avg=0.378852 | mu=4.343791 | generator_lr=0.00000000
Inner epoch 3 complete | JSM avg=0.378278 | mu=4.380119 | generator_lr=0.00000000
Inner epoch 4 complete | JSM avg=0.380724 | mu=4.416691 | generator_lr=0.00000000
Inner epoch 5 complete | JSM avg=0.378686 | mu=4.453059 | generator_lr=0.00000000
Inner epoch 6 complete | JSM avg=0.374638 | mu=4.489023 | generator_lr=0.00000000
Inner epoch 7 complete | JSM avg=0.375179 | mu=4.525041 | generator_lr=0.00000000
Inner epoch 8 complete | JSM avg=0.378232 | mu=4.561364 | generator_lr=0.00000000
Inner epoch 9 complete | JSM avg=0.378209 | mu=4.597685 | generator_lr=0.00000000
Inner epoch 10 complete | JSM avg=0.379705 | mu=4.634156 | generator_lr=0.00000000

S_theta before predictor update:
  Samples  = 64
  Mean MSE = 1.026420
  Max MSE  = 7.766317

Updating predictor on S_theta...

------------------------------------------
OOD-VALIDATION MODEL SELECTION
------------------------------------------
Predictor step : 19
Stage          : after_predictor_optimizer_step
Average MSE    : 0.095867900
Worst MSE      : 0.103242908
Previous best  : 0.102624452 @ step 3
NEW BEST       : NO
------------------------------------------


------------------------------------------
OOD-VALIDATION MODEL SELECTION
------------------------------------------
Predictor step : 20
Stage          : after_predictor_optimizer_step
Average MSE    : 0.095938132
Worst MSE      : 0.103409135
Previous best  : 0.102624452 @ step 3
NEW BEST       : NO
------------------------------------------


------------------------------------------
GAS-DRO Outer 11/15
------------------------------------------
Reference predictor loss | mean=0.767124 | max=16.853233
Inner epoch 1 complete | JSM avg=0.378751 | mu=4.670531 | generator_lr=0.00000000
Inner epoch 2 complete | JSM avg=0.377577 | mu=4.706789 | generator_lr=0.00000000
Inner epoch 3 complete | JSM avg=0.375557 | mu=4.742844 | generator_lr=0.00000000
Inner epoch 4 complete | JSM avg=0.376886 | mu=4.779033 | generator_lr=0.00000000
Inner epoch 5 complete | JSM avg=0.378279 | mu=4.815361 | generator_lr=0.00000000
Inner epoch 6 complete | JSM avg=0.375659 | mu=4.851427 | generator_lr=0.00000000
Inner epoch 7 complete | JSM avg=0.379773 | mu=4.887904 | generator_lr=0.00000000
Inner epoch 8 complete | JSM avg=0.382100 | mu=4.924614 | generator_lr=0.00000000
Inner epoch 9 complete | JSM avg=0.377127 | mu=4.960827 | generator_lr=0.00000000
Inner epoch 10 complete | JSM avg=0.376576 | mu=4.996984 | generator_lr=0.00000000

S_theta before predictor update:
  Samples  = 64
  Mean MSE = 0.866176
  Max MSE  = 6.826782

Updating predictor on S_theta...

------------------------------------------
OOD-VALIDATION MODEL SELECTION
------------------------------------------
Predictor step : 21
Stage          : after_predictor_optimizer_step
Average MSE    : 0.096006228
Worst MSE      : 0.103597020
Previous best  : 0.102624452 @ step 3
NEW BEST       : NO
------------------------------------------


------------------------------------------
OOD-VALIDATION MODEL SELECTION
------------------------------------------
Predictor step : 22
Stage          : after_predictor_optimizer_step
Average MSE    : 0.096078250
Worst MSE      : 0.103801889
Previous best  : 0.102624452 @ step 3
NEW BEST       : NO
------------------------------------------


------------------------------------------
GAS-DRO Outer 12/15
------------------------------------------
Reference predictor loss | mean=0.766562 | max=16.860437
Inner epoch 1 complete | JSM avg=0.377443 | mu=5.033229 | generator_lr=0.00000000
Inner epoch 2 complete | JSM avg=0.378305 | mu=5.069559 | generator_lr=0.00000000
Inner epoch 3 complete | JSM avg=0.380976 | mu=5.106157 | generator_lr=0.00000000
Inner epoch 4 complete | JSM avg=0.378547 | mu=5.142512 | generator_lr=0.00000000
Inner epoch 5 complete | JSM avg=0.377859 | mu=5.178797 | generator_lr=0.00000000
Inner epoch 6 complete | JSM avg=0.375284 | mu=5.214826 | generator_lr=0.00000000
Inner epoch 7 complete | JSM avg=0.378474 | mu=5.251173 | generator_lr=0.00000000
Inner epoch 8 complete | JSM avg=0.377919 | mu=5.287465 | generator_lr=0.00000000
Inner epoch 9 complete | JSM avg=0.381320 | mu=5.324097 | generator_lr=0.00000000
Inner epoch 10 complete | JSM avg=0.378330 | mu=5.360430 | generator_lr=0.00000000

S_theta before predictor update:
  Samples  = 64
  Mean MSE = 0.938639
  Max MSE  = 6.087576

Updating predictor on S_theta...

------------------------------------------
OOD-VALIDATION MODEL SELECTION
------------------------------------------
Predictor step : 23
Stage          : after_predictor_optimizer_step
Average MSE    : 0.096140334
Worst MSE      : 0.104015686
Previous best  : 0.102624452 @ step 3
NEW BEST       : NO
------------------------------------------


------------------------------------------
OOD-VALIDATION MODEL SELECTION
------------------------------------------
Predictor step : 24
Stage          : after_predictor_optimizer_step
Average MSE    : 0.096206670
Worst MSE      : 0.104245358
Previous best  : 0.102624452 @ step 3
NEW BEST       : NO
------------------------------------------


------------------------------------------
GAS-DRO Outer 13/15
------------------------------------------
Reference predictor loss | mean=0.766022 | max=16.861984
Inner epoch 1 complete | JSM avg=0.378101 | mu=5.396740 | generator_lr=0.00000000
Inner epoch 2 complete | JSM avg=0.378139 | mu=5.433054 | generator_lr=0.00000000
Inner epoch 3 complete | JSM avg=0.382175 | mu=5.469772 | generator_lr=0.00000000
Inner epoch 4 complete | JSM avg=0.379677 | mu=5.506239 | generator_lr=0.00000000
Inner epoch 5 complete | JSM avg=0.378670 | mu=5.542606 | generator_lr=0.00000000
Inner epoch 6 complete | JSM avg=0.377904 | mu=5.578897 | generator_lr=0.00000000
Inner epoch 7 complete | JSM avg=0.381968 | mu=5.615593 | generator_lr=0.00000000
Inner epoch 8 complete | JSM avg=0.375708 | mu=5.651664 | generator_lr=0.00000000
Inner epoch 9 complete | JSM avg=0.377274 | mu=5.687892 | generator_lr=0.00000000
Inner epoch 10 complete | JSM avg=0.379034 | mu=5.724295 | generator_lr=0.00000000

S_theta before predictor update:
  Samples  = 64
  Mean MSE = 0.960047
  Max MSE  = 8.401524

Updating predictor on S_theta...

------------------------------------------
OOD-VALIDATION MODEL SELECTION
------------------------------------------
Predictor step : 25
Stage          : after_predictor_optimizer_step
Average MSE    : 0.096277118
Worst MSE      : 0.104461157
Previous best  : 0.102624452 @ step 3
NEW BEST       : NO
------------------------------------------


------------------------------------------
OOD-VALIDATION MODEL SELECTION
------------------------------------------
Predictor step : 26
Stage          : after_predictor_optimizer_step
Average MSE    : 0.096350069
Worst MSE      : 0.104689371
Previous best  : 0.102624452 @ step 3
NEW BEST       : NO
------------------------------------------


------------------------------------------
GAS-DRO Outer 14/15
------------------------------------------
Reference predictor loss | mean=0.765457 | max=16.865595
Inner epoch 1 complete | JSM avg=0.380264 | mu=5.760821 | generator_lr=0.00000000
Inner epoch 2 complete | JSM avg=0.375298 | mu=5.796851 | generator_lr=0.00000000
Inner epoch 3 complete | JSM avg=0.378293 | mu=5.833181 | generator_lr=0.00000000
Inner epoch 4 complete | JSM avg=0.379957 | mu=5.869676 | generator_lr=0.00000000
Inner epoch 5 complete | JSM avg=0.378264 | mu=5.906003 | generator_lr=0.00000000
Inner epoch 6 complete | JSM avg=0.380463 | mu=5.942549 | generator_lr=0.00000000
Inner epoch 7 complete | JSM avg=0.379741 | mu=5.979023 | generator_lr=0.00000000
Inner epoch 8 complete | JSM avg=0.378527 | mu=6.015376 | generator_lr=0.00000000
Inner epoch 9 complete | JSM avg=0.376474 | mu=6.051523 | generator_lr=0.00000000
Inner epoch 10 complete | JSM avg=0.375210 | mu=6.087544 | generator_lr=0.00000000

S_theta before predictor update:
  Samples  = 64
  Mean MSE = 0.765225
  Max MSE  = 3.996211

Updating predictor on S_theta...

------------------------------------------
OOD-VALIDATION MODEL SELECTION
------------------------------------------
Predictor step : 27
Stage          : after_predictor_optimizer_step
Average MSE    : 0.096362882
Worst MSE      : 0.104747261
Previous best  : 0.102624452 @ step 3
NEW BEST       : NO
------------------------------------------


------------------------------------------
OOD-VALIDATION MODEL SELECTION
------------------------------------------
Predictor step : 28
Stage          : after_predictor_optimizer_step
Average MSE    : 0.096376409
Worst MSE      : 0.104806789
Previous best  : 0.102624452 @ step 3
NEW BEST       : NO
------------------------------------------


------------------------------------------
GAS-DRO Outer 15/15
------------------------------------------
Reference predictor loss | mean=0.765218 | max=16.857578
Inner epoch 1 complete | JSM avg=0.379127 | mu=6.123957 | generator_lr=0.00000000
Inner epoch 2 complete | JSM avg=0.376978 | mu=6.160155 | generator_lr=0.00000000
Inner epoch 3 complete | JSM avg=0.381875 | mu=6.196842 | generator_lr=0.00000000
Inner epoch 4 complete | JSM avg=0.378151 | mu=6.233157 | generator_lr=0.00000000
Inner epoch 5 complete | JSM avg=0.375471 | mu=6.269204 | generator_lr=0.00000000
Inner epoch 6 complete | JSM avg=0.378932 | mu=6.305597 | generator_lr=0.00000000
Inner epoch 7 complete | JSM avg=0.374933 | mu=6.341591 | generator_lr=0.00000000
Inner epoch 8 complete | JSM avg=0.379135 | mu=6.378004 | generator_lr=0.00000000
Inner epoch 9 complete | JSM avg=0.377227 | mu=6.414227 | generator_lr=0.00000000
Inner epoch 10 complete | JSM avg=0.377040 | mu=6.450431 | generator_lr=0.00000000

S_theta before predictor update:
  Samples  = 64
  Mean MSE = 0.857663
  Max MSE  = 5.266795

Updating predictor on S_theta...

------------------------------------------
OOD-VALIDATION MODEL SELECTION
------------------------------------------
Predictor step : 29
Stage          : after_predictor_optimizer_step
Average MSE    : 0.096476594
Worst MSE      : 0.105097412
Previous best  : 0.102624452 @ step 3
NEW BEST       : NO
------------------------------------------


------------------------------------------
OOD-VALIDATION MODEL SELECTION
------------------------------------------
Predictor step : 30
Stage          : after_predictor_optimizer_step
Average MSE    : 0.096581015
Worst MSE      : 0.105404790
Previous best  : 0.102624452 @ step 3
NEW BEST       : NO
------------------------------------------


==========================================
VECTOR GAS-DRO TRAINING COMPLETE
==========================================

/workspace/DRO_EXPERIMENT/experiments/run_gas_dro_tunable.py:649: FutureWarning: You are using `torch.load` with `weights_only=False` (the current default value), which uses the default pickle module implicitly. It is possible to construct malicious pickle data which will execute arbitrary code during unpickling (See https://github.com/pytorch/pytorch/blob/main/SECURITY.md#untrusted-models for more details). In a future release, the default value for `weights_only` will be flipped to `True`. This limits the functions that could be executed during unpickling. Arbitrary objects will no longer be allowed to be loaded via this mode unless they are explicitly allowlisted by the user via `torch.serialization.add_safe_globals`. We recommend you start setting `weights_only=True` for any use case where you don't have full control of the loaded file. Please open an issue on GitHub for any issues related to this experimental feature.
  selected_checkpoint = torch.load(

==========================================
GAS-DRO CANDIDATE COMPLETE
==========================================
Total predictor steps : 30
Selected step         : 3
Selected stage        : after_predictor_optimizer_step
Best Worst OOD-Val    : 0.102624452
Best Average OOD-Val  : 0.095305133
Best checkpoint       : /workspace/DRO_EXPERIMENT/checkpoints/oodval_candidates/gas_dro/budget_0p015/gas_dro_seed0_best_oodval.pt
Final/selected ckpt   : /workspace/DRO_EXPERIMENT/checkpoints/oodval_candidates/gas_dro/budget_0p015/gas_dro_seed0_final.pt
Result                : /workspace/DRO_EXPERIMENT/results/oodval_candidates/gas_dro/budget_0p015_seed0.json
OOD test              : NOT USED
==========================================

==========================================
END_TIME=2026-09-22T16:09:52+00:00
EXIT_CODE=0
ELAPSED_SECONDS=4175
ELAPSED=01:09:35
==========================================
