==========================================
START_TIME=2026-09-22T17:18:15+00:00
GPU=0
SEED=3
BUDGET=0.020
RUN_TAG=budget_0p020
==========================================
/workspace/DRO_EXPERIMENT/experiments/run_gas_dro_tunable.py:91: FutureWarning: You are using `torch.load` with `weights_only=False` (the current default value), which uses the default pickle module implicitly. It is possible to construct malicious pickle data which will execute arbitrary code during unpickling (See https://github.com/pytorch/pytorch/blob/main/SECURITY.md#untrusted-models for more details). In a future release, the default value for `weights_only` will be flipped to `True`. This limits the functions that could be executed during unpickling. Arbitrary objects will no longer be allowed to be loaded via this mode unless they are explicitly allowlisted by the user via `torch.serialization.add_safe_globals`. We recommend you start setting `weights_only=True` for any use case where you don't have full control of the loaded file. Please open an issue on GitHub for any issues related to this experimental feature.
  checkpoint = torch.load(path, map_location=device)

==========================================
GAS-DRO OOD-VAL CANDIDATE TRAINING
==========================================
Seed                 : 3
Run tag              : budget_0p020
Train samples        : 10000
ERM checkpoint       : /workspace/DRO_EXPERIMENT/checkpoints/final_oodval/erm_seed3_best.pt
ERM seed             : 3
OOD-Val environments : 15
GAS-DRO batch size   : 64 (official setting)
Step 0               : seed-matched ERM initialization
Selection            : min Worst OOD-Val MSE
Evaluation timing    : after EVERY predictor optimizer.step()
Normalization        : ERM TRAIN-only stats
OOD-Val gradients    : NEVER
OOD test             : NOT loaded
==========================================


==========================================
Official-Style Vector Diffusion Training
==========================================
Original samples   : 10000
Expanded samples   : 448000
DataLoader batches : 7000
Shuffle            : False
Drop last          : True
Dimensions         : 5
Timesteps          : 500
Batch size         : 64
Total iterations   : 7000
Learning rate      : 0.0001
Gradient clipping  : None
Device             : cuda
==========================================

Iteration 00001/7000 | Loss: 0.979756 | Recent avg: 0.979756
Iteration 00100/7000 | Loss: 1.005762 | Recent avg: 0.967126
Iteration 00200/7000 | Loss: 0.702320 | Recent avg: 0.770534
Iteration 00300/7000 | Loss: 0.078836 | Recent avg: 0.270948
Iteration 00400/7000 | Loss: 0.007345 | Recent avg: 0.029246
Iteration 00500/7000 | Loss: 0.010406 | Recent avg: 0.020379
Iteration 00600/7000 | Loss: 0.005936 | Recent avg: 0.019025
Iteration 00700/7000 | Loss: 0.009780 | Recent avg: 0.019755
Iteration 00800/7000 | Loss: 0.022967 | Recent avg: 0.017345
Iteration 00900/7000 | Loss: 0.004602 | Recent avg: 0.019352
Iteration 01000/7000 | Loss: 0.041294 | Recent avg: 0.020225
Iteration 01100/7000 | Loss: 0.005238 | Recent avg: 0.016355
Iteration 01200/7000 | Loss: 0.008728 | Recent avg: 0.018262
Iteration 01300/7000 | Loss: 0.011170 | Recent avg: 0.016739
Iteration 01400/7000 | Loss: 0.025549 | Recent avg: 0.016172
Iteration 01500/7000 | Loss: 0.026204 | Recent avg: 0.017967
Iteration 01600/7000 | Loss: 0.012381 | Recent avg: 0.015496
Iteration 01700/7000 | Loss: 0.021934 | Recent avg: 0.017646
Iteration 01800/7000 | Loss: 0.015185 | Recent avg: 0.019142
Iteration 01900/7000 | Loss: 0.006349 | Recent avg: 0.017287
Iteration 02000/7000 | Loss: 0.021200 | Recent avg: 0.016882
Iteration 02100/7000 | Loss: 0.054239 | Recent avg: 0.017971
Iteration 02200/7000 | Loss: 0.013783 | Recent avg: 0.017735
Iteration 02300/7000 | Loss: 0.001000 | Recent avg: 0.014235
Iteration 02400/7000 | Loss: 0.020364 | Recent avg: 0.016520
Iteration 02500/7000 | Loss: 0.011464 | Recent avg: 0.014633
Iteration 02600/7000 | Loss: 0.022124 | Recent avg: 0.015808
Iteration 02700/7000 | Loss: 0.024721 | Recent avg: 0.015117
Iteration 02800/7000 | Loss: 0.022492 | Recent avg: 0.016952
Iteration 02900/7000 | Loss: 0.004762 | Recent avg: 0.015054
Iteration 03000/7000 | Loss: 0.008841 | Recent avg: 0.017358
Iteration 03100/7000 | Loss: 0.010803 | Recent avg: 0.015534
Iteration 03200/7000 | Loss: 0.007007 | Recent avg: 0.016756
Iteration 03300/7000 | Loss: 0.006779 | Recent avg: 0.016248
Iteration 03400/7000 | Loss: 0.001484 | Recent avg: 0.014967
Iteration 03500/7000 | Loss: 0.009026 | Recent avg: 0.016806
Iteration 03600/7000 | Loss: 0.025515 | Recent avg: 0.016918
Iteration 03700/7000 | Loss: 0.011284 | Recent avg: 0.014013
Iteration 03800/7000 | Loss: 0.004063 | Recent avg: 0.015426
Iteration 03900/7000 | Loss: 0.021259 | Recent avg: 0.016027
Iteration 04000/7000 | Loss: 0.015105 | Recent avg: 0.014644
Iteration 04100/7000 | Loss: 0.002133 | Recent avg: 0.015994
Iteration 04200/7000 | Loss: 0.002510 | Recent avg: 0.014387
Iteration 04300/7000 | Loss: 0.005560 | Recent avg: 0.013558
Iteration 04400/7000 | Loss: 0.007981 | Recent avg: 0.013449
Iteration 04500/7000 | Loss: 0.001562 | Recent avg: 0.013804
Iteration 04600/7000 | Loss: 0.025692 | Recent avg: 0.014414
Iteration 04700/7000 | Loss: 0.012382 | Recent avg: 0.013489
Iteration 04800/7000 | Loss: 0.013943 | Recent avg: 0.017974
Iteration 04900/7000 | Loss: 0.003211 | Recent avg: 0.014107
Iteration 05000/7000 | Loss: 0.029706 | Recent avg: 0.014216
Iteration 05100/7000 | Loss: 0.008076 | Recent avg: 0.015326
Iteration 05200/7000 | Loss: 0.031425 | Recent avg: 0.012758
Iteration 05300/7000 | Loss: 0.024485 | Recent avg: 0.014111
Iteration 05400/7000 | Loss: 0.009688 | Recent avg: 0.014796
Iteration 05500/7000 | Loss: 0.015863 | Recent avg: 0.014780
Iteration 05600/7000 | Loss: 0.003579 | Recent avg: 0.016509
Iteration 05700/7000 | Loss: 0.002490 | Recent avg: 0.013809
Iteration 05800/7000 | Loss: 0.029029 | Recent avg: 0.014741
Iteration 05900/7000 | Loss: 0.027691 | Recent avg: 0.015904
Iteration 06000/7000 | Loss: 0.013635 | Recent avg: 0.012784
Iteration 06100/7000 | Loss: 0.006562 | Recent avg: 0.013160
Iteration 06200/7000 | Loss: 0.008985 | Recent avg: 0.017288
Iteration 06300/7000 | Loss: 0.004753 | Recent avg: 0.012492
Iteration 06400/7000 | Loss: 0.006741 | Recent avg: 0.013705
Iteration 06500/7000 | Loss: 0.002969 | Recent avg: 0.013123
Iteration 06600/7000 | Loss: 0.007170 | Recent avg: 0.015659
Iteration 06700/7000 | Loss: 0.016395 | Recent avg: 0.012966
Iteration 06800/7000 | Loss: 0.004479 | Recent avg: 0.013274
Iteration 06900/7000 | Loss: 0.014235 | Recent avg: 0.013926
Iteration 07000/7000 | Loss: 0.000908 | Recent avg: 0.015262

Official-Style Vector Diffusion Training Complete.

------------------------------------------
OOD-VALIDATION MODEL SELECTION
------------------------------------------
Predictor step : 0
Stage          : erm_initialization_step0
Average MSE    : 0.095822671
Worst MSE      : 0.104972443
Previous best  : inf
NEW BEST       : YES
Saved          : /workspace/DRO_EXPERIMENT/checkpoints/oodval_candidates/gas_dro/budget_0p020/gas_dro_seed3_best_oodval.pt
------------------------------------------


Generating fixed nominal reference trajectory...
Official-style s0 iterations : 628 (ceil(10000/64) * BATCH_REPEAT 4)
Reference samples    : torch.Size([40192, 5])
Reference trajectory : torch.Size([40192, 15, 5])
a0                   : torch.Size([40192, 15])

==========================================
VECTOR GAS-DRO TRAINING
==========================================
Outer epochs           : 15
Generator inner epochs : 10
s0 iterations / inner  : 628
BATCH_REPEAT           : 4
Predictor inner epochs : 2
Batch size             : 64
Selected timesteps     : [0, 1, 2, 3, 4, 5, 6, 7, 8, 9, 10, 11, 12, 13, 14]
Initial mu             : 1.000000
Budget                 : 0.020000
Generator LR           : 1e-05
Gradient clipping      : None
==========================================


------------------------------------------
GAS-DRO Outer 1/15
------------------------------------------
Reference predictor loss | mean=0.806607 | max=15.881539
Inner epoch 1 complete | JSM avg=0.368132 | mu=1.034813 | generator_lr=0.00001000
Inner epoch 2 complete | JSM avg=0.375702 | mu=1.070383 | generator_lr=0.00000050
Inner epoch 3 complete | JSM avg=0.376312 | mu=1.106015 | generator_lr=0.00000050
Inner epoch 4 complete | JSM avg=0.374388 | mu=1.141453 | generator_lr=0.00000003
Inner epoch 5 complete | JSM avg=0.374666 | mu=1.176920 | generator_lr=0.00000003
Inner epoch 6 complete | JSM avg=0.373615 | mu=1.212282 | generator_lr=0.00000000
Inner epoch 7 complete | JSM avg=0.377489 | mu=1.248030 | generator_lr=0.00000000
Inner epoch 8 complete | JSM avg=0.374124 | mu=1.283443 | generator_lr=0.00000000
Inner epoch 9 complete | JSM avg=0.371948 | mu=1.318638 | generator_lr=0.00000000
Inner epoch 10 complete | JSM avg=0.374916 | mu=1.354129 | generator_lr=0.00000000

S_theta before predictor update:
  Samples  = 64
  Mean MSE = 0.810966
  Max MSE  = 6.718098

Updating predictor on S_theta...

------------------------------------------
OOD-VALIDATION MODEL SELECTION
------------------------------------------
Predictor step : 1
Stage          : after_predictor_optimizer_step
Average MSE    : 0.095776325
Worst MSE      : 0.104814148
Previous best  : 0.104972443 @ step 0
NEW BEST       : YES
Saved          : /workspace/DRO_EXPERIMENT/checkpoints/oodval_candidates/gas_dro/budget_0p020/gas_dro_seed3_best_oodval.pt
------------------------------------------


------------------------------------------
OOD-VALIDATION MODEL SELECTION
------------------------------------------
Predictor step : 2
Stage          : after_predictor_optimizer_step
Average MSE    : 0.095734042
Worst MSE      : 0.104659723
Previous best  : 0.104814148 @ step 1
NEW BEST       : YES
Saved          : /workspace/DRO_EXPERIMENT/checkpoints/oodval_candidates/gas_dro/budget_0p020/gas_dro_seed3_best_oodval.pt
------------------------------------------


------------------------------------------
GAS-DRO Outer 2/15
------------------------------------------
Reference predictor loss | mean=0.806393 | max=15.870130
Inner epoch 1 complete | JSM avg=0.374437 | mu=1.389573 | generator_lr=0.00000000
Inner epoch 2 complete | JSM avg=0.370352 | mu=1.424608 | generator_lr=0.00000000
Inner epoch 3 complete | JSM avg=0.375570 | mu=1.460165 | generator_lr=0.00000000
Inner epoch 4 complete | JSM avg=0.375269 | mu=1.495692 | generator_lr=0.00000000
Inner epoch 5 complete | JSM avg=0.376556 | mu=1.531348 | generator_lr=0.00000000
Inner epoch 6 complete | JSM avg=0.374935 | mu=1.566841 | generator_lr=0.00000000
Inner epoch 7 complete | JSM avg=0.373879 | mu=1.602229 | generator_lr=0.00000000
Inner epoch 8 complete | JSM avg=0.376028 | mu=1.637832 | generator_lr=0.00000000
Inner epoch 9 complete | JSM avg=0.372704 | mu=1.673102 | generator_lr=0.00000000
Inner epoch 10 complete | JSM avg=0.375156 | mu=1.708618 | generator_lr=0.00000000

S_theta before predictor update:
  Samples  = 64
  Mean MSE = 1.061463
  Max MSE  = 6.525557

Updating predictor on S_theta...

------------------------------------------
OOD-VALIDATION MODEL SELECTION
------------------------------------------
Predictor step : 3
Stage          : after_predictor_optimizer_step
Average MSE    : 0.095711285
Worst MSE      : 0.104493320
Previous best  : 0.104659723 @ step 2
NEW BEST       : YES
Saved          : /workspace/DRO_EXPERIMENT/checkpoints/oodval_candidates/gas_dro/budget_0p020/gas_dro_seed3_best_oodval.pt
------------------------------------------


------------------------------------------
OOD-VALIDATION MODEL SELECTION
------------------------------------------
Predictor step : 4
Stage          : after_predictor_optimizer_step
Average MSE    : 0.095691527
Worst MSE      : 0.104332605
Previous best  : 0.104493320 @ step 3
NEW BEST       : YES
Saved          : /workspace/DRO_EXPERIMENT/checkpoints/oodval_candidates/gas_dro/budget_0p020/gas_dro_seed3_best_oodval.pt
------------------------------------------


------------------------------------------
GAS-DRO Outer 3/15
------------------------------------------
Reference predictor loss | mean=0.805895 | max=15.860440
Inner epoch 1 complete | JSM avg=0.374413 | mu=1.744059 | generator_lr=0.00000000
Inner epoch 2 complete | JSM avg=0.374757 | mu=1.779535 | generator_lr=0.00000000
Inner epoch 3 complete | JSM avg=0.376139 | mu=1.815149 | generator_lr=0.00000000
Inner epoch 4 complete | JSM avg=0.376786 | mu=1.850827 | generator_lr=0.00000000
Inner epoch 5 complete | JSM avg=0.374924 | mu=1.886320 | generator_lr=0.00000000
Inner epoch 6 complete | JSM avg=0.373319 | mu=1.921652 | generator_lr=0.00000000
Inner epoch 7 complete | JSM avg=0.372126 | mu=1.956864 | generator_lr=0.00000000
Inner epoch 8 complete | JSM avg=0.374785 | mu=1.992343 | generator_lr=0.00000000
Inner epoch 9 complete | JSM avg=0.373059 | mu=2.027649 | generator_lr=0.00000000
Inner epoch 10 complete | JSM avg=0.373257 | mu=2.062974 | generator_lr=0.00000000

S_theta before predictor update:
  Samples  = 64
  Mean MSE = 1.128394
  Max MSE  = 8.987526

Updating predictor on S_theta...

------------------------------------------
OOD-VALIDATION MODEL SELECTION
------------------------------------------
Predictor step : 5
Stage          : after_predictor_optimizer_step
Average MSE    : 0.095647306
Worst MSE      : 0.104224078
Previous best  : 0.104332605 @ step 4
NEW BEST       : YES
Saved          : /workspace/DRO_EXPERIMENT/checkpoints/oodval_candidates/gas_dro/budget_0p020/gas_dro_seed3_best_oodval.pt
------------------------------------------


------------------------------------------
OOD-VALIDATION MODEL SELECTION
------------------------------------------
Predictor step : 6
Stage          : after_predictor_optimizer_step
Average MSE    : 0.095609410
Worst MSE      : 0.104197946
Previous best  : 0.104224078 @ step 5
NEW BEST       : YES
Saved          : /workspace/DRO_EXPERIMENT/checkpoints/oodval_candidates/gas_dro/budget_0p020/gas_dro_seed3_best_oodval.pt
------------------------------------------


------------------------------------------
GAS-DRO Outer 4/15
------------------------------------------
Reference predictor loss | mean=0.805655 | max=15.847089
Inner epoch 1 complete | JSM avg=0.379491 | mu=2.098923 | generator_lr=0.00000000
Inner epoch 2 complete | JSM avg=0.373384 | mu=2.134262 | generator_lr=0.00000000
Inner epoch 3 complete | JSM avg=0.377517 | mu=2.170013 | generator_lr=0.00000000
Inner epoch 4 complete | JSM avg=0.376272 | mu=2.205641 | generator_lr=0.00000000
Inner epoch 5 complete | JSM avg=0.371718 | mu=2.240812 | generator_lr=0.00000000
Inner epoch 6 complete | JSM avg=0.372954 | mu=2.276108 | generator_lr=0.00000000
Inner epoch 7 complete | JSM avg=0.373603 | mu=2.311468 | generator_lr=0.00000000
Inner epoch 8 complete | JSM avg=0.374690 | mu=2.346937 | generator_lr=0.00000000
Inner epoch 9 complete | JSM avg=0.374978 | mu=2.382435 | generator_lr=0.00000000
Inner epoch 10 complete | JSM avg=0.373816 | mu=2.417817 | generator_lr=0.00000000

S_theta before predictor update:
  Samples  = 64
  Mean MSE = 0.868968
  Max MSE  = 6.109982

Updating predictor on S_theta...

------------------------------------------
OOD-VALIDATION MODEL SELECTION
------------------------------------------
Predictor step : 7
Stage          : after_predictor_optimizer_step
Average MSE    : 0.095582277
Worst MSE      : 0.104181866
Previous best  : 0.104197946 @ step 6
NEW BEST       : YES
Saved          : /workspace/DRO_EXPERIMENT/checkpoints/oodval_candidates/gas_dro/budget_0p020/gas_dro_seed3_best_oodval.pt
------------------------------------------


------------------------------------------
OOD-VALIDATION MODEL SELECTION
------------------------------------------
Predictor step : 8
Stage          : after_predictor_optimizer_step
Average MSE    : 0.095559954
Worst MSE      : 0.104170349
Previous best  : 0.104181866 @ step 7
NEW BEST       : YES
Saved          : /workspace/DRO_EXPERIMENT/checkpoints/oodval_candidates/gas_dro/budget_0p020/gas_dro_seed3_best_oodval.pt
------------------------------------------


------------------------------------------
GAS-DRO Outer 5/15
------------------------------------------
Reference predictor loss | mean=0.805359 | max=15.834222
Inner epoch 1 complete | JSM avg=0.374437 | mu=2.453260 | generator_lr=0.00000000
Inner epoch 2 complete | JSM avg=0.377538 | mu=2.489014 | generator_lr=0.00000000
Inner epoch 3 complete | JSM avg=0.375347 | mu=2.524549 | generator_lr=0.00000000
Inner epoch 4 complete | JSM avg=0.373006 | mu=2.559849 | generator_lr=0.00000000
Inner epoch 5 complete | JSM avg=0.373344 | mu=2.595184 | generator_lr=0.00000000
Inner epoch 6 complete | JSM avg=0.375967 | mu=2.630780 | generator_lr=0.00000000
Inner epoch 7 complete | JSM avg=0.373536 | mu=2.666134 | generator_lr=0.00000000
Inner epoch 8 complete | JSM avg=0.370035 | mu=2.701138 | generator_lr=0.00000000
Inner epoch 9 complete | JSM avg=0.373568 | mu=2.736494 | generator_lr=0.00000000
Inner epoch 10 complete | JSM avg=0.378410 | mu=2.772335 | generator_lr=0.00000000

S_theta before predictor update:
  Samples  = 64
  Mean MSE = 1.313504
  Max MSE  = 9.431974

Updating predictor on S_theta...

------------------------------------------
OOD-VALIDATION MODEL SELECTION
------------------------------------------
Predictor step : 9
Stage          : after_predictor_optimizer_step
Average MSE    : 0.095548994
Worst MSE      : 0.104160654
Previous best  : 0.104170349 @ step 8
NEW BEST       : YES
Saved          : /workspace/DRO_EXPERIMENT/checkpoints/oodval_candidates/gas_dro/budget_0p020/gas_dro_seed3_best_oodval.pt
------------------------------------------


------------------------------------------
OOD-VALIDATION MODEL SELECTION
------------------------------------------
Predictor step : 10
Stage          : after_predictor_optimizer_step
Average MSE    : 0.095540619
Worst MSE      : 0.104154224
Previous best  : 0.104160654 @ step 9
NEW BEST       : YES
Saved          : /workspace/DRO_EXPERIMENT/checkpoints/oodval_candidates/gas_dro/budget_0p020/gas_dro_seed3_best_oodval.pt
------------------------------------------


------------------------------------------
GAS-DRO Outer 6/15
------------------------------------------
Reference predictor loss | mean=0.805002 | max=15.823216
Inner epoch 1 complete | JSM avg=0.372974 | mu=2.807633 | generator_lr=0.00000000
Inner epoch 2 complete | JSM avg=0.373716 | mu=2.843004 | generator_lr=0.00000000
Inner epoch 3 complete | JSM avg=0.369748 | mu=2.877979 | generator_lr=0.00000000
Inner epoch 4 complete | JSM avg=0.375432 | mu=2.913522 | generator_lr=0.00000000
Inner epoch 5 complete | JSM avg=0.374363 | mu=2.948959 | generator_lr=0.00000000
Inner epoch 6 complete | JSM avg=0.375009 | mu=2.984459 | generator_lr=0.00000000
Inner epoch 7 complete | JSM avg=0.375848 | mu=3.020044 | generator_lr=0.00000000
Inner epoch 8 complete | JSM avg=0.377383 | mu=3.055783 | generator_lr=0.00000000
Inner epoch 9 complete | JSM avg=0.376904 | mu=3.091473 | generator_lr=0.00000000
Inner epoch 10 complete | JSM avg=0.374862 | mu=3.126959 | generator_lr=0.00000000

S_theta before predictor update:
  Samples  = 64
  Mean MSE = 1.130220
  Max MSE  = 5.930569

Updating predictor on S_theta...

------------------------------------------
OOD-VALIDATION MODEL SELECTION
------------------------------------------
Predictor step : 11
Stage          : after_predictor_optimizer_step
Average MSE    : 0.095536482
Worst MSE      : 0.104169228
Previous best  : 0.104154224 @ step 10
NEW BEST       : NO
------------------------------------------


------------------------------------------
OOD-VALIDATION MODEL SELECTION
------------------------------------------
Predictor step : 12
Stage          : after_predictor_optimizer_step
Average MSE    : 0.095535535
Worst MSE      : 0.104186217
Previous best  : 0.104154224 @ step 10
NEW BEST       : NO
------------------------------------------


------------------------------------------
GAS-DRO Outer 7/15
------------------------------------------
Reference predictor loss | mean=0.804587 | max=15.816184
Inner epoch 1 complete | JSM avg=0.375234 | mu=3.162483 | generator_lr=0.00000000
Inner epoch 2 complete | JSM avg=0.375308 | mu=3.198013 | generator_lr=0.00000000
Inner epoch 3 complete | JSM avg=0.376264 | mu=3.233640 | generator_lr=0.00000000
Inner epoch 4 complete | JSM avg=0.373937 | mu=3.269033 | generator_lr=0.00000000
Inner epoch 5 complete | JSM avg=0.373775 | mu=3.304411 | generator_lr=0.00000000
Inner epoch 6 complete | JSM avg=0.375094 | mu=3.339920 | generator_lr=0.00000000
Inner epoch 7 complete | JSM avg=0.377747 | mu=3.375695 | generator_lr=0.00000000
Inner epoch 8 complete | JSM avg=0.376025 | mu=3.411298 | generator_lr=0.00000000
Inner epoch 9 complete | JSM avg=0.373836 | mu=3.446681 | generator_lr=0.00000000
Inner epoch 10 complete | JSM avg=0.373441 | mu=3.482025 | generator_lr=0.00000000

S_theta before predictor update:
  Samples  = 64
  Mean MSE = 1.113066
  Max MSE  = 7.163429

Updating predictor on S_theta...

------------------------------------------
OOD-VALIDATION MODEL SELECTION
------------------------------------------
Predictor step : 13
Stage          : after_predictor_optimizer_step
Average MSE    : 0.095552105
Worst MSE      : 0.104190184
Previous best  : 0.104154224 @ step 10
NEW BEST       : NO
------------------------------------------


------------------------------------------
OOD-VALIDATION MODEL SELECTION
------------------------------------------
Predictor step : 14
Stage          : after_predictor_optimizer_step
Average MSE    : 0.095571759
Worst MSE      : 0.104195236
Previous best  : 0.104154224 @ step 10
NEW BEST       : NO
------------------------------------------


------------------------------------------
GAS-DRO Outer 8/15
------------------------------------------
Reference predictor loss | mean=0.804496 | max=15.820168
Inner epoch 1 complete | JSM avg=0.374229 | mu=3.517448 | generator_lr=0.00000000
Inner epoch 2 complete | JSM avg=0.375168 | mu=3.552965 | generator_lr=0.00000000
Inner epoch 3 complete | JSM avg=0.375697 | mu=3.588535 | generator_lr=0.00000000
Inner epoch 4 complete | JSM avg=0.374757 | mu=3.624010 | generator_lr=0.00000000
Inner epoch 5 complete | JSM avg=0.374234 | mu=3.659434 | generator_lr=0.00000000
Inner epoch 6 complete | JSM avg=0.374198 | mu=3.694853 | generator_lr=0.00000000
Inner epoch 7 complete | JSM avg=0.375116 | mu=3.730365 | generator_lr=0.00000000
Inner epoch 8 complete | JSM avg=0.375453 | mu=3.765910 | generator_lr=0.00000000
Inner epoch 9 complete | JSM avg=0.374468 | mu=3.801357 | generator_lr=0.00000000
Inner epoch 10 complete | JSM avg=0.376548 | mu=3.837012 | generator_lr=0.00000000

S_theta before predictor update:
  Samples  = 64
  Mean MSE = 1.261801
  Max MSE  = 4.860235

Updating predictor on S_theta...

------------------------------------------
OOD-VALIDATION MODEL SELECTION
------------------------------------------
Predictor step : 15
Stage          : after_predictor_optimizer_step
Average MSE    : 0.095572657
Worst MSE      : 0.104190535
Previous best  : 0.104154224 @ step 10
NEW BEST       : NO
------------------------------------------


------------------------------------------
OOD-VALIDATION MODEL SELECTION
------------------------------------------
Predictor step : 16
Stage          : after_predictor_optimizer_step
Average MSE    : 0.095575316
Worst MSE      : 0.104189395
Previous best  : 0.104154224 @ step 10
NEW BEST       : NO
------------------------------------------


------------------------------------------
GAS-DRO Outer 9/15
------------------------------------------
Reference predictor loss | mean=0.804327 | max=15.809989
Inner epoch 1 complete | JSM avg=0.376873 | mu=3.872699 | generator_lr=0.00000000
Inner epoch 2 complete | JSM avg=0.374663 | mu=3.908166 | generator_lr=0.00000000
Inner epoch 3 complete | JSM avg=0.375649 | mu=3.943730 | generator_lr=0.00000000
Inner epoch 4 complete | JSM avg=0.370483 | mu=3.978779 | generator_lr=0.00000000
Inner epoch 5 complete | JSM avg=0.375134 | mu=4.014292 | generator_lr=0.00000000
Inner epoch 6 complete | JSM avg=0.376016 | mu=4.049894 | generator_lr=0.00000000
Inner epoch 7 complete | JSM avg=0.376154 | mu=4.085509 | generator_lr=0.00000000
Inner epoch 8 complete | JSM avg=0.376269 | mu=4.121136 | generator_lr=0.00000000
Inner epoch 9 complete | JSM avg=0.371979 | mu=4.156334 | generator_lr=0.00000000
Inner epoch 10 complete | JSM avg=0.378455 | mu=4.192180 | generator_lr=0.00000000

S_theta before predictor update:
  Samples  = 64
  Mean MSE = 1.170063
  Max MSE  = 4.696084

Updating predictor on S_theta...

------------------------------------------
OOD-VALIDATION MODEL SELECTION
------------------------------------------
Predictor step : 17
Stage          : after_predictor_optimizer_step
Average MSE    : 0.095589069
Worst MSE      : 0.104212318
Previous best  : 0.104154224 @ step 10
NEW BEST       : NO
------------------------------------------


------------------------------------------
OOD-VALIDATION MODEL SELECTION
------------------------------------------
Predictor step : 18
Stage          : after_predictor_optimizer_step
Average MSE    : 0.095605544
Worst MSE      : 0.104237125
Previous best  : 0.104154224 @ step 10
NEW BEST       : NO
------------------------------------------


------------------------------------------
GAS-DRO Outer 10/15
------------------------------------------
Reference predictor loss | mean=0.803963 | max=15.804569
Inner epoch 1 complete | JSM avg=0.373800 | mu=4.227560 | generator_lr=0.00000000
Inner epoch 2 complete | JSM avg=0.375714 | mu=4.263131 | generator_lr=0.00000000
Inner epoch 3 complete | JSM avg=0.374280 | mu=4.298559 | generator_lr=0.00000000
Inner epoch 4 complete | JSM avg=0.374916 | mu=4.334051 | generator_lr=0.00000000
Inner epoch 5 complete | JSM avg=0.374190 | mu=4.369470 | generator_lr=0.00000000
Inner epoch 6 complete | JSM avg=0.374205 | mu=4.404890 | generator_lr=0.00000000
Inner epoch 7 complete | JSM avg=0.374793 | mu=4.440369 | generator_lr=0.00000000
Inner epoch 8 complete | JSM avg=0.375149 | mu=4.475884 | generator_lr=0.00000000
Inner epoch 9 complete | JSM avg=0.376010 | mu=4.511485 | generator_lr=0.00000000
Inner epoch 10 complete | JSM avg=0.373022 | mu=4.546788 | generator_lr=0.00000000

S_theta before predictor update:
  Samples  = 64
  Mean MSE = 0.917865
  Max MSE  = 4.825106

Updating predictor on S_theta...

------------------------------------------
OOD-VALIDATION MODEL SELECTION
------------------------------------------
Predictor step : 19
Stage          : after_predictor_optimizer_step
Average MSE    : 0.095602463
Worst MSE      : 0.104258069
Previous best  : 0.104154224 @ step 10
NEW BEST       : NO
------------------------------------------


------------------------------------------
OOD-VALIDATION MODEL SELECTION
------------------------------------------
Predictor step : 20
Stage          : after_predictor_optimizer_step
Average MSE    : 0.095603181
Worst MSE      : 0.104281177
Previous best  : 0.104154224 @ step 10
NEW BEST       : NO
------------------------------------------


------------------------------------------
GAS-DRO Outer 11/15
------------------------------------------
Reference predictor loss | mean=0.803557 | max=15.793455
Inner epoch 1 complete | JSM avg=0.375543 | mu=4.582342 | generator_lr=0.00000000
Inner epoch 2 complete | JSM avg=0.375456 | mu=4.617887 | generator_lr=0.00000000
Inner epoch 3 complete | JSM avg=0.372330 | mu=4.653120 | generator_lr=0.00000000
Inner epoch 4 complete | JSM avg=0.374057 | mu=4.688526 | generator_lr=0.00000000
Inner epoch 5 complete | JSM avg=0.375262 | mu=4.724052 | generator_lr=0.00000000
Inner epoch 6 complete | JSM avg=0.377500 | mu=4.759802 | generator_lr=0.00000000
Inner epoch 7 complete | JSM avg=0.375865 | mu=4.795389 | generator_lr=0.00000000
Inner epoch 8 complete | JSM avg=0.371268 | mu=4.830516 | generator_lr=0.00000000
Inner epoch 9 complete | JSM avg=0.376406 | mu=4.866156 | generator_lr=0.00000000
Inner epoch 10 complete | JSM avg=0.372070 | mu=4.901363 | generator_lr=0.00000000

S_theta before predictor update:
  Samples  = 64
  Mean MSE = 1.272011
  Max MSE  = 11.146816

Updating predictor on S_theta...

------------------------------------------
OOD-VALIDATION MODEL SELECTION
------------------------------------------
Predictor step : 21
Stage          : after_predictor_optimizer_step
Average MSE    : 0.095596785
Worst MSE      : 0.104291716
Previous best  : 0.104154224 @ step 10
NEW BEST       : NO
------------------------------------------


------------------------------------------
OOD-VALIDATION MODEL SELECTION
------------------------------------------
Predictor step : 22
Stage          : after_predictor_optimizer_step
Average MSE    : 0.095596575
Worst MSE      : 0.104415941
Previous best  : 0.104154224 @ step 10
NEW BEST       : NO
------------------------------------------


------------------------------------------
GAS-DRO Outer 12/15
------------------------------------------
Reference predictor loss | mean=0.803351 | max=15.780649
Inner epoch 1 complete | JSM avg=0.376580 | mu=4.937021 | generator_lr=0.00000000
Inner epoch 2 complete | JSM avg=0.374360 | mu=4.972457 | generator_lr=0.00000000
Inner epoch 3 complete | JSM avg=0.377916 | mu=5.008249 | generator_lr=0.00000000
Inner epoch 4 complete | JSM avg=0.374168 | mu=5.043666 | generator_lr=0.00000000
Inner epoch 5 complete | JSM avg=0.372965 | mu=5.078962 | generator_lr=0.00000000
Inner epoch 6 complete | JSM avg=0.374287 | mu=5.114391 | generator_lr=0.00000000
Inner epoch 7 complete | JSM avg=0.372997 | mu=5.149691 | generator_lr=0.00000000
Inner epoch 8 complete | JSM avg=0.373034 | mu=5.184994 | generator_lr=0.00000000
Inner epoch 9 complete | JSM avg=0.372882 | mu=5.220282 | generator_lr=0.00000000
Inner epoch 10 complete | JSM avg=0.376841 | mu=5.255966 | generator_lr=0.00000000

S_theta before predictor update:
  Samples  = 64
  Mean MSE = 1.044200
  Max MSE  = 5.280735

Updating predictor on S_theta...

------------------------------------------
OOD-VALIDATION MODEL SELECTION
------------------------------------------
Predictor step : 23
Stage          : after_predictor_optimizer_step
Average MSE    : 0.095612826
Worst MSE      : 0.104482228
Previous best  : 0.104154224 @ step 10
NEW BEST       : NO
------------------------------------------


------------------------------------------
OOD-VALIDATION MODEL SELECTION
------------------------------------------
Predictor step : 24
Stage          : after_predictor_optimizer_step
Average MSE    : 0.095631674
Worst MSE      : 0.104549359
Previous best  : 0.104154224 @ step 10
NEW BEST       : NO
------------------------------------------


------------------------------------------
GAS-DRO Outer 13/15
------------------------------------------
Reference predictor loss | mean=0.803067 | max=15.779138
Inner epoch 1 complete | JSM avg=0.374980 | mu=5.291464 | generator_lr=0.00000000
Inner epoch 2 complete | JSM avg=0.372409 | mu=5.326705 | generator_lr=0.00000000
Inner epoch 3 complete | JSM avg=0.374294 | mu=5.362135 | generator_lr=0.00000000
Inner epoch 4 complete | JSM avg=0.376141 | mu=5.397749 | generator_lr=0.00000000
Inner epoch 5 complete | JSM avg=0.372514 | mu=5.433000 | generator_lr=0.00000000
Inner epoch 6 complete | JSM avg=0.376935 | mu=5.468694 | generator_lr=0.00000000
Inner epoch 7 complete | JSM avg=0.373262 | mu=5.504020 | generator_lr=0.00000000
Inner epoch 8 complete | JSM avg=0.376725 | mu=5.539692 | generator_lr=0.00000000
Inner epoch 9 complete | JSM avg=0.372659 | mu=5.574958 | generator_lr=0.00000000
Inner epoch 10 complete | JSM avg=0.376216 | mu=5.610580 | generator_lr=0.00000000

S_theta before predictor update:
  Samples  = 64
  Mean MSE = 1.011013
  Max MSE  = 5.997890

Updating predictor on S_theta...

------------------------------------------
OOD-VALIDATION MODEL SELECTION
------------------------------------------
Predictor step : 25
Stage          : after_predictor_optimizer_step
Average MSE    : 0.095632223
Worst MSE      : 0.104792926
Previous best  : 0.104154224 @ step 10
NEW BEST       : NO
------------------------------------------


------------------------------------------
OOD-VALIDATION MODEL SELECTION
------------------------------------------
Predictor step : 26
Stage          : after_predictor_optimizer_step
Average MSE    : 0.095636627
Worst MSE      : 0.105043057
Previous best  : 0.104154224 @ step 10
NEW BEST       : NO
------------------------------------------


------------------------------------------
GAS-DRO Outer 14/15
------------------------------------------
Reference predictor loss | mean=0.802825 | max=15.768138
Inner epoch 1 complete | JSM avg=0.374601 | mu=5.646040 | generator_lr=0.00000000
Inner epoch 2 complete | JSM avg=0.374811 | mu=5.681521 | generator_lr=0.00000000
Inner epoch 3 complete | JSM avg=0.372807 | mu=5.716802 | generator_lr=0.00000000
Inner epoch 4 complete | JSM avg=0.375442 | mu=5.752346 | generator_lr=0.00000000
Inner epoch 5 complete | JSM avg=0.374557 | mu=5.787801 | generator_lr=0.00000000
Inner epoch 6 complete | JSM avg=0.373990 | mu=5.823200 | generator_lr=0.00000000
Inner epoch 7 complete | JSM avg=0.374883 | mu=5.858689 | generator_lr=0.00000000
Inner epoch 8 complete | JSM avg=0.374794 | mu=5.894168 | generator_lr=0.00000000
Inner epoch 9 complete | JSM avg=0.373235 | mu=5.929492 | generator_lr=0.00000000
Inner epoch 10 complete | JSM avg=0.374885 | mu=5.964980 | generator_lr=0.00000000

S_theta before predictor update:
  Samples  = 64
  Mean MSE = 1.264315
  Max MSE  = 7.697752

Updating predictor on S_theta...

------------------------------------------
OOD-VALIDATION MODEL SELECTION
------------------------------------------
Predictor step : 27
Stage          : after_predictor_optimizer_step
Average MSE    : 0.095641589
Worst MSE      : 0.105152962
Previous best  : 0.104154224 @ step 10
NEW BEST       : NO
------------------------------------------


------------------------------------------
OOD-VALIDATION MODEL SELECTION
------------------------------------------
Predictor step : 28
Stage          : after_predictor_optimizer_step
Average MSE    : 0.095650260
Worst MSE      : 0.105264720
Previous best  : 0.104154224 @ step 10
NEW BEST       : NO
------------------------------------------


------------------------------------------
GAS-DRO Outer 15/15
------------------------------------------
Reference predictor loss | mean=0.802650 | max=15.755373
Inner epoch 1 complete | JSM avg=0.376976 | mu=6.000678 | generator_lr=0.00000000
Inner epoch 2 complete | JSM avg=0.374255 | mu=6.036103 | generator_lr=0.00000000
Inner epoch 3 complete | JSM avg=0.372512 | mu=6.071354 | generator_lr=0.00000000
Inner epoch 4 complete | JSM avg=0.375913 | mu=6.106946 | generator_lr=0.00000000
Inner epoch 5 complete | JSM avg=0.374969 | mu=6.142442 | generator_lr=0.00000000
Inner epoch 6 complete | JSM avg=0.371636 | mu=6.177606 | generator_lr=0.00000000
Inner epoch 7 complete | JSM avg=0.375031 | mu=6.213109 | generator_lr=0.00000000
Inner epoch 8 complete | JSM avg=0.376980 | mu=6.248807 | generator_lr=0.00000000
Inner epoch 9 complete | JSM avg=0.376154 | mu=6.284423 | generator_lr=0.00000000
Inner epoch 10 complete | JSM avg=0.374826 | mu=6.319905 | generator_lr=0.00000000

S_theta before predictor update:
  Samples  = 64
  Mean MSE = 1.188896
  Max MSE  = 5.071844

Updating predictor on S_theta...

------------------------------------------
OOD-VALIDATION MODEL SELECTION
------------------------------------------
Predictor step : 29
Stage          : after_predictor_optimizer_step
Average MSE    : 0.095672282
Worst MSE      : 0.105627757
Previous best  : 0.104154224 @ step 10
NEW BEST       : NO
------------------------------------------


------------------------------------------
OOD-VALIDATION MODEL SELECTION
------------------------------------------
Predictor step : 30
Stage          : after_predictor_optimizer_step
Average MSE    : 0.095698193
Worst MSE      : 0.106001724
Previous best  : 0.104154224 @ step 10
NEW BEST       : NO
------------------------------------------


==========================================
VECTOR GAS-DRO TRAINING COMPLETE
==========================================

/workspace/DRO_EXPERIMENT/experiments/run_gas_dro_tunable.py:649: FutureWarning: You are using `torch.load` with `weights_only=False` (the current default value), which uses the default pickle module implicitly. It is possible to construct malicious pickle data which will execute arbitrary code during unpickling (See https://github.com/pytorch/pytorch/blob/main/SECURITY.md#untrusted-models for more details). In a future release, the default value for `weights_only` will be flipped to `True`. This limits the functions that could be executed during unpickling. Arbitrary objects will no longer be allowed to be loaded via this mode unless they are explicitly allowlisted by the user via `torch.serialization.add_safe_globals`. We recommend you start setting `weights_only=True` for any use case where you don't have full control of the loaded file. Please open an issue on GitHub for any issues related to this experimental feature.
  selected_checkpoint = torch.load(

==========================================
GAS-DRO CANDIDATE COMPLETE
==========================================
Total predictor steps : 30
Selected step         : 10
Selected stage        : after_predictor_optimizer_step
Best Worst OOD-Val    : 0.104154224
Best Average OOD-Val  : 0.095540619
Best checkpoint       : /workspace/DRO_EXPERIMENT/checkpoints/oodval_candidates/gas_dro/budget_0p020/gas_dro_seed3_best_oodval.pt
Final/selected ckpt   : /workspace/DRO_EXPERIMENT/checkpoints/oodval_candidates/gas_dro/budget_0p020/gas_dro_seed3_final.pt
Result                : /workspace/DRO_EXPERIMENT/results/oodval_candidates/gas_dro/budget_0p020_seed3.json
OOD test              : NOT USED
==========================================

==========================================
END_TIME=2026-09-22T18:27:42+00:00
EXIT_CODE=0
ELAPSED_SECONDS=4167
ELAPSED=01:09:27
==========================================
