==========================================
START_TIME=2026-09-22T13:45:47+00:00
GPU=1
SEED=3
BUDGET=0.010
RUN_TAG=budget_0p010
==========================================
/workspace/DRO_EXPERIMENT/experiments/run_gas_dro_tunable.py:91: FutureWarning: You are using `torch.load` with `weights_only=False` (the current default value), which uses the default pickle module implicitly. It is possible to construct malicious pickle data which will execute arbitrary code during unpickling (See https://github.com/pytorch/pytorch/blob/main/SECURITY.md#untrusted-models for more details). In a future release, the default value for `weights_only` will be flipped to `True`. This limits the functions that could be executed during unpickling. Arbitrary objects will no longer be allowed to be loaded via this mode unless they are explicitly allowlisted by the user via `torch.serialization.add_safe_globals`. We recommend you start setting `weights_only=True` for any use case where you don't have full control of the loaded file. Please open an issue on GitHub for any issues related to this experimental feature.
  checkpoint = torch.load(path, map_location=device)

==========================================
GAS-DRO OOD-VAL CANDIDATE TRAINING
==========================================
Seed                 : 3
Run tag              : budget_0p010
Train samples        : 10000
ERM checkpoint       : /workspace/DRO_EXPERIMENT/checkpoints/final_oodval/erm_seed3_best.pt
ERM seed             : 3
OOD-Val environments : 15
GAS-DRO batch size   : 64 (official setting)
Step 0               : seed-matched ERM initialization
Selection            : min Worst OOD-Val MSE
Evaluation timing    : after EVERY predictor optimizer.step()
Normalization        : ERM TRAIN-only stats
OOD-Val gradients    : NEVER
OOD test             : NOT loaded
==========================================


==========================================
Official-Style Vector Diffusion Training
==========================================
Original samples   : 10000
Expanded samples   : 448000
DataLoader batches : 7000
Shuffle            : False
Drop last          : True
Dimensions         : 5
Timesteps          : 500
Batch size         : 64
Total iterations   : 7000
Learning rate      : 0.0001
Gradient clipping  : None
Device             : cuda
==========================================

Iteration 00001/7000 | Loss: 0.979756 | Recent avg: 0.979756
Iteration 00100/7000 | Loss: 1.005762 | Recent avg: 0.967126
Iteration 00200/7000 | Loss: 0.702320 | Recent avg: 0.770534
Iteration 00300/7000 | Loss: 0.078836 | Recent avg: 0.270948
Iteration 00400/7000 | Loss: 0.007345 | Recent avg: 0.029246
Iteration 00500/7000 | Loss: 0.010406 | Recent avg: 0.020379
Iteration 00600/7000 | Loss: 0.005936 | Recent avg: 0.019025
Iteration 00700/7000 | Loss: 0.009780 | Recent avg: 0.019755
Iteration 00800/7000 | Loss: 0.022967 | Recent avg: 0.017345
Iteration 00900/7000 | Loss: 0.004602 | Recent avg: 0.019352
Iteration 01000/7000 | Loss: 0.041294 | Recent avg: 0.020225
Iteration 01100/7000 | Loss: 0.005238 | Recent avg: 0.016355
Iteration 01200/7000 | Loss: 0.008728 | Recent avg: 0.018262
Iteration 01300/7000 | Loss: 0.011170 | Recent avg: 0.016739
Iteration 01400/7000 | Loss: 0.025549 | Recent avg: 0.016172
Iteration 01500/7000 | Loss: 0.026204 | Recent avg: 0.017967
Iteration 01600/7000 | Loss: 0.012381 | Recent avg: 0.015496
Iteration 01700/7000 | Loss: 0.021934 | Recent avg: 0.017646
Iteration 01800/7000 | Loss: 0.015185 | Recent avg: 0.019142
Iteration 01900/7000 | Loss: 0.006349 | Recent avg: 0.017287
Iteration 02000/7000 | Loss: 0.021200 | Recent avg: 0.016882
Iteration 02100/7000 | Loss: 0.054239 | Recent avg: 0.017971
Iteration 02200/7000 | Loss: 0.013783 | Recent avg: 0.017735
Iteration 02300/7000 | Loss: 0.001000 | Recent avg: 0.014235
Iteration 02400/7000 | Loss: 0.020364 | Recent avg: 0.016520
Iteration 02500/7000 | Loss: 0.011464 | Recent avg: 0.014633
Iteration 02600/7000 | Loss: 0.022124 | Recent avg: 0.015808
Iteration 02700/7000 | Loss: 0.024721 | Recent avg: 0.015117
Iteration 02800/7000 | Loss: 0.022492 | Recent avg: 0.016952
Iteration 02900/7000 | Loss: 0.004762 | Recent avg: 0.015054
Iteration 03000/7000 | Loss: 0.008841 | Recent avg: 0.017358
Iteration 03100/7000 | Loss: 0.010803 | Recent avg: 0.015534
Iteration 03200/7000 | Loss: 0.007007 | Recent avg: 0.016756
Iteration 03300/7000 | Loss: 0.006779 | Recent avg: 0.016248
Iteration 03400/7000 | Loss: 0.001484 | Recent avg: 0.014967
Iteration 03500/7000 | Loss: 0.009026 | Recent avg: 0.016806
Iteration 03600/7000 | Loss: 0.025515 | Recent avg: 0.016918
Iteration 03700/7000 | Loss: 0.011284 | Recent avg: 0.014013
Iteration 03800/7000 | Loss: 0.004063 | Recent avg: 0.015426
Iteration 03900/7000 | Loss: 0.021259 | Recent avg: 0.016027
Iteration 04000/7000 | Loss: 0.015105 | Recent avg: 0.014644
Iteration 04100/7000 | Loss: 0.002133 | Recent avg: 0.015994
Iteration 04200/7000 | Loss: 0.002510 | Recent avg: 0.014387
Iteration 04300/7000 | Loss: 0.005560 | Recent avg: 0.013558
Iteration 04400/7000 | Loss: 0.007981 | Recent avg: 0.013449
Iteration 04500/7000 | Loss: 0.001562 | Recent avg: 0.013804
Iteration 04600/7000 | Loss: 0.025692 | Recent avg: 0.014414
Iteration 04700/7000 | Loss: 0.012382 | Recent avg: 0.013489
Iteration 04800/7000 | Loss: 0.013943 | Recent avg: 0.017974
Iteration 04900/7000 | Loss: 0.003211 | Recent avg: 0.014107
Iteration 05000/7000 | Loss: 0.029706 | Recent avg: 0.014216
Iteration 05100/7000 | Loss: 0.008076 | Recent avg: 0.015326
Iteration 05200/7000 | Loss: 0.031425 | Recent avg: 0.012758
Iteration 05300/7000 | Loss: 0.024485 | Recent avg: 0.014111
Iteration 05400/7000 | Loss: 0.009688 | Recent avg: 0.014796
Iteration 05500/7000 | Loss: 0.015863 | Recent avg: 0.014780
Iteration 05600/7000 | Loss: 0.003579 | Recent avg: 0.016509
Iteration 05700/7000 | Loss: 0.002490 | Recent avg: 0.013809
Iteration 05800/7000 | Loss: 0.029029 | Recent avg: 0.014741
Iteration 05900/7000 | Loss: 0.027691 | Recent avg: 0.015904
Iteration 06000/7000 | Loss: 0.013635 | Recent avg: 0.012784
Iteration 06100/7000 | Loss: 0.006562 | Recent avg: 0.013160
Iteration 06200/7000 | Loss: 0.008985 | Recent avg: 0.017288
Iteration 06300/7000 | Loss: 0.004753 | Recent avg: 0.012492
Iteration 06400/7000 | Loss: 0.006741 | Recent avg: 0.013705
Iteration 06500/7000 | Loss: 0.002969 | Recent avg: 0.013123
Iteration 06600/7000 | Loss: 0.007170 | Recent avg: 0.015659
Iteration 06700/7000 | Loss: 0.016395 | Recent avg: 0.012966
Iteration 06800/7000 | Loss: 0.004479 | Recent avg: 0.013274
Iteration 06900/7000 | Loss: 0.014235 | Recent avg: 0.013926
Iteration 07000/7000 | Loss: 0.000908 | Recent avg: 0.015262

Official-Style Vector Diffusion Training Complete.

------------------------------------------
OOD-VALIDATION MODEL SELECTION
------------------------------------------
Predictor step : 0
Stage          : erm_initialization_step0
Average MSE    : 0.095822671
Worst MSE      : 0.104972443
Previous best  : inf
NEW BEST       : YES
Saved          : /workspace/DRO_EXPERIMENT/checkpoints/oodval_candidates/gas_dro/budget_0p010/gas_dro_seed3_best_oodval.pt
------------------------------------------


Generating fixed nominal reference trajectory...
Official-style s0 iterations : 628 (ceil(10000/64) * BATCH_REPEAT 4)
Reference samples    : torch.Size([40192, 5])
Reference trajectory : torch.Size([40192, 15, 5])
a0                   : torch.Size([40192, 15])

==========================================
VECTOR GAS-DRO TRAINING
==========================================
Outer epochs           : 15
Generator inner epochs : 10
s0 iterations / inner  : 628
BATCH_REPEAT           : 4
Predictor inner epochs : 2
Batch size             : 64
Selected timesteps     : [0, 1, 2, 3, 4, 5, 6, 7, 8, 9, 10, 11, 12, 13, 14]
Initial mu             : 1.000000
Budget                 : 0.010000
Generator LR           : 1e-05
Gradient clipping      : None
==========================================


------------------------------------------
GAS-DRO Outer 1/15
------------------------------------------
Reference predictor loss | mean=0.806607 | max=15.881539
Inner epoch 1 complete | JSM avg=0.368132 | mu=1.035813 | generator_lr=0.00001000
Inner epoch 2 complete | JSM avg=0.375697 | mu=1.072383 | generator_lr=0.00000050
Inner epoch 3 complete | JSM avg=0.376305 | mu=1.109013 | generator_lr=0.00000050
Inner epoch 4 complete | JSM avg=0.374380 | mu=1.145451 | generator_lr=0.00000003
Inner epoch 5 complete | JSM avg=0.374661 | mu=1.181918 | generator_lr=0.00000003
Inner epoch 6 complete | JSM avg=0.373610 | mu=1.218279 | generator_lr=0.00000000
Inner epoch 7 complete | JSM avg=0.377483 | mu=1.255027 | generator_lr=0.00000000
Inner epoch 8 complete | JSM avg=0.374118 | mu=1.291439 | generator_lr=0.00000000
Inner epoch 9 complete | JSM avg=0.371942 | mu=1.327633 | generator_lr=0.00000000
Inner epoch 10 complete | JSM avg=0.374910 | mu=1.364124 | generator_lr=0.00000000

S_theta before predictor update:
  Samples  = 64
  Mean MSE = 0.810888
  Max MSE  = 6.717323

Updating predictor on S_theta...

------------------------------------------
OOD-VALIDATION MODEL SELECTION
------------------------------------------
Predictor step : 1
Stage          : after_predictor_optimizer_step
Average MSE    : 0.095776325
Worst MSE      : 0.104814148
Previous best  : 0.104972443 @ step 0
NEW BEST       : YES
Saved          : /workspace/DRO_EXPERIMENT/checkpoints/oodval_candidates/gas_dro/budget_0p010/gas_dro_seed3_best_oodval.pt
------------------------------------------


------------------------------------------
OOD-VALIDATION MODEL SELECTION
------------------------------------------
Predictor step : 2
Stage          : after_predictor_optimizer_step
Average MSE    : 0.095734046
Worst MSE      : 0.104659737
Previous best  : 0.104814148 @ step 1
NEW BEST       : YES
Saved          : /workspace/DRO_EXPERIMENT/checkpoints/oodval_candidates/gas_dro/budget_0p010/gas_dro_seed3_best_oodval.pt
------------------------------------------


------------------------------------------
GAS-DRO Outer 2/15
------------------------------------------
Reference predictor loss | mean=0.806393 | max=15.870131
Inner epoch 1 complete | JSM avg=0.374431 | mu=1.400567 | generator_lr=0.00000000
Inner epoch 2 complete | JSM avg=0.370346 | mu=1.436602 | generator_lr=0.00000000
Inner epoch 3 complete | JSM avg=0.375564 | mu=1.473158 | generator_lr=0.00000000
Inner epoch 4 complete | JSM avg=0.375263 | mu=1.509684 | generator_lr=0.00000000
Inner epoch 5 complete | JSM avg=0.376551 | mu=1.546340 | generator_lr=0.00000000
Inner epoch 6 complete | JSM avg=0.374930 | mu=1.582833 | generator_lr=0.00000000
Inner epoch 7 complete | JSM avg=0.373873 | mu=1.619220 | generator_lr=0.00000000
Inner epoch 8 complete | JSM avg=0.376023 | mu=1.655822 | generator_lr=0.00000000
Inner epoch 9 complete | JSM avg=0.372698 | mu=1.692092 | generator_lr=0.00000000
Inner epoch 10 complete | JSM avg=0.375150 | mu=1.728607 | generator_lr=0.00000000

S_theta before predictor update:
  Samples  = 64
  Mean MSE = 1.061382
  Max MSE  = 6.524570

Updating predictor on S_theta...

------------------------------------------
OOD-VALIDATION MODEL SELECTION
------------------------------------------
Predictor step : 3
Stage          : after_predictor_optimizer_step
Average MSE    : 0.095711276
Worst MSE      : 0.104493564
Previous best  : 0.104659737 @ step 2
NEW BEST       : YES
Saved          : /workspace/DRO_EXPERIMENT/checkpoints/oodval_candidates/gas_dro/budget_0p010/gas_dro_seed3_best_oodval.pt
------------------------------------------


------------------------------------------
OOD-VALIDATION MODEL SELECTION
------------------------------------------
Predictor step : 4
Stage          : after_predictor_optimizer_step
Average MSE    : 0.095691516
Worst MSE      : 0.104332927
Previous best  : 0.104493564 @ step 3
NEW BEST       : YES
Saved          : /workspace/DRO_EXPERIMENT/checkpoints/oodval_candidates/gas_dro/budget_0p010/gas_dro_seed3_best_oodval.pt
------------------------------------------


------------------------------------------
GAS-DRO Outer 3/15
------------------------------------------
Reference predictor loss | mean=0.805895 | max=15.860425
Inner epoch 1 complete | JSM avg=0.374407 | mu=1.765048 | generator_lr=0.00000000
Inner epoch 2 complete | JSM avg=0.374751 | mu=1.801523 | generator_lr=0.00000000
Inner epoch 3 complete | JSM avg=0.376133 | mu=1.838136 | generator_lr=0.00000000
Inner epoch 4 complete | JSM avg=0.376781 | mu=1.874814 | generator_lr=0.00000000
Inner epoch 5 complete | JSM avg=0.374919 | mu=1.911306 | generator_lr=0.00000000
Inner epoch 6 complete | JSM avg=0.373314 | mu=1.947637 | generator_lr=0.00000000
Inner epoch 7 complete | JSM avg=0.372121 | mu=1.983850 | generator_lr=0.00000000
Inner epoch 8 complete | JSM avg=0.374780 | mu=2.020328 | generator_lr=0.00000000
Inner epoch 9 complete | JSM avg=0.373053 | mu=2.056633 | generator_lr=0.00000000
Inner epoch 10 complete | JSM avg=0.373251 | mu=2.092958 | generator_lr=0.00000000

S_theta before predictor update:
  Samples  = 64
  Mean MSE = 1.128280
  Max MSE  = 8.986843

Updating predictor on S_theta...

------------------------------------------
OOD-VALIDATION MODEL SELECTION
------------------------------------------
Predictor step : 5
Stage          : after_predictor_optimizer_step
Average MSE    : 0.095647299
Worst MSE      : 0.104223691
Previous best  : 0.104332927 @ step 4
NEW BEST       : YES
Saved          : /workspace/DRO_EXPERIMENT/checkpoints/oodval_candidates/gas_dro/budget_0p010/gas_dro_seed3_best_oodval.pt
------------------------------------------


------------------------------------------
OOD-VALIDATION MODEL SELECTION
------------------------------------------
Predictor step : 6
Stage          : after_predictor_optimizer_step
Average MSE    : 0.095609405
Worst MSE      : 0.104197586
Previous best  : 0.104223691 @ step 5
NEW BEST       : YES
Saved          : /workspace/DRO_EXPERIMENT/checkpoints/oodval_candidates/gas_dro/budget_0p010/gas_dro_seed3_best_oodval.pt
------------------------------------------


------------------------------------------
GAS-DRO Outer 4/15
------------------------------------------
Reference predictor loss | mean=0.805655 | max=15.847072
Inner epoch 1 complete | JSM avg=0.379486 | mu=2.129907 | generator_lr=0.00000000
Inner epoch 2 complete | JSM avg=0.373379 | mu=2.166244 | generator_lr=0.00000000
Inner epoch 3 complete | JSM avg=0.377511 | mu=2.202996 | generator_lr=0.00000000
Inner epoch 4 complete | JSM avg=0.376267 | mu=2.239622 | generator_lr=0.00000000
Inner epoch 5 complete | JSM avg=0.371712 | mu=2.275793 | generator_lr=0.00000000
Inner epoch 6 complete | JSM avg=0.372948 | mu=2.312088 | generator_lr=0.00000000
Inner epoch 7 complete | JSM avg=0.373597 | mu=2.348448 | generator_lr=0.00000000
Inner epoch 8 complete | JSM avg=0.374685 | mu=2.384916 | generator_lr=0.00000000
Inner epoch 9 complete | JSM avg=0.374972 | mu=2.421414 | generator_lr=0.00000000
Inner epoch 10 complete | JSM avg=0.373811 | mu=2.457795 | generator_lr=0.00000000

S_theta before predictor update:
  Samples  = 64
  Mean MSE = 0.868879
  Max MSE  = 6.108307

Updating predictor on S_theta...

------------------------------------------
OOD-VALIDATION MODEL SELECTION
------------------------------------------
Predictor step : 7
Stage          : after_predictor_optimizer_step
Average MSE    : 0.095582274
Worst MSE      : 0.104181528
Previous best  : 0.104197586 @ step 6
NEW BEST       : YES
Saved          : /workspace/DRO_EXPERIMENT/checkpoints/oodval_candidates/gas_dro/budget_0p010/gas_dro_seed3_best_oodval.pt
------------------------------------------


------------------------------------------
OOD-VALIDATION MODEL SELECTION
------------------------------------------
Predictor step : 8
Stage          : after_predictor_optimizer_step
Average MSE    : 0.095559951
Worst MSE      : 0.104170026
Previous best  : 0.104181528 @ step 7
NEW BEST       : YES
Saved          : /workspace/DRO_EXPERIMENT/checkpoints/oodval_candidates/gas_dro/budget_0p010/gas_dro_seed3_best_oodval.pt
------------------------------------------


------------------------------------------
GAS-DRO Outer 5/15
------------------------------------------
Reference predictor loss | mean=0.805359 | max=15.834207
Inner epoch 1 complete | JSM avg=0.374431 | mu=2.494238 | generator_lr=0.00000000
Inner epoch 2 complete | JSM avg=0.377533 | mu=2.530991 | generator_lr=0.00000000
Inner epoch 3 complete | JSM avg=0.375342 | mu=2.567525 | generator_lr=0.00000000
Inner epoch 4 complete | JSM avg=0.373000 | mu=2.603825 | generator_lr=0.00000000
Inner epoch 5 complete | JSM avg=0.373338 | mu=2.640159 | generator_lr=0.00000000
Inner epoch 6 complete | JSM avg=0.375961 | mu=2.676755 | generator_lr=0.00000000
Inner epoch 7 complete | JSM avg=0.373530 | mu=2.713108 | generator_lr=0.00000000
Inner epoch 8 complete | JSM avg=0.370030 | mu=2.749111 | generator_lr=0.00000000
Inner epoch 9 complete | JSM avg=0.373563 | mu=2.785468 | generator_lr=0.00000000
Inner epoch 10 complete | JSM avg=0.378404 | mu=2.822308 | generator_lr=0.00000000

S_theta before predictor update:
  Samples  = 64
  Mean MSE = 1.313399
  Max MSE  = 9.431108

Updating predictor on S_theta...

------------------------------------------
OOD-VALIDATION MODEL SELECTION
------------------------------------------
Predictor step : 9
Stage          : after_predictor_optimizer_step
Average MSE    : 0.095548987
Worst MSE      : 0.104160339
Previous best  : 0.104170026 @ step 8
NEW BEST       : YES
Saved          : /workspace/DRO_EXPERIMENT/checkpoints/oodval_candidates/gas_dro/budget_0p010/gas_dro_seed3_best_oodval.pt
------------------------------------------


------------------------------------------
OOD-VALIDATION MODEL SELECTION
------------------------------------------
Predictor step : 10
Stage          : after_predictor_optimizer_step
Average MSE    : 0.095540609
Worst MSE      : 0.104153929
Previous best  : 0.104160339 @ step 9
NEW BEST       : YES
Saved          : /workspace/DRO_EXPERIMENT/checkpoints/oodval_candidates/gas_dro/budget_0p010/gas_dro_seed3_best_oodval.pt
------------------------------------------


------------------------------------------
GAS-DRO Outer 6/15
------------------------------------------
Reference predictor loss | mean=0.805002 | max=15.823199
Inner epoch 1 complete | JSM avg=0.372968 | mu=2.858605 | generator_lr=0.00000000
Inner epoch 2 complete | JSM avg=0.373711 | mu=2.894976 | generator_lr=0.00000000
Inner epoch 3 complete | JSM avg=0.369742 | mu=2.930950 | generator_lr=0.00000000
Inner epoch 4 complete | JSM avg=0.375426 | mu=2.967493 | generator_lr=0.00000000
Inner epoch 5 complete | JSM avg=0.374357 | mu=3.003928 | generator_lr=0.00000000
Inner epoch 6 complete | JSM avg=0.375003 | mu=3.040429 | generator_lr=0.00000000
Inner epoch 7 complete | JSM avg=0.375842 | mu=3.077013 | generator_lr=0.00000000
Inner epoch 8 complete | JSM avg=0.377378 | mu=3.113751 | generator_lr=0.00000000
Inner epoch 9 complete | JSM avg=0.376898 | mu=3.150441 | generator_lr=0.00000000
Inner epoch 10 complete | JSM avg=0.374857 | mu=3.186926 | generator_lr=0.00000000

S_theta before predictor update:
  Samples  = 64
  Mean MSE = 1.130119
  Max MSE  = 5.930817

Updating predictor on S_theta...

------------------------------------------
OOD-VALIDATION MODEL SELECTION
------------------------------------------
Predictor step : 11
Stage          : after_predictor_optimizer_step
Average MSE    : 0.095536465
Worst MSE      : 0.104168933
Previous best  : 0.104153929 @ step 10
NEW BEST       : NO
------------------------------------------


------------------------------------------
OOD-VALIDATION MODEL SELECTION
------------------------------------------
Predictor step : 12
Stage          : after_predictor_optimizer_step
Average MSE    : 0.095535518
Worst MSE      : 0.104185898
Previous best  : 0.104153929 @ step 10
NEW BEST       : NO
------------------------------------------


------------------------------------------
GAS-DRO Outer 7/15
------------------------------------------
Reference predictor loss | mean=0.804587 | max=15.816161
Inner epoch 1 complete | JSM avg=0.375228 | mu=3.223449 | generator_lr=0.00000000
Inner epoch 2 complete | JSM avg=0.375303 | mu=3.259979 | generator_lr=0.00000000
Inner epoch 3 complete | JSM avg=0.376259 | mu=3.296605 | generator_lr=0.00000000
Inner epoch 4 complete | JSM avg=0.373932 | mu=3.332998 | generator_lr=0.00000000
Inner epoch 5 complete | JSM avg=0.373770 | mu=3.369375 | generator_lr=0.00000000
Inner epoch 6 complete | JSM avg=0.375089 | mu=3.405884 | generator_lr=0.00000000
Inner epoch 7 complete | JSM avg=0.377741 | mu=3.442658 | generator_lr=0.00000000
Inner epoch 8 complete | JSM avg=0.376020 | mu=3.479260 | generator_lr=0.00000000
Inner epoch 9 complete | JSM avg=0.373830 | mu=3.515643 | generator_lr=0.00000000
Inner epoch 10 complete | JSM avg=0.373435 | mu=3.551987 | generator_lr=0.00000000

S_theta before predictor update:
  Samples  = 64
  Mean MSE = 1.112991
  Max MSE  = 7.163613

Updating predictor on S_theta...

------------------------------------------
OOD-VALIDATION MODEL SELECTION
------------------------------------------
Predictor step : 13
Stage          : after_predictor_optimizer_step
Average MSE    : 0.095552123
Worst MSE      : 0.104189822
Previous best  : 0.104153929 @ step 10
NEW BEST       : NO
------------------------------------------


------------------------------------------
OOD-VALIDATION MODEL SELECTION
------------------------------------------
Predictor step : 14
Stage          : after_predictor_optimizer_step
Average MSE    : 0.095571783
Worst MSE      : 0.104194852
Previous best  : 0.104153929 @ step 10
NEW BEST       : NO
------------------------------------------


------------------------------------------
GAS-DRO Outer 8/15
------------------------------------------
Reference predictor loss | mean=0.804496 | max=15.820182
Inner epoch 1 complete | JSM avg=0.374223 | mu=3.588409 | generator_lr=0.00000000
Inner epoch 2 complete | JSM avg=0.375162 | mu=3.624925 | generator_lr=0.00000000
Inner epoch 3 complete | JSM avg=0.375691 | mu=3.661495 | generator_lr=0.00000000
Inner epoch 4 complete | JSM avg=0.374751 | mu=3.697970 | generator_lr=0.00000000
Inner epoch 5 complete | JSM avg=0.374228 | mu=3.734393 | generator_lr=0.00000000
Inner epoch 6 complete | JSM avg=0.374192 | mu=3.770812 | generator_lr=0.00000000
Inner epoch 7 complete | JSM avg=0.375111 | mu=3.807323 | generator_lr=0.00000000
Inner epoch 8 complete | JSM avg=0.375447 | mu=3.843868 | generator_lr=0.00000000
Inner epoch 9 complete | JSM avg=0.374463 | mu=3.880314 | generator_lr=0.00000000
Inner epoch 10 complete | JSM avg=0.376542 | mu=3.916968 | generator_lr=0.00000000

S_theta before predictor update:
  Samples  = 64
  Mean MSE = 1.261705
  Max MSE  = 4.859498

Updating predictor on S_theta...

------------------------------------------
OOD-VALIDATION MODEL SELECTION
------------------------------------------
Predictor step : 15
Stage          : after_predictor_optimizer_step
Average MSE    : 0.095572681
Worst MSE      : 0.104190173
Previous best  : 0.104153929 @ step 10
NEW BEST       : NO
------------------------------------------


------------------------------------------
OOD-VALIDATION MODEL SELECTION
------------------------------------------
Predictor step : 16
Stage          : after_predictor_optimizer_step
Average MSE    : 0.095575341
Worst MSE      : 0.104189050
Previous best  : 0.104153929 @ step 10
NEW BEST       : NO
------------------------------------------


------------------------------------------
GAS-DRO Outer 9/15
------------------------------------------
Reference predictor loss | mean=0.804327 | max=15.810004
Inner epoch 1 complete | JSM avg=0.376867 | mu=3.953655 | generator_lr=0.00000000
Inner epoch 2 complete | JSM avg=0.374657 | mu=3.990120 | generator_lr=0.00000000
Inner epoch 3 complete | JSM avg=0.375643 | mu=4.026685 | generator_lr=0.00000000
Inner epoch 4 complete | JSM avg=0.370478 | mu=4.062733 | generator_lr=0.00000000
Inner epoch 5 complete | JSM avg=0.375129 | mu=4.099245 | generator_lr=0.00000000
Inner epoch 6 complete | JSM avg=0.376011 | mu=4.135847 | generator_lr=0.00000000
Inner epoch 7 complete | JSM avg=0.376149 | mu=4.172461 | generator_lr=0.00000000
Inner epoch 8 complete | JSM avg=0.376264 | mu=4.209088 | generator_lr=0.00000000
Inner epoch 9 complete | JSM avg=0.371974 | mu=4.245285 | generator_lr=0.00000000
Inner epoch 10 complete | JSM avg=0.378449 | mu=4.282130 | generator_lr=0.00000000

S_theta before predictor update:
  Samples  = 64
  Mean MSE = 1.169985
  Max MSE  = 4.695636

Updating predictor on S_theta...

------------------------------------------
OOD-VALIDATION MODEL SELECTION
------------------------------------------
Predictor step : 17
Stage          : after_predictor_optimizer_step
Average MSE    : 0.095589085
Worst MSE      : 0.104211905
Previous best  : 0.104153929 @ step 10
NEW BEST       : NO
------------------------------------------


------------------------------------------
OOD-VALIDATION MODEL SELECTION
------------------------------------------
Predictor step : 18
Stage          : after_predictor_optimizer_step
Average MSE    : 0.095605549
Worst MSE      : 0.104236697
Previous best  : 0.104153929 @ step 10
NEW BEST       : NO
------------------------------------------


------------------------------------------
GAS-DRO Outer 10/15
------------------------------------------
Reference predictor loss | mean=0.803963 | max=15.804622
Inner epoch 1 complete | JSM avg=0.373794 | mu=4.318509 | generator_lr=0.00000000
Inner epoch 2 complete | JSM avg=0.375708 | mu=4.355080 | generator_lr=0.00000000
Inner epoch 3 complete | JSM avg=0.374275 | mu=4.391508 | generator_lr=0.00000000
Inner epoch 4 complete | JSM avg=0.374910 | mu=4.427999 | generator_lr=0.00000000
Inner epoch 5 complete | JSM avg=0.374185 | mu=4.464417 | generator_lr=0.00000000
Inner epoch 6 complete | JSM avg=0.374199 | mu=4.500837 | generator_lr=0.00000000
Inner epoch 7 complete | JSM avg=0.374788 | mu=4.537316 | generator_lr=0.00000000
Inner epoch 8 complete | JSM avg=0.375144 | mu=4.573830 | generator_lr=0.00000000
Inner epoch 9 complete | JSM avg=0.376004 | mu=4.610431 | generator_lr=0.00000000
Inner epoch 10 complete | JSM avg=0.373017 | mu=4.646732 | generator_lr=0.00000000

S_theta before predictor update:
  Samples  = 64
  Mean MSE = 0.917824
  Max MSE  = 4.825045

Updating predictor on S_theta...

------------------------------------------
OOD-VALIDATION MODEL SELECTION
------------------------------------------
Predictor step : 19
Stage          : after_predictor_optimizer_step
Average MSE    : 0.095602449
Worst MSE      : 0.104257648
Previous best  : 0.104153929 @ step 10
NEW BEST       : NO
------------------------------------------


------------------------------------------
OOD-VALIDATION MODEL SELECTION
------------------------------------------
Predictor step : 20
Stage          : after_predictor_optimizer_step
Average MSE    : 0.095603150
Worst MSE      : 0.104280765
Previous best  : 0.104153929 @ step 10
NEW BEST       : NO
------------------------------------------


------------------------------------------
GAS-DRO Outer 11/15
------------------------------------------
Reference predictor loss | mean=0.803558 | max=15.793509
Inner epoch 1 complete | JSM avg=0.375538 | mu=4.683286 | generator_lr=0.00000000
Inner epoch 2 complete | JSM avg=0.375450 | mu=4.719831 | generator_lr=0.00000000
Inner epoch 3 complete | JSM avg=0.372324 | mu=4.756064 | generator_lr=0.00000000
Inner epoch 4 complete | JSM avg=0.374052 | mu=4.792469 | generator_lr=0.00000000
Inner epoch 5 complete | JSM avg=0.375257 | mu=4.828994 | generator_lr=0.00000000
Inner epoch 6 complete | JSM avg=0.377495 | mu=4.865744 | generator_lr=0.00000000
Inner epoch 7 complete | JSM avg=0.375859 | mu=4.902330 | generator_lr=0.00000000
Inner epoch 8 complete | JSM avg=0.371263 | mu=4.938456 | generator_lr=0.00000000
Inner epoch 9 complete | JSM avg=0.376400 | mu=4.975096 | generator_lr=0.00000000
Inner epoch 10 complete | JSM avg=0.372065 | mu=5.011303 | generator_lr=0.00000000

S_theta before predictor update:
  Samples  = 64
  Mean MSE = 1.271902
  Max MSE  = 11.145826

Updating predictor on S_theta...

------------------------------------------
OOD-VALIDATION MODEL SELECTION
------------------------------------------
Predictor step : 21
Stage          : after_predictor_optimizer_step
Average MSE    : 0.095596739
Worst MSE      : 0.104291315
Previous best  : 0.104153929 @ step 10
NEW BEST       : NO
------------------------------------------


------------------------------------------
OOD-VALIDATION MODEL SELECTION
------------------------------------------
Predictor step : 22
Stage          : after_predictor_optimizer_step
Average MSE    : 0.095596510
Worst MSE      : 0.104413989
Previous best  : 0.104153929 @ step 10
NEW BEST       : NO
------------------------------------------


------------------------------------------
GAS-DRO Outer 12/15
------------------------------------------
Reference predictor loss | mean=0.803351 | max=15.780705
Inner epoch 1 complete | JSM avg=0.376574 | mu=5.047960 | generator_lr=0.00000000
Inner epoch 2 complete | JSM avg=0.374354 | mu=5.084396 | generator_lr=0.00000000
Inner epoch 3 complete | JSM avg=0.377910 | mu=5.121187 | generator_lr=0.00000000
Inner epoch 4 complete | JSM avg=0.374162 | mu=5.157603 | generator_lr=0.00000000
Inner epoch 5 complete | JSM avg=0.372960 | mu=5.193899 | generator_lr=0.00000000
Inner epoch 6 complete | JSM avg=0.374281 | mu=5.230327 | generator_lr=0.00000000
Inner epoch 7 complete | JSM avg=0.372992 | mu=5.266626 | generator_lr=0.00000000
Inner epoch 8 complete | JSM avg=0.373029 | mu=5.302929 | generator_lr=0.00000000
Inner epoch 9 complete | JSM avg=0.372876 | mu=5.339217 | generator_lr=0.00000000
Inner epoch 10 complete | JSM avg=0.376836 | mu=5.375900 | generator_lr=0.00000000

S_theta before predictor update:
  Samples  = 64
  Mean MSE = 1.044134
  Max MSE  = 5.280761

Updating predictor on S_theta...

------------------------------------------
OOD-VALIDATION MODEL SELECTION
------------------------------------------
Predictor step : 23
Stage          : after_predictor_optimizer_step
Average MSE    : 0.095612755
Worst MSE      : 0.104480260
Previous best  : 0.104153929 @ step 10
NEW BEST       : NO
------------------------------------------


------------------------------------------
OOD-VALIDATION MODEL SELECTION
------------------------------------------
Predictor step : 24
Stage          : after_predictor_optimizer_step
Average MSE    : 0.095631598
Worst MSE      : 0.104547363
Previous best  : 0.104153929 @ step 10
NEW BEST       : NO
------------------------------------------


------------------------------------------
GAS-DRO Outer 13/15
------------------------------------------
Reference predictor loss | mean=0.803068 | max=15.779192
Inner epoch 1 complete | JSM avg=0.374974 | mu=5.412398 | generator_lr=0.00000000
Inner epoch 2 complete | JSM avg=0.372403 | mu=5.448638 | generator_lr=0.00000000
Inner epoch 3 complete | JSM avg=0.374288 | mu=5.485067 | generator_lr=0.00000000
Inner epoch 4 complete | JSM avg=0.376135 | mu=5.521680 | generator_lr=0.00000000
Inner epoch 5 complete | JSM avg=0.372509 | mu=5.557931 | generator_lr=0.00000000
Inner epoch 6 complete | JSM avg=0.376929 | mu=5.594624 | generator_lr=0.00000000
Inner epoch 7 complete | JSM avg=0.373257 | mu=5.630950 | generator_lr=0.00000000
Inner epoch 8 complete | JSM avg=0.376719 | mu=5.667622 | generator_lr=0.00000000
Inner epoch 9 complete | JSM avg=0.372653 | mu=5.703887 | generator_lr=0.00000000
Inner epoch 10 complete | JSM avg=0.376210 | mu=5.740508 | generator_lr=0.00000000

S_theta before predictor update:
  Samples  = 64
  Mean MSE = 1.010935
  Max MSE  = 5.997260

Updating predictor on S_theta...

------------------------------------------
OOD-VALIDATION MODEL SELECTION
------------------------------------------
Predictor step : 25
Stage          : after_predictor_optimizer_step
Average MSE    : 0.095632221
Worst MSE      : 0.104790915
Previous best  : 0.104153929 @ step 10
NEW BEST       : NO
------------------------------------------


------------------------------------------
OOD-VALIDATION MODEL SELECTION
------------------------------------------
Predictor step : 26
Stage          : after_predictor_optimizer_step
Average MSE    : 0.095636642
Worst MSE      : 0.105040994
Previous best  : 0.104153929 @ step 10
NEW BEST       : NO
------------------------------------------


------------------------------------------
GAS-DRO Outer 14/15
------------------------------------------
Reference predictor loss | mean=0.802824 | max=15.768170
Inner epoch 1 complete | JSM avg=0.374595 | mu=5.776968 | generator_lr=0.00000000
Inner epoch 2 complete | JSM avg=0.374806 | mu=5.813448 | generator_lr=0.00000000
Inner epoch 3 complete | JSM avg=0.372801 | mu=5.849728 | generator_lr=0.00000000
Inner epoch 4 complete | JSM avg=0.375436 | mu=5.886272 | generator_lr=0.00000000
Inner epoch 5 complete | JSM avg=0.374551 | mu=5.922727 | generator_lr=0.00000000
Inner epoch 6 complete | JSM avg=0.373984 | mu=5.959125 | generator_lr=0.00000000
Inner epoch 7 complete | JSM avg=0.374877 | mu=5.995613 | generator_lr=0.00000000
Inner epoch 8 complete | JSM avg=0.374788 | mu=6.032092 | generator_lr=0.00000000
Inner epoch 9 complete | JSM avg=0.373230 | mu=6.068415 | generator_lr=0.00000000
Inner epoch 10 complete | JSM avg=0.374880 | mu=6.104903 | generator_lr=0.00000000

S_theta before predictor update:
  Samples  = 64
  Mean MSE = 1.264205
  Max MSE  = 7.696963

Updating predictor on S_theta...

------------------------------------------
OOD-VALIDATION MODEL SELECTION
------------------------------------------
Predictor step : 27
Stage          : after_predictor_optimizer_step
Average MSE    : 0.095641592
Worst MSE      : 0.105150883
Previous best  : 0.104153929 @ step 10
NEW BEST       : NO
------------------------------------------


------------------------------------------
OOD-VALIDATION MODEL SELECTION
------------------------------------------
Predictor step : 28
Stage          : after_predictor_optimizer_step
Average MSE    : 0.095650252
Worst MSE      : 0.105262604
Previous best  : 0.104153929 @ step 10
NEW BEST       : NO
------------------------------------------


------------------------------------------
GAS-DRO Outer 15/15
------------------------------------------
Reference predictor loss | mean=0.802649 | max=15.755404
Inner epoch 1 complete | JSM avg=0.376970 | mu=6.141600 | generator_lr=0.00000000
Inner epoch 2 complete | JSM avg=0.374250 | mu=6.178025 | generator_lr=0.00000000
Inner epoch 3 complete | JSM avg=0.372506 | mu=6.214275 | generator_lr=0.00000000
Inner epoch 4 complete | JSM avg=0.375907 | mu=6.250866 | generator_lr=0.00000000
Inner epoch 5 complete | JSM avg=0.374964 | mu=6.287362 | generator_lr=0.00000000
Inner epoch 6 complete | JSM avg=0.371631 | mu=6.323526 | generator_lr=0.00000000
Inner epoch 7 complete | JSM avg=0.375025 | mu=6.360028 | generator_lr=0.00000000
Inner epoch 8 complete | JSM avg=0.376975 | mu=6.396726 | generator_lr=0.00000000
Inner epoch 9 complete | JSM avg=0.376149 | mu=6.433340 | generator_lr=0.00000000
Inner epoch 10 complete | JSM avg=0.374820 | mu=6.469822 | generator_lr=0.00000000

S_theta before predictor update:
  Samples  = 64
  Mean MSE = 1.188785
  Max MSE  = 5.071906

Updating predictor on S_theta...

------------------------------------------
OOD-VALIDATION MODEL SELECTION
------------------------------------------
Predictor step : 29
Stage          : after_predictor_optimizer_step
Average MSE    : 0.095672249
Worst MSE      : 0.105625563
Previous best  : 0.104153929 @ step 10
NEW BEST       : NO
------------------------------------------


------------------------------------------
OOD-VALIDATION MODEL SELECTION
------------------------------------------
Predictor step : 30
Stage          : after_predictor_optimizer_step
Average MSE    : 0.095698130
Worst MSE      : 0.105999489
Previous best  : 0.104153929 @ step 10
NEW BEST       : NO
------------------------------------------


==========================================
VECTOR GAS-DRO TRAINING COMPLETE
==========================================

/workspace/DRO_EXPERIMENT/experiments/run_gas_dro_tunable.py:649: FutureWarning: You are using `torch.load` with `weights_only=False` (the current default value), which uses the default pickle module implicitly. It is possible to construct malicious pickle data which will execute arbitrary code during unpickling (See https://github.com/pytorch/pytorch/blob/main/SECURITY.md#untrusted-models for more details). In a future release, the default value for `weights_only` will be flipped to `True`. This limits the functions that could be executed during unpickling. Arbitrary objects will no longer be allowed to be loaded via this mode unless they are explicitly allowlisted by the user via `torch.serialization.add_safe_globals`. We recommend you start setting `weights_only=True` for any use case where you don't have full control of the loaded file. Please open an issue on GitHub for any issues related to this experimental feature.
  selected_checkpoint = torch.load(

==========================================
GAS-DRO CANDIDATE COMPLETE
==========================================
Total predictor steps : 30
Selected step         : 10
Selected stage        : after_predictor_optimizer_step
Best Worst OOD-Val    : 0.104153929
Best Average OOD-Val  : 0.095540609
Best checkpoint       : /workspace/DRO_EXPERIMENT/checkpoints/oodval_candidates/gas_dro/budget_0p010/gas_dro_seed3_best_oodval.pt
Final/selected ckpt   : /workspace/DRO_EXPERIMENT/checkpoints/oodval_candidates/gas_dro/budget_0p010/gas_dro_seed3_final.pt
Result                : /workspace/DRO_EXPERIMENT/results/oodval_candidates/gas_dro/budget_0p010_seed3.json
OOD test              : NOT USED
==========================================

==========================================
END_TIME=2026-09-22T14:54:12+00:00
EXIT_CODE=0
ELAPSED_SECONDS=4105
ELAPSED=01:08:25
==========================================
