==========================================
START_TIME=2026-09-22T13:45:47+00:00
GPU=0
SEED=2
BUDGET=0.010
RUN_TAG=budget_0p010
==========================================
/workspace/DRO_EXPERIMENT/experiments/run_gas_dro_tunable.py:91: FutureWarning: You are using `torch.load` with `weights_only=False` (the current default value), which uses the default pickle module implicitly. It is possible to construct malicious pickle data which will execute arbitrary code during unpickling (See https://github.com/pytorch/pytorch/blob/main/SECURITY.md#untrusted-models for more details). In a future release, the default value for `weights_only` will be flipped to `True`. This limits the functions that could be executed during unpickling. Arbitrary objects will no longer be allowed to be loaded via this mode unless they are explicitly allowlisted by the user via `torch.serialization.add_safe_globals`. We recommend you start setting `weights_only=True` for any use case where you don't have full control of the loaded file. Please open an issue on GitHub for any issues related to this experimental feature.
  checkpoint = torch.load(path, map_location=device)

==========================================
GAS-DRO OOD-VAL CANDIDATE TRAINING
==========================================
Seed                 : 2
Run tag              : budget_0p010
Train samples        : 10000
ERM checkpoint       : /workspace/DRO_EXPERIMENT/checkpoints/final_oodval/erm_seed2_best.pt
ERM seed             : 2
OOD-Val environments : 15
GAS-DRO batch size   : 64 (official setting)
Step 0               : seed-matched ERM initialization
Selection            : min Worst OOD-Val MSE
Evaluation timing    : after EVERY predictor optimizer.step()
Normalization        : ERM TRAIN-only stats
OOD-Val gradients    : NEVER
OOD test             : NOT loaded
==========================================


==========================================
Official-Style Vector Diffusion Training
==========================================
Original samples   : 10000
Expanded samples   : 448000
DataLoader batches : 7000
Shuffle            : False
Drop last          : True
Dimensions         : 5
Timesteps          : 500
Batch size         : 64
Total iterations   : 7000
Learning rate      : 0.0001
Gradient clipping  : None
Device             : cuda
==========================================

Iteration 00001/7000 | Loss: 1.116456 | Recent avg: 1.116456
Iteration 00100/7000 | Loss: 0.820534 | Recent avg: 0.964893
Iteration 00200/7000 | Loss: 0.652859 | Recent avg: 0.778758
Iteration 00300/7000 | Loss: 0.057903 | Recent avg: 0.281627
Iteration 00400/7000 | Loss: 0.007717 | Recent avg: 0.030302
Iteration 00500/7000 | Loss: 0.031645 | Recent avg: 0.019439
Iteration 00600/7000 | Loss: 0.007421 | Recent avg: 0.019341
Iteration 00700/7000 | Loss: 0.017233 | Recent avg: 0.018350
Iteration 00800/7000 | Loss: 0.032645 | Recent avg: 0.018465
Iteration 00900/7000 | Loss: 0.019633 | Recent avg: 0.019209
Iteration 01000/7000 | Loss: 0.018503 | Recent avg: 0.018410
Iteration 01100/7000 | Loss: 0.009938 | Recent avg: 0.019796
Iteration 01200/7000 | Loss: 0.012640 | Recent avg: 0.017198
Iteration 01300/7000 | Loss: 0.003188 | Recent avg: 0.016495
Iteration 01400/7000 | Loss: 0.002324 | Recent avg: 0.018527
Iteration 01500/7000 | Loss: 0.006981 | Recent avg: 0.017506
Iteration 01600/7000 | Loss: 0.013501 | Recent avg: 0.019637
Iteration 01700/7000 | Loss: 0.014904 | Recent avg: 0.016797
Iteration 01800/7000 | Loss: 0.039347 | Recent avg: 0.017595
Iteration 01900/7000 | Loss: 0.016742 | Recent avg: 0.017583
Iteration 02000/7000 | Loss: 0.007119 | Recent avg: 0.016450
Iteration 02100/7000 | Loss: 0.009048 | Recent avg: 0.019513
Iteration 02200/7000 | Loss: 0.012871 | Recent avg: 0.014981
Iteration 02300/7000 | Loss: 0.029522 | Recent avg: 0.013978
Iteration 02400/7000 | Loss: 0.009730 | Recent avg: 0.016388
Iteration 02500/7000 | Loss: 0.029543 | Recent avg: 0.014973
Iteration 02600/7000 | Loss: 0.014584 | Recent avg: 0.015446
Iteration 02700/7000 | Loss: 0.045036 | Recent avg: 0.014328
Iteration 02800/7000 | Loss: 0.018963 | Recent avg: 0.016222
Iteration 02900/7000 | Loss: 0.012357 | Recent avg: 0.014828
Iteration 03000/7000 | Loss: 0.007431 | Recent avg: 0.015598
Iteration 03100/7000 | Loss: 0.014361 | Recent avg: 0.014173
Iteration 03200/7000 | Loss: 0.005384 | Recent avg: 0.016596
Iteration 03300/7000 | Loss: 0.009418 | Recent avg: 0.015861
Iteration 03400/7000 | Loss: 0.002323 | Recent avg: 0.014136
Iteration 03500/7000 | Loss: 0.027781 | Recent avg: 0.014537
Iteration 03600/7000 | Loss: 0.017452 | Recent avg: 0.015628
Iteration 03700/7000 | Loss: 0.006104 | Recent avg: 0.015032
Iteration 03800/7000 | Loss: 0.005208 | Recent avg: 0.015371
Iteration 03900/7000 | Loss: 0.005080 | Recent avg: 0.012915
Iteration 04000/7000 | Loss: 0.015406 | Recent avg: 0.013816
Iteration 04100/7000 | Loss: 0.005909 | Recent avg: 0.015312
Iteration 04200/7000 | Loss: 0.018542 | Recent avg: 0.014575
Iteration 04300/7000 | Loss: 0.004970 | Recent avg: 0.014031
Iteration 04400/7000 | Loss: 0.025475 | Recent avg: 0.016150
Iteration 04500/7000 | Loss: 0.028489 | Recent avg: 0.014961
Iteration 04600/7000 | Loss: 0.047573 | Recent avg: 0.015045
Iteration 04700/7000 | Loss: 0.019579 | Recent avg: 0.015065
Iteration 04800/7000 | Loss: 0.007144 | Recent avg: 0.014301
Iteration 04900/7000 | Loss: 0.003814 | Recent avg: 0.013670
Iteration 05000/7000 | Loss: 0.019653 | Recent avg: 0.014464
Iteration 05100/7000 | Loss: 0.007703 | Recent avg: 0.015076
Iteration 05200/7000 | Loss: 0.043967 | Recent avg: 0.016732
Iteration 05300/7000 | Loss: 0.007493 | Recent avg: 0.016203
Iteration 05400/7000 | Loss: 0.004668 | Recent avg: 0.012746
Iteration 05500/7000 | Loss: 0.007991 | Recent avg: 0.015742
Iteration 05600/7000 | Loss: 0.003834 | Recent avg: 0.015390
Iteration 05700/7000 | Loss: 0.009853 | Recent avg: 0.012942
Iteration 05800/7000 | Loss: 0.006385 | Recent avg: 0.014640
Iteration 05900/7000 | Loss: 0.016480 | Recent avg: 0.015881
Iteration 06000/7000 | Loss: 0.009014 | Recent avg: 0.014538
Iteration 06100/7000 | Loss: 0.012059 | Recent avg: 0.014768
Iteration 06200/7000 | Loss: 0.003867 | Recent avg: 0.015110
Iteration 06300/7000 | Loss: 0.024168 | Recent avg: 0.015048
Iteration 06400/7000 | Loss: 0.017666 | Recent avg: 0.014150
Iteration 06500/7000 | Loss: 0.011479 | Recent avg: 0.015374
Iteration 06600/7000 | Loss: 0.035991 | Recent avg: 0.012799
Iteration 06700/7000 | Loss: 0.016865 | Recent avg: 0.013162
Iteration 06800/7000 | Loss: 0.017522 | Recent avg: 0.015373
Iteration 06900/7000 | Loss: 0.003574 | Recent avg: 0.015517
Iteration 07000/7000 | Loss: 0.020847 | Recent avg: 0.012182

Official-Style Vector Diffusion Training Complete.

------------------------------------------
OOD-VALIDATION MODEL SELECTION
------------------------------------------
Predictor step : 0
Stage          : erm_initialization_step0
Average MSE    : 0.095358305
Worst MSE      : 0.107274847
Previous best  : inf
NEW BEST       : YES
Saved          : /workspace/DRO_EXPERIMENT/checkpoints/oodval_candidates/gas_dro/budget_0p010/gas_dro_seed2_best_oodval.pt
------------------------------------------


Generating fixed nominal reference trajectory...
Official-style s0 iterations : 628 (ceil(10000/64) * BATCH_REPEAT 4)
Reference samples    : torch.Size([40192, 5])
Reference trajectory : torch.Size([40192, 15, 5])
a0                   : torch.Size([40192, 15])

==========================================
VECTOR GAS-DRO TRAINING
==========================================
Outer epochs           : 15
Generator inner epochs : 10
s0 iterations / inner  : 628
BATCH_REPEAT           : 4
Predictor inner epochs : 2
Batch size             : 64
Selected timesteps     : [0, 1, 2, 3, 4, 5, 6, 7, 8, 9, 10, 11, 12, 13, 14]
Initial mu             : 1.000000
Budget                 : 0.010000
Generator LR           : 1e-05
Gradient clipping      : None
==========================================


------------------------------------------
GAS-DRO Outer 1/15
------------------------------------------
Reference predictor loss | mean=0.786729 | max=14.502564
Inner epoch 1 complete | JSM avg=0.364172 | mu=1.035417 | generator_lr=0.00001000
Inner epoch 2 complete | JSM avg=0.370515 | mu=1.071469 | generator_lr=0.00000050
Inner epoch 3 complete | JSM avg=0.368408 | mu=1.107310 | generator_lr=0.00000050
Inner epoch 4 complete | JSM avg=0.370183 | mu=1.143328 | generator_lr=0.00000003
Inner epoch 5 complete | JSM avg=0.369731 | mu=1.179301 | generator_lr=0.00000003
Inner epoch 6 complete | JSM avg=0.370821 | mu=1.215383 | generator_lr=0.00000000
Inner epoch 7 complete | JSM avg=0.370977 | mu=1.251481 | generator_lr=0.00000000
Inner epoch 8 complete | JSM avg=0.370538 | mu=1.287535 | generator_lr=0.00000000
Inner epoch 9 complete | JSM avg=0.367420 | mu=1.323277 | generator_lr=0.00000000
Inner epoch 10 complete | JSM avg=0.367131 | mu=1.358990 | generator_lr=0.00000000

S_theta before predictor update:
  Samples  = 64
  Mean MSE = 1.114759
  Max MSE  = 11.032681

Updating predictor on S_theta...

------------------------------------------
OOD-VALIDATION MODEL SELECTION
------------------------------------------
Predictor step : 1
Stage          : after_predictor_optimizer_step
Average MSE    : 0.095369082
Worst MSE      : 0.107284393
Previous best  : 0.107274847 @ step 0
NEW BEST       : NO
------------------------------------------


------------------------------------------
OOD-VALIDATION MODEL SELECTION
------------------------------------------
Predictor step : 2
Stage          : after_predictor_optimizer_step
Average MSE    : 0.095383423
Worst MSE      : 0.107296063
Previous best  : 0.107274847 @ step 0
NEW BEST       : NO
------------------------------------------


------------------------------------------
GAS-DRO Outer 2/15
------------------------------------------
Reference predictor loss | mean=0.786392 | max=14.489693
Inner epoch 1 complete | JSM avg=0.370045 | mu=1.394994 | generator_lr=0.00000000
Inner epoch 2 complete | JSM avg=0.366759 | mu=1.430670 | generator_lr=0.00000000
Inner epoch 3 complete | JSM avg=0.368218 | mu=1.466492 | generator_lr=0.00000000
Inner epoch 4 complete | JSM avg=0.369824 | mu=1.502474 | generator_lr=0.00000000
Inner epoch 5 complete | JSM avg=0.369785 | mu=1.538453 | generator_lr=0.00000000
Inner epoch 6 complete | JSM avg=0.369276 | mu=1.574380 | generator_lr=0.00000000
Inner epoch 7 complete | JSM avg=0.370117 | mu=1.610392 | generator_lr=0.00000000
Inner epoch 8 complete | JSM avg=0.367982 | mu=1.646190 | generator_lr=0.00000000
Inner epoch 9 complete | JSM avg=0.368082 | mu=1.681999 | generator_lr=0.00000000
Inner epoch 10 complete | JSM avg=0.367926 | mu=1.717791 | generator_lr=0.00000000

S_theta before predictor update:
  Samples  = 64
  Mean MSE = 1.023546
  Max MSE  = 8.959658

Updating predictor on S_theta...

------------------------------------------
OOD-VALIDATION MODEL SELECTION
------------------------------------------
Predictor step : 3
Stage          : after_predictor_optimizer_step
Average MSE    : 0.095399131
Worst MSE      : 0.107308563
Previous best  : 0.107274847 @ step 0
NEW BEST       : NO
------------------------------------------


------------------------------------------
OOD-VALIDATION MODEL SELECTION
------------------------------------------
Predictor step : 4
Stage          : after_predictor_optimizer_step
Average MSE    : 0.095418665
Worst MSE      : 0.107323160
Previous best  : 0.107274847 @ step 0
NEW BEST       : NO
------------------------------------------


------------------------------------------
GAS-DRO Outer 3/15
------------------------------------------
Reference predictor loss | mean=0.786131 | max=14.476643
Inner epoch 1 complete | JSM avg=0.367613 | mu=1.753553 | generator_lr=0.00000000
Inner epoch 2 complete | JSM avg=0.369798 | mu=1.789532 | generator_lr=0.00000000
Inner epoch 3 complete | JSM avg=0.372124 | mu=1.825745 | generator_lr=0.00000000
Inner epoch 4 complete | JSM avg=0.368470 | mu=1.861592 | generator_lr=0.00000000
Inner epoch 5 complete | JSM avg=0.370983 | mu=1.897690 | generator_lr=0.00000000
Inner epoch 6 complete | JSM avg=0.368725 | mu=1.933563 | generator_lr=0.00000000
Inner epoch 7 complete | JSM avg=0.371602 | mu=1.969723 | generator_lr=0.00000000
Inner epoch 8 complete | JSM avg=0.368812 | mu=2.005604 | generator_lr=0.00000000
Inner epoch 9 complete | JSM avg=0.369044 | mu=2.041508 | generator_lr=0.00000000
Inner epoch 10 complete | JSM avg=0.368400 | mu=2.077348 | generator_lr=0.00000000

S_theta before predictor update:
  Samples  = 64
  Mean MSE = 0.886100
  Max MSE  = 7.338813

Updating predictor on S_theta...

------------------------------------------
OOD-VALIDATION MODEL SELECTION
------------------------------------------
Predictor step : 5
Stage          : after_predictor_optimizer_step
Average MSE    : 0.095449270
Worst MSE      : 0.107354413
Previous best  : 0.107274847 @ step 0
NEW BEST       : NO
------------------------------------------


------------------------------------------
OOD-VALIDATION MODEL SELECTION
------------------------------------------
Predictor step : 6
Stage          : after_predictor_optimizer_step
Average MSE    : 0.095484160
Worst MSE      : 0.107387856
Previous best  : 0.107274847 @ step 0
NEW BEST       : NO
------------------------------------------


------------------------------------------
GAS-DRO Outer 4/15
------------------------------------------
Reference predictor loss | mean=0.785712 | max=14.470111
Inner epoch 1 complete | JSM avg=0.370446 | mu=2.113393 | generator_lr=0.00000000
Inner epoch 2 complete | JSM avg=0.371238 | mu=2.149517 | generator_lr=0.00000000
Inner epoch 3 complete | JSM avg=0.366524 | mu=2.185169 | generator_lr=0.00000000
Inner epoch 4 complete | JSM avg=0.365669 | mu=2.220736 | generator_lr=0.00000000
Inner epoch 5 complete | JSM avg=0.371862 | mu=2.256922 | generator_lr=0.00000000
Inner epoch 6 complete | JSM avg=0.367748 | mu=2.292697 | generator_lr=0.00000000
Inner epoch 7 complete | JSM avg=0.367242 | mu=2.328421 | generator_lr=0.00000000
Inner epoch 8 complete | JSM avg=0.372074 | mu=2.364629 | generator_lr=0.00000000
Inner epoch 9 complete | JSM avg=0.368605 | mu=2.400489 | generator_lr=0.00000000
Inner epoch 10 complete | JSM avg=0.363917 | mu=2.435881 | generator_lr=0.00000000

S_theta before predictor update:
  Samples  = 64
  Mean MSE = 0.990595
  Max MSE  = 8.116654

Updating predictor on S_theta...

------------------------------------------
OOD-VALIDATION MODEL SELECTION
------------------------------------------
Predictor step : 7
Stage          : after_predictor_optimizer_step
Average MSE    : 0.095514766
Worst MSE      : 0.107411545
Previous best  : 0.107274847 @ step 0
NEW BEST       : NO
------------------------------------------


------------------------------------------
OOD-VALIDATION MODEL SELECTION
------------------------------------------
Predictor step : 8
Stage          : after_predictor_optimizer_step
Average MSE    : 0.095548297
Worst MSE      : 0.107437045
Previous best  : 0.107274847 @ step 0
NEW BEST       : NO
------------------------------------------


------------------------------------------
GAS-DRO Outer 5/15
------------------------------------------
Reference predictor loss | mean=0.785336 | max=14.460791
Inner epoch 1 complete | JSM avg=0.366011 | mu=2.471482 | generator_lr=0.00000000
Inner epoch 2 complete | JSM avg=0.370608 | mu=2.507543 | generator_lr=0.00000000
Inner epoch 3 complete | JSM avg=0.367345 | mu=2.543277 | generator_lr=0.00000000
Inner epoch 4 complete | JSM avg=0.369826 | mu=2.579260 | generator_lr=0.00000000
Inner epoch 5 complete | JSM avg=0.367815 | mu=2.615042 | generator_lr=0.00000000
Inner epoch 6 complete | JSM avg=0.367027 | mu=2.650744 | generator_lr=0.00000000
Inner epoch 7 complete | JSM avg=0.364321 | mu=2.686176 | generator_lr=0.00000000
Inner epoch 8 complete | JSM avg=0.367875 | mu=2.721964 | generator_lr=0.00000000
Inner epoch 9 complete | JSM avg=0.369297 | mu=2.757894 | generator_lr=0.00000000
Inner epoch 10 complete | JSM avg=0.369167 | mu=2.793810 | generator_lr=0.00000000

S_theta before predictor update:
  Samples  = 64
  Mean MSE = 0.864345
  Max MSE  = 8.124101

Updating predictor on S_theta...

------------------------------------------
OOD-VALIDATION MODEL SELECTION
------------------------------------------
Predictor step : 9
Stage          : after_predictor_optimizer_step
Average MSE    : 0.095535609
Worst MSE      : 0.107422818
Previous best  : 0.107274847 @ step 0
NEW BEST       : NO
------------------------------------------


------------------------------------------
OOD-VALIDATION MODEL SELECTION
------------------------------------------
Predictor step : 10
Stage          : after_predictor_optimizer_step
Average MSE    : 0.095523958
Worst MSE      : 0.107408908
Previous best  : 0.107274847 @ step 0
NEW BEST       : NO
------------------------------------------


------------------------------------------
GAS-DRO Outer 6/15
------------------------------------------
Reference predictor loss | mean=0.785130 | max=14.457385
Inner epoch 1 complete | JSM avg=0.369980 | mu=2.829808 | generator_lr=0.00000000
Inner epoch 2 complete | JSM avg=0.370361 | mu=2.865844 | generator_lr=0.00000000
Inner epoch 3 complete | JSM avg=0.367437 | mu=2.901588 | generator_lr=0.00000000
Inner epoch 4 complete | JSM avg=0.366946 | mu=2.937283 | generator_lr=0.00000000
Inner epoch 5 complete | JSM avg=0.373165 | mu=2.973599 | generator_lr=0.00000000
Inner epoch 6 complete | JSM avg=0.373017 | mu=3.009901 | generator_lr=0.00000000
Inner epoch 7 complete | JSM avg=0.370155 | mu=3.045916 | generator_lr=0.00000000
Inner epoch 8 complete | JSM avg=0.370211 | mu=3.081938 | generator_lr=0.00000000
Inner epoch 9 complete | JSM avg=0.366930 | mu=3.117631 | generator_lr=0.00000000
Inner epoch 10 complete | JSM avg=0.365821 | mu=3.153213 | generator_lr=0.00000000

S_theta before predictor update:
  Samples  = 64
  Mean MSE = 0.827088
  Max MSE  = 4.570952

Updating predictor on S_theta...

------------------------------------------
OOD-VALIDATION MODEL SELECTION
------------------------------------------
Predictor step : 11
Stage          : after_predictor_optimizer_step
Average MSE    : 0.095554999
Worst MSE      : 0.107431155
Previous best  : 0.107274847 @ step 0
NEW BEST       : NO
------------------------------------------


------------------------------------------
OOD-VALIDATION MODEL SELECTION
------------------------------------------
Predictor step : 12
Stage          : after_predictor_optimizer_step
Average MSE    : 0.095588896
Worst MSE      : 0.107455214
Previous best  : 0.107274847 @ step 0
NEW BEST       : NO
------------------------------------------


------------------------------------------
GAS-DRO Outer 7/15
------------------------------------------
Reference predictor loss | mean=0.784651 | max=14.453787
Inner epoch 1 complete | JSM avg=0.367814 | mu=3.188994 | generator_lr=0.00000000
Inner epoch 2 complete | JSM avg=0.369910 | mu=3.224985 | generator_lr=0.00000000
Inner epoch 3 complete | JSM avg=0.370525 | mu=3.261038 | generator_lr=0.00000000
Inner epoch 4 complete | JSM avg=0.367580 | mu=3.296796 | generator_lr=0.00000000
Inner epoch 5 complete | JSM avg=0.369206 | mu=3.332716 | generator_lr=0.00000000
Inner epoch 6 complete | JSM avg=0.372265 | mu=3.368943 | generator_lr=0.00000000
Inner epoch 7 complete | JSM avg=0.365530 | mu=3.404496 | generator_lr=0.00000000
Inner epoch 8 complete | JSM avg=0.371199 | mu=3.440616 | generator_lr=0.00000000
Inner epoch 9 complete | JSM avg=0.370553 | mu=3.476671 | generator_lr=0.00000000
Inner epoch 10 complete | JSM avg=0.369066 | mu=3.512578 | generator_lr=0.00000000

S_theta before predictor update:
  Samples  = 64
  Mean MSE = 0.976501
  Max MSE  = 4.003704

Updating predictor on S_theta...

------------------------------------------
OOD-VALIDATION MODEL SELECTION
------------------------------------------
Predictor step : 13
Stage          : after_predictor_optimizer_step
Average MSE    : 0.095623906
Worst MSE      : 0.107498067
Previous best  : 0.107274847 @ step 0
NEW BEST       : NO
------------------------------------------


------------------------------------------
OOD-VALIDATION MODEL SELECTION
------------------------------------------
Predictor step : 14
Stage          : after_predictor_optimizer_step
Average MSE    : 0.095664730
Worst MSE      : 0.107545114
Previous best  : 0.107274847 @ step 0
NEW BEST       : NO
------------------------------------------


------------------------------------------
GAS-DRO Outer 8/15
------------------------------------------
Reference predictor loss | mean=0.784254 | max=14.464126
Inner epoch 1 complete | JSM avg=0.370091 | mu=3.548587 | generator_lr=0.00000000
Inner epoch 2 complete | JSM avg=0.368492 | mu=3.584436 | generator_lr=0.00000000
Inner epoch 3 complete | JSM avg=0.368943 | mu=3.620330 | generator_lr=0.00000000
Inner epoch 4 complete | JSM avg=0.368989 | mu=3.656229 | generator_lr=0.00000000
Inner epoch 5 complete | JSM avg=0.368776 | mu=3.692107 | generator_lr=0.00000000
Inner epoch 6 complete | JSM avg=0.371235 | mu=3.728230 | generator_lr=0.00000000
Inner epoch 7 complete | JSM avg=0.368590 | mu=3.764089 | generator_lr=0.00000000
Inner epoch 8 complete | JSM avg=0.370315 | mu=3.800121 | generator_lr=0.00000000
Inner epoch 9 complete | JSM avg=0.367717 | mu=3.835892 | generator_lr=0.00000000
Inner epoch 10 complete | JSM avg=0.368031 | mu=3.871696 | generator_lr=0.00000000

S_theta before predictor update:
  Samples  = 64
  Mean MSE = 1.060954
  Max MSE  = 6.756997

Updating predictor on S_theta...

------------------------------------------
OOD-VALIDATION MODEL SELECTION
------------------------------------------
Predictor step : 15
Stage          : after_predictor_optimizer_step
Average MSE    : 0.095704803
Worst MSE      : 0.107576591
Previous best  : 0.107274847 @ step 0
NEW BEST       : NO
------------------------------------------


------------------------------------------
OOD-VALIDATION MODEL SELECTION
------------------------------------------
Predictor step : 16
Stage          : after_predictor_optimizer_step
Average MSE    : 0.095749462
Worst MSE      : 0.107610854
Previous best  : 0.107274847 @ step 0
NEW BEST       : NO
------------------------------------------


------------------------------------------
GAS-DRO Outer 9/15
------------------------------------------
Reference predictor loss | mean=0.783836 | max=14.473227
Inner epoch 1 complete | JSM avg=0.367891 | mu=3.907485 | generator_lr=0.00000000
Inner epoch 2 complete | JSM avg=0.369760 | mu=3.943461 | generator_lr=0.00000000
Inner epoch 3 complete | JSM avg=0.369299 | mu=3.979391 | generator_lr=0.00000000
Inner epoch 4 complete | JSM avg=0.370106 | mu=4.015401 | generator_lr=0.00000000
Inner epoch 5 complete | JSM avg=0.369690 | mu=4.051370 | generator_lr=0.00000000
Inner epoch 6 complete | JSM avg=0.371018 | mu=4.087472 | generator_lr=0.00000000
Inner epoch 7 complete | JSM avg=0.369909 | mu=4.123463 | generator_lr=0.00000000
Inner epoch 8 complete | JSM avg=0.368547 | mu=4.159318 | generator_lr=0.00000000
Inner epoch 9 complete | JSM avg=0.366704 | mu=4.194988 | generator_lr=0.00000000
Inner epoch 10 complete | JSM avg=0.370524 | mu=4.231040 | generator_lr=0.00000000

S_theta before predictor update:
  Samples  = 64
  Mean MSE = 0.858230
  Max MSE  = 8.709345

Updating predictor on S_theta...

------------------------------------------
OOD-VALIDATION MODEL SELECTION
------------------------------------------
Predictor step : 17
Stage          : after_predictor_optimizer_step
Average MSE    : 0.095793788
Worst MSE      : 0.107644226
Previous best  : 0.107274847 @ step 0
NEW BEST       : NO
------------------------------------------


------------------------------------------
OOD-VALIDATION MODEL SELECTION
------------------------------------------
Predictor step : 18
Stage          : after_predictor_optimizer_step
Average MSE    : 0.095840405
Worst MSE      : 0.107679260
Previous best  : 0.107274847 @ step 0
NEW BEST       : NO
------------------------------------------


------------------------------------------
GAS-DRO Outer 10/15
------------------------------------------
Reference predictor loss | mean=0.783383 | max=14.464582
Inner epoch 1 complete | JSM avg=0.369946 | mu=4.267035 | generator_lr=0.00000000
Inner epoch 2 complete | JSM avg=0.371409 | mu=4.303176 | generator_lr=0.00000000
Inner epoch 3 complete | JSM avg=0.371236 | mu=4.339300 | generator_lr=0.00000000
Inner epoch 4 complete | JSM avg=0.364962 | mu=4.374796 | generator_lr=0.00000000
Inner epoch 5 complete | JSM avg=0.367643 | mu=4.410560 | generator_lr=0.00000000
Inner epoch 6 complete | JSM avg=0.368864 | mu=4.446446 | generator_lr=0.00000000
Inner epoch 7 complete | JSM avg=0.369421 | mu=4.482389 | generator_lr=0.00000000
Inner epoch 8 complete | JSM avg=0.370182 | mu=4.518407 | generator_lr=0.00000000
Inner epoch 9 complete | JSM avg=0.368413 | mu=4.554248 | generator_lr=0.00000000
Inner epoch 10 complete | JSM avg=0.365776 | mu=4.589826 | generator_lr=0.00000000

S_theta before predictor update:
  Samples  = 64
  Mean MSE = 0.981565
  Max MSE  = 6.595510

Updating predictor on S_theta...

------------------------------------------
OOD-VALIDATION MODEL SELECTION
------------------------------------------
Predictor step : 19
Stage          : after_predictor_optimizer_step
Average MSE    : 0.095876449
Worst MSE      : 0.107703448
Previous best  : 0.107274847 @ step 0
NEW BEST       : NO
------------------------------------------


------------------------------------------
OOD-VALIDATION MODEL SELECTION
------------------------------------------
Predictor step : 20
Stage          : after_predictor_optimizer_step
Average MSE    : 0.095913984
Worst MSE      : 0.107728755
Previous best  : 0.107274847 @ step 0
NEW BEST       : NO
------------------------------------------


------------------------------------------
GAS-DRO Outer 11/15
------------------------------------------
Reference predictor loss | mean=0.782971 | max=14.460833
Inner epoch 1 complete | JSM avg=0.368740 | mu=4.625700 | generator_lr=0.00000000
Inner epoch 2 complete | JSM avg=0.368955 | mu=4.661595 | generator_lr=0.00000000
Inner epoch 3 complete | JSM avg=0.364507 | mu=4.697046 | generator_lr=0.00000000
Inner epoch 4 complete | JSM avg=0.368224 | mu=4.732868 | generator_lr=0.00000000
Inner epoch 5 complete | JSM avg=0.370130 | mu=4.768881 | generator_lr=0.00000000
Inner epoch 6 complete | JSM avg=0.368648 | mu=4.804746 | generator_lr=0.00000000
Inner epoch 7 complete | JSM avg=0.368630 | mu=4.840609 | generator_lr=0.00000000
Inner epoch 8 complete | JSM avg=0.368291 | mu=4.876438 | generator_lr=0.00000000
Inner epoch 9 complete | JSM avg=0.368284 | mu=4.912267 | generator_lr=0.00000000
Inner epoch 10 complete | JSM avg=0.372425 | mu=4.948509 | generator_lr=0.00000000

S_theta before predictor update:
  Samples  = 64
  Mean MSE = 1.059302
  Max MSE  = 6.346548

Updating predictor on S_theta...

------------------------------------------
OOD-VALIDATION MODEL SELECTION
------------------------------------------
Predictor step : 21
Stage          : after_predictor_optimizer_step
Average MSE    : 0.095970192
Worst MSE      : 0.107778891
Previous best  : 0.107274847 @ step 0
NEW BEST       : NO
------------------------------------------


------------------------------------------
OOD-VALIDATION MODEL SELECTION
------------------------------------------
Predictor step : 22
Stage          : after_predictor_optimizer_step
Average MSE    : 0.096031451
Worst MSE      : 0.107833090
Previous best  : 0.107274847 @ step 0
NEW BEST       : NO
------------------------------------------


------------------------------------------
GAS-DRO Outer 12/15
------------------------------------------
Reference predictor loss | mean=0.782617 | max=14.473586
Inner epoch 1 complete | JSM avg=0.365741 | mu=4.984083 | generator_lr=0.00000000
Inner epoch 2 complete | JSM avg=0.371615 | mu=5.020245 | generator_lr=0.00000000
Inner epoch 3 complete | JSM avg=0.370422 | mu=5.056287 | generator_lr=0.00000000
Inner epoch 4 complete | JSM avg=0.367326 | mu=5.092020 | generator_lr=0.00000000
Inner epoch 5 complete | JSM avg=0.368906 | mu=5.127910 | generator_lr=0.00000000
Inner epoch 6 complete | JSM avg=0.367594 | mu=5.163670 | generator_lr=0.00000000
Inner epoch 7 complete | JSM avg=0.369950 | mu=5.199664 | generator_lr=0.00000000
Inner epoch 8 complete | JSM avg=0.371456 | mu=5.235810 | generator_lr=0.00000000
Inner epoch 9 complete | JSM avg=0.369307 | mu=5.271741 | generator_lr=0.00000000
Inner epoch 10 complete | JSM avg=0.364145 | mu=5.307155 | generator_lr=0.00000000

S_theta before predictor update:
  Samples  = 64
  Mean MSE = 1.057219
  Max MSE  = 8.649319

Updating predictor on S_theta...

------------------------------------------
OOD-VALIDATION MODEL SELECTION
------------------------------------------
Predictor step : 23
Stage          : after_predictor_optimizer_step
Average MSE    : 0.096092891
Worst MSE      : 0.107880704
Previous best  : 0.107274847 @ step 0
NEW BEST       : NO
------------------------------------------


------------------------------------------
OOD-VALIDATION MODEL SELECTION
------------------------------------------
Predictor step : 24
Stage          : after_predictor_optimizer_step
Average MSE    : 0.096159188
Worst MSE      : 0.107931090
Previous best  : 0.107274847 @ step 0
NEW BEST       : NO
------------------------------------------


------------------------------------------
GAS-DRO Outer 13/15
------------------------------------------
Reference predictor loss | mean=0.782203 | max=14.484242
Inner epoch 1 complete | JSM avg=0.366883 | mu=5.342844 | generator_lr=0.00000000
Inner epoch 2 complete | JSM avg=0.370269 | mu=5.378870 | generator_lr=0.00000000
Inner epoch 3 complete | JSM avg=0.369611 | mu=5.414832 | generator_lr=0.00000000
Inner epoch 4 complete | JSM avg=0.370514 | mu=5.450883 | generator_lr=0.00000000
Inner epoch 5 complete | JSM avg=0.369258 | mu=5.486809 | generator_lr=0.00000000
Inner epoch 6 complete | JSM avg=0.370298 | mu=5.522839 | generator_lr=0.00000000
Inner epoch 7 complete | JSM avg=0.370170 | mu=5.558856 | generator_lr=0.00000000
Inner epoch 8 complete | JSM avg=0.369905 | mu=5.594846 | generator_lr=0.00000000
Inner epoch 9 complete | JSM avg=0.369269 | mu=5.630773 | generator_lr=0.00000000
Inner epoch 10 complete | JSM avg=0.367222 | mu=5.666495 | generator_lr=0.00000000

S_theta before predictor update:
  Samples  = 64
  Mean MSE = 0.820305
  Max MSE  = 7.210247

Updating predictor on S_theta...

------------------------------------------
OOD-VALIDATION MODEL SELECTION
------------------------------------------
Predictor step : 25
Stage          : after_predictor_optimizer_step
Average MSE    : 0.096229898
Worst MSE      : 0.107986934
Previous best  : 0.107274847 @ step 0
NEW BEST       : NO
------------------------------------------


------------------------------------------
OOD-VALIDATION MODEL SELECTION
------------------------------------------
Predictor step : 26
Stage          : after_predictor_optimizer_step
Average MSE    : 0.096303968
Worst MSE      : 0.108044815
Previous best  : 0.107274847 @ step 0
NEW BEST       : NO
------------------------------------------


------------------------------------------
GAS-DRO Outer 14/15
------------------------------------------
Reference predictor loss | mean=0.781808 | max=14.482805
Inner epoch 1 complete | JSM avg=0.366194 | mu=5.702115 | generator_lr=0.00000000
Inner epoch 2 complete | JSM avg=0.369166 | mu=5.738031 | generator_lr=0.00000000
Inner epoch 3 complete | JSM avg=0.367391 | mu=5.773770 | generator_lr=0.00000000
Inner epoch 4 complete | JSM avg=0.364353 | mu=5.809206 | generator_lr=0.00000000
Inner epoch 5 complete | JSM avg=0.368572 | mu=5.845063 | generator_lr=0.00000000
Inner epoch 6 complete | JSM avg=0.369870 | mu=5.881050 | generator_lr=0.00000000
Inner epoch 7 complete | JSM avg=0.369427 | mu=5.916993 | generator_lr=0.00000000
Inner epoch 8 complete | JSM avg=0.370087 | mu=5.953001 | generator_lr=0.00000000
Inner epoch 9 complete | JSM avg=0.369341 | mu=5.988935 | generator_lr=0.00000000
Inner epoch 10 complete | JSM avg=0.367428 | mu=6.024678 | generator_lr=0.00000000

S_theta before predictor update:
  Samples  = 64
  Mean MSE = 0.896035
  Max MSE  = 6.653541

Updating predictor on S_theta...

------------------------------------------
OOD-VALIDATION MODEL SELECTION
------------------------------------------
Predictor step : 27
Stage          : after_predictor_optimizer_step
Average MSE    : 0.096387617
Worst MSE      : 0.108101678
Previous best  : 0.107274847 @ step 0
NEW BEST       : NO
------------------------------------------


------------------------------------------
OOD-VALIDATION MODEL SELECTION
------------------------------------------
Predictor step : 28
Stage          : after_predictor_optimizer_step
Average MSE    : 0.096474503
Worst MSE      : 0.108160600
Previous best  : 0.107274847 @ step 0
NEW BEST       : NO
------------------------------------------


------------------------------------------
GAS-DRO Outer 15/15
------------------------------------------
Reference predictor loss | mean=0.781346 | max=14.480078
Inner epoch 1 complete | JSM avg=0.372893 | mu=6.060968 | generator_lr=0.00000000
Inner epoch 2 complete | JSM avg=0.371722 | mu=6.097140 | generator_lr=0.00000000
Inner epoch 3 complete | JSM avg=0.370629 | mu=6.133203 | generator_lr=0.00000000
Inner epoch 4 complete | JSM avg=0.368644 | mu=6.169067 | generator_lr=0.00000000
Inner epoch 5 complete | JSM avg=0.367733 | mu=6.204840 | generator_lr=0.00000000
Inner epoch 6 complete | JSM avg=0.369281 | mu=6.240769 | generator_lr=0.00000000
Inner epoch 7 complete | JSM avg=0.372748 | mu=6.277043 | generator_lr=0.00000000
Inner epoch 8 complete | JSM avg=0.369480 | mu=6.312991 | generator_lr=0.00000000
Inner epoch 9 complete | JSM avg=0.370124 | mu=6.349004 | generator_lr=0.00000000
Inner epoch 10 complete | JSM avg=0.368826 | mu=6.384886 | generator_lr=0.00000000

S_theta before predictor update:
  Samples  = 64
  Mean MSE = 0.818843
  Max MSE  = 4.800713

Updating predictor on S_theta...

------------------------------------------
OOD-VALIDATION MODEL SELECTION
------------------------------------------
Predictor step : 29
Stage          : after_predictor_optimizer_step
Average MSE    : 0.096446468
Worst MSE      : 0.108123029
Previous best  : 0.107274847 @ step 0
NEW BEST       : NO
------------------------------------------


------------------------------------------
OOD-VALIDATION MODEL SELECTION
------------------------------------------
Predictor step : 30
Stage          : after_predictor_optimizer_step
Average MSE    : 0.096419259
Worst MSE      : 0.108087099
Previous best  : 0.107274847 @ step 0
NEW BEST       : NO
------------------------------------------


==========================================
VECTOR GAS-DRO TRAINING COMPLETE
==========================================

/workspace/DRO_EXPERIMENT/experiments/run_gas_dro_tunable.py:649: FutureWarning: You are using `torch.load` with `weights_only=False` (the current default value), which uses the default pickle module implicitly. It is possible to construct malicious pickle data which will execute arbitrary code during unpickling (See https://github.com/pytorch/pytorch/blob/main/SECURITY.md#untrusted-models for more details). In a future release, the default value for `weights_only` will be flipped to `True`. This limits the functions that could be executed during unpickling. Arbitrary objects will no longer be allowed to be loaded via this mode unless they are explicitly allowlisted by the user via `torch.serialization.add_safe_globals`. We recommend you start setting `weights_only=True` for any use case where you don't have full control of the loaded file. Please open an issue on GitHub for any issues related to this experimental feature.
  selected_checkpoint = torch.load(

==========================================
GAS-DRO CANDIDATE COMPLETE
==========================================
Total predictor steps : 30
Selected step         : 0
Selected stage        : erm_initialization_step0
Best Worst OOD-Val    : 0.107274847
Best Average OOD-Val  : 0.095358305
Best checkpoint       : /workspace/DRO_EXPERIMENT/checkpoints/oodval_candidates/gas_dro/budget_0p010/gas_dro_seed2_best_oodval.pt
Final/selected ckpt   : /workspace/DRO_EXPERIMENT/checkpoints/oodval_candidates/gas_dro/budget_0p010/gas_dro_seed2_final.pt
Result                : /workspace/DRO_EXPERIMENT/results/oodval_candidates/gas_dro/budget_0p010_seed2.json
OOD test              : NOT USED
==========================================

==========================================
END_TIME=2026-09-22T14:55:41+00:00
EXIT_CODE=0
ELAPSED_SECONDS=4194
ELAPSED=01:09:54
==========================================
