==========================================
START_TIME=2026-09-22T15:00:17+00:00
GPU=1
SEED=2
BUDGET=0.015
RUN_TAG=budget_0p015
==========================================
/workspace/DRO_EXPERIMENT/experiments/run_gas_dro_tunable.py:91: FutureWarning: You are using `torch.load` with `weights_only=False` (the current default value), which uses the default pickle module implicitly. It is possible to construct malicious pickle data which will execute arbitrary code during unpickling (See https://github.com/pytorch/pytorch/blob/main/SECURITY.md#untrusted-models for more details). In a future release, the default value for `weights_only` will be flipped to `True`. This limits the functions that could be executed during unpickling. Arbitrary objects will no longer be allowed to be loaded via this mode unless they are explicitly allowlisted by the user via `torch.serialization.add_safe_globals`. We recommend you start setting `weights_only=True` for any use case where you don't have full control of the loaded file. Please open an issue on GitHub for any issues related to this experimental feature.
  checkpoint = torch.load(path, map_location=device)

==========================================
GAS-DRO OOD-VAL CANDIDATE TRAINING
==========================================
Seed                 : 2
Run tag              : budget_0p015
Train samples        : 10000
ERM checkpoint       : /workspace/DRO_EXPERIMENT/checkpoints/final_oodval/erm_seed2_best.pt
ERM seed             : 2
OOD-Val environments : 15
GAS-DRO batch size   : 64 (official setting)
Step 0               : seed-matched ERM initialization
Selection            : min Worst OOD-Val MSE
Evaluation timing    : after EVERY predictor optimizer.step()
Normalization        : ERM TRAIN-only stats
OOD-Val gradients    : NEVER
OOD test             : NOT loaded
==========================================


==========================================
Official-Style Vector Diffusion Training
==========================================
Original samples   : 10000
Expanded samples   : 448000
DataLoader batches : 7000
Shuffle            : False
Drop last          : True
Dimensions         : 5
Timesteps          : 500
Batch size         : 64
Total iterations   : 7000
Learning rate      : 0.0001
Gradient clipping  : None
Device             : cuda
==========================================

Iteration 00001/7000 | Loss: 1.116456 | Recent avg: 1.116456
Iteration 00100/7000 | Loss: 0.820534 | Recent avg: 0.964893
Iteration 00200/7000 | Loss: 0.652859 | Recent avg: 0.778758
Iteration 00300/7000 | Loss: 0.057903 | Recent avg: 0.281627
Iteration 00400/7000 | Loss: 0.007717 | Recent avg: 0.030302
Iteration 00500/7000 | Loss: 0.031645 | Recent avg: 0.019439
Iteration 00600/7000 | Loss: 0.007421 | Recent avg: 0.019341
Iteration 00700/7000 | Loss: 0.017233 | Recent avg: 0.018350
Iteration 00800/7000 | Loss: 0.032645 | Recent avg: 0.018465
Iteration 00900/7000 | Loss: 0.019633 | Recent avg: 0.019209
Iteration 01000/7000 | Loss: 0.018503 | Recent avg: 0.018410
Iteration 01100/7000 | Loss: 0.009938 | Recent avg: 0.019796
Iteration 01200/7000 | Loss: 0.012640 | Recent avg: 0.017198
Iteration 01300/7000 | Loss: 0.003188 | Recent avg: 0.016495
Iteration 01400/7000 | Loss: 0.002324 | Recent avg: 0.018527
Iteration 01500/7000 | Loss: 0.006981 | Recent avg: 0.017506
Iteration 01600/7000 | Loss: 0.013501 | Recent avg: 0.019637
Iteration 01700/7000 | Loss: 0.014904 | Recent avg: 0.016797
Iteration 01800/7000 | Loss: 0.039347 | Recent avg: 0.017595
Iteration 01900/7000 | Loss: 0.016742 | Recent avg: 0.017583
Iteration 02000/7000 | Loss: 0.007119 | Recent avg: 0.016450
Iteration 02100/7000 | Loss: 0.009048 | Recent avg: 0.019513
Iteration 02200/7000 | Loss: 0.012871 | Recent avg: 0.014981
Iteration 02300/7000 | Loss: 0.029522 | Recent avg: 0.013978
Iteration 02400/7000 | Loss: 0.009730 | Recent avg: 0.016388
Iteration 02500/7000 | Loss: 0.029543 | Recent avg: 0.014973
Iteration 02600/7000 | Loss: 0.014584 | Recent avg: 0.015446
Iteration 02700/7000 | Loss: 0.045036 | Recent avg: 0.014328
Iteration 02800/7000 | Loss: 0.018963 | Recent avg: 0.016222
Iteration 02900/7000 | Loss: 0.012357 | Recent avg: 0.014828
Iteration 03000/7000 | Loss: 0.007431 | Recent avg: 0.015598
Iteration 03100/7000 | Loss: 0.014361 | Recent avg: 0.014173
Iteration 03200/7000 | Loss: 0.005384 | Recent avg: 0.016596
Iteration 03300/7000 | Loss: 0.009418 | Recent avg: 0.015861
Iteration 03400/7000 | Loss: 0.002323 | Recent avg: 0.014136
Iteration 03500/7000 | Loss: 0.027781 | Recent avg: 0.014537
Iteration 03600/7000 | Loss: 0.017452 | Recent avg: 0.015628
Iteration 03700/7000 | Loss: 0.006104 | Recent avg: 0.015032
Iteration 03800/7000 | Loss: 0.005208 | Recent avg: 0.015371
Iteration 03900/7000 | Loss: 0.005080 | Recent avg: 0.012915
Iteration 04000/7000 | Loss: 0.015406 | Recent avg: 0.013816
Iteration 04100/7000 | Loss: 0.005909 | Recent avg: 0.015312
Iteration 04200/7000 | Loss: 0.018542 | Recent avg: 0.014575
Iteration 04300/7000 | Loss: 0.004970 | Recent avg: 0.014031
Iteration 04400/7000 | Loss: 0.025475 | Recent avg: 0.016150
Iteration 04500/7000 | Loss: 0.028489 | Recent avg: 0.014961
Iteration 04600/7000 | Loss: 0.047573 | Recent avg: 0.015045
Iteration 04700/7000 | Loss: 0.019579 | Recent avg: 0.015065
Iteration 04800/7000 | Loss: 0.007144 | Recent avg: 0.014301
Iteration 04900/7000 | Loss: 0.003814 | Recent avg: 0.013670
Iteration 05000/7000 | Loss: 0.019653 | Recent avg: 0.014464
Iteration 05100/7000 | Loss: 0.007703 | Recent avg: 0.015076
Iteration 05200/7000 | Loss: 0.043967 | Recent avg: 0.016732
Iteration 05300/7000 | Loss: 0.007493 | Recent avg: 0.016203
Iteration 05400/7000 | Loss: 0.004668 | Recent avg: 0.012746
Iteration 05500/7000 | Loss: 0.007991 | Recent avg: 0.015742
Iteration 05600/7000 | Loss: 0.003834 | Recent avg: 0.015390
Iteration 05700/7000 | Loss: 0.009853 | Recent avg: 0.012942
Iteration 05800/7000 | Loss: 0.006385 | Recent avg: 0.014640
Iteration 05900/7000 | Loss: 0.016480 | Recent avg: 0.015881
Iteration 06000/7000 | Loss: 0.009014 | Recent avg: 0.014538
Iteration 06100/7000 | Loss: 0.012059 | Recent avg: 0.014768
Iteration 06200/7000 | Loss: 0.003867 | Recent avg: 0.015110
Iteration 06300/7000 | Loss: 0.024168 | Recent avg: 0.015048
Iteration 06400/7000 | Loss: 0.017666 | Recent avg: 0.014150
Iteration 06500/7000 | Loss: 0.011479 | Recent avg: 0.015374
Iteration 06600/7000 | Loss: 0.035991 | Recent avg: 0.012799
Iteration 06700/7000 | Loss: 0.016865 | Recent avg: 0.013162
Iteration 06800/7000 | Loss: 0.017522 | Recent avg: 0.015373
Iteration 06900/7000 | Loss: 0.003574 | Recent avg: 0.015517
Iteration 07000/7000 | Loss: 0.020847 | Recent avg: 0.012182

Official-Style Vector Diffusion Training Complete.

------------------------------------------
OOD-VALIDATION MODEL SELECTION
------------------------------------------
Predictor step : 0
Stage          : erm_initialization_step0
Average MSE    : 0.095358305
Worst MSE      : 0.107274847
Previous best  : inf
NEW BEST       : YES
Saved          : /workspace/DRO_EXPERIMENT/checkpoints/oodval_candidates/gas_dro/budget_0p015/gas_dro_seed2_best_oodval.pt
------------------------------------------


Generating fixed nominal reference trajectory...
Official-style s0 iterations : 628 (ceil(10000/64) * BATCH_REPEAT 4)
Reference samples    : torch.Size([40192, 5])
Reference trajectory : torch.Size([40192, 15, 5])
a0                   : torch.Size([40192, 15])

==========================================
VECTOR GAS-DRO TRAINING
==========================================
Outer epochs           : 15
Generator inner epochs : 10
s0 iterations / inner  : 628
BATCH_REPEAT           : 4
Predictor inner epochs : 2
Batch size             : 64
Selected timesteps     : [0, 1, 2, 3, 4, 5, 6, 7, 8, 9, 10, 11, 12, 13, 14]
Initial mu             : 1.000000
Budget                 : 0.015000
Generator LR           : 1e-05
Gradient clipping      : None
==========================================


------------------------------------------
GAS-DRO Outer 1/15
------------------------------------------
Reference predictor loss | mean=0.786729 | max=14.502564
Inner epoch 1 complete | JSM avg=0.364172 | mu=1.034917 | generator_lr=0.00001000
Inner epoch 2 complete | JSM avg=0.370510 | mu=1.070468 | generator_lr=0.00000050
Inner epoch 3 complete | JSM avg=0.368433 | mu=1.105812 | generator_lr=0.00000050
Inner epoch 4 complete | JSM avg=0.370201 | mu=1.141332 | generator_lr=0.00000003
Inner epoch 5 complete | JSM avg=0.369751 | mu=1.176807 | generator_lr=0.00000003
Inner epoch 6 complete | JSM avg=0.370841 | mu=1.212391 | generator_lr=0.00000000
Inner epoch 7 complete | JSM avg=0.370995 | mu=1.247990 | generator_lr=0.00000000
Inner epoch 8 complete | JSM avg=0.370557 | mu=1.283546 | generator_lr=0.00000000
Inner epoch 9 complete | JSM avg=0.367440 | mu=1.318790 | generator_lr=0.00000000
Inner epoch 10 complete | JSM avg=0.367150 | mu=1.354005 | generator_lr=0.00000000

S_theta before predictor update:
  Samples  = 64
  Mean MSE = 1.116046
  Max MSE  = 11.056749

Updating predictor on S_theta...

------------------------------------------
OOD-VALIDATION MODEL SELECTION
------------------------------------------
Predictor step : 1
Stage          : after_predictor_optimizer_step
Average MSE    : 0.095369026
Worst MSE      : 0.107284335
Previous best  : 0.107274847 @ step 0
NEW BEST       : NO
------------------------------------------


------------------------------------------
OOD-VALIDATION MODEL SELECTION
------------------------------------------
Predictor step : 2
Stage          : after_predictor_optimizer_step
Average MSE    : 0.095383353
Worst MSE      : 0.107295995
Previous best  : 0.107274847 @ step 0
NEW BEST       : NO
------------------------------------------


------------------------------------------
GAS-DRO Outer 2/15
------------------------------------------
Reference predictor loss | mean=0.786393 | max=14.489693
Inner epoch 1 complete | JSM avg=0.370065 | mu=1.389511 | generator_lr=0.00000000
Inner epoch 2 complete | JSM avg=0.366779 | mu=1.424689 | generator_lr=0.00000000
Inner epoch 3 complete | JSM avg=0.368238 | mu=1.460013 | generator_lr=0.00000000
Inner epoch 4 complete | JSM avg=0.369842 | mu=1.495497 | generator_lr=0.00000000
Inner epoch 5 complete | JSM avg=0.369806 | mu=1.530978 | generator_lr=0.00000000
Inner epoch 6 complete | JSM avg=0.369294 | mu=1.566407 | generator_lr=0.00000000
Inner epoch 7 complete | JSM avg=0.370136 | mu=1.601921 | generator_lr=0.00000000
Inner epoch 8 complete | JSM avg=0.368002 | mu=1.637221 | generator_lr=0.00000000
Inner epoch 9 complete | JSM avg=0.368101 | mu=1.672531 | generator_lr=0.00000000
Inner epoch 10 complete | JSM avg=0.367947 | mu=1.707826 | generator_lr=0.00000000

S_theta before predictor update:
  Samples  = 64
  Mean MSE = 1.024323
  Max MSE  = 8.958428

Updating predictor on S_theta...

------------------------------------------
OOD-VALIDATION MODEL SELECTION
------------------------------------------
Predictor step : 3
Stage          : after_predictor_optimizer_step
Average MSE    : 0.095399030
Worst MSE      : 0.107308469
Previous best  : 0.107274847 @ step 0
NEW BEST       : NO
------------------------------------------


------------------------------------------
OOD-VALIDATION MODEL SELECTION
------------------------------------------
Predictor step : 4
Stage          : after_predictor_optimizer_step
Average MSE    : 0.095418557
Worst MSE      : 0.107323062
Previous best  : 0.107274847 @ step 0
NEW BEST       : NO
------------------------------------------


------------------------------------------
GAS-DRO Outer 3/15
------------------------------------------
Reference predictor loss | mean=0.786132 | max=14.476624
Inner epoch 1 complete | JSM avg=0.367632 | mu=1.743089 | generator_lr=0.00000000
Inner epoch 2 complete | JSM avg=0.369818 | mu=1.778571 | generator_lr=0.00000000
Inner epoch 3 complete | JSM avg=0.372143 | mu=1.814285 | generator_lr=0.00000000
Inner epoch 4 complete | JSM avg=0.368489 | mu=1.849634 | generator_lr=0.00000000
Inner epoch 5 complete | JSM avg=0.371003 | mu=1.885234 | generator_lr=0.00000000
Inner epoch 6 complete | JSM avg=0.368744 | mu=1.920609 | generator_lr=0.00000000
Inner epoch 7 complete | JSM avg=0.371620 | mu=1.956271 | generator_lr=0.00000000
Inner epoch 8 complete | JSM avg=0.368834 | mu=1.991654 | generator_lr=0.00000000
Inner epoch 9 complete | JSM avg=0.369063 | mu=2.027060 | generator_lr=0.00000000
Inner epoch 10 complete | JSM avg=0.368418 | mu=2.062402 | generator_lr=0.00000000

S_theta before predictor update:
  Samples  = 64
  Mean MSE = 0.886376
  Max MSE  = 7.342643

Updating predictor on S_theta...

------------------------------------------
OOD-VALIDATION MODEL SELECTION
------------------------------------------
Predictor step : 5
Stage          : after_predictor_optimizer_step
Average MSE    : 0.095449150
Worst MSE      : 0.107354306
Previous best  : 0.107274847 @ step 0
NEW BEST       : NO
------------------------------------------


------------------------------------------
OOD-VALIDATION MODEL SELECTION
------------------------------------------
Predictor step : 6
Stage          : after_predictor_optimizer_step
Average MSE    : 0.095484068
Worst MSE      : 0.107387704
Previous best  : 0.107274847 @ step 0
NEW BEST       : NO
------------------------------------------


------------------------------------------
GAS-DRO Outer 4/15
------------------------------------------
Reference predictor loss | mean=0.785713 | max=14.470087
Inner epoch 1 complete | JSM avg=0.370466 | mu=2.097949 | generator_lr=0.00000000
Inner epoch 2 complete | JSM avg=0.371255 | mu=2.133574 | generator_lr=0.00000000
Inner epoch 3 complete | JSM avg=0.366543 | mu=2.168729 | generator_lr=0.00000000
Inner epoch 4 complete | JSM avg=0.365689 | mu=2.203797 | generator_lr=0.00000000
Inner epoch 5 complete | JSM avg=0.371881 | mu=2.239486 | generator_lr=0.00000000
Inner epoch 6 complete | JSM avg=0.367767 | mu=2.274762 | generator_lr=0.00000000
Inner epoch 7 complete | JSM avg=0.367263 | mu=2.309988 | generator_lr=0.00000000
Inner epoch 8 complete | JSM avg=0.372091 | mu=2.345698 | generator_lr=0.00000000
Inner epoch 9 complete | JSM avg=0.368623 | mu=2.381060 | generator_lr=0.00000000
Inner epoch 10 complete | JSM avg=0.363936 | mu=2.415953 | generator_lr=0.00000000

S_theta before predictor update:
  Samples  = 64
  Mean MSE = 0.991257
  Max MSE  = 8.110401

Updating predictor on S_theta...

------------------------------------------
OOD-VALIDATION MODEL SELECTION
------------------------------------------
Predictor step : 7
Stage          : after_predictor_optimizer_step
Average MSE    : 0.095514653
Worst MSE      : 0.107411362
Previous best  : 0.107274847 @ step 0
NEW BEST       : NO
------------------------------------------


------------------------------------------
OOD-VALIDATION MODEL SELECTION
------------------------------------------
Predictor step : 8
Stage          : after_predictor_optimizer_step
Average MSE    : 0.095548171
Worst MSE      : 0.107436835
Previous best  : 0.107274847 @ step 0
NEW BEST       : NO
------------------------------------------


------------------------------------------
GAS-DRO Outer 5/15
------------------------------------------
Reference predictor loss | mean=0.785336 | max=14.460749
Inner epoch 1 complete | JSM avg=0.366030 | mu=2.451056 | generator_lr=0.00000000
Inner epoch 2 complete | JSM avg=0.370628 | mu=2.486619 | generator_lr=0.00000000
Inner epoch 3 complete | JSM avg=0.367364 | mu=2.521856 | generator_lr=0.00000000
Inner epoch 4 complete | JSM avg=0.369845 | mu=2.557340 | generator_lr=0.00000000
Inner epoch 5 complete | JSM avg=0.367836 | mu=2.592624 | generator_lr=0.00000000
Inner epoch 6 complete | JSM avg=0.367046 | mu=2.627828 | generator_lr=0.00000000
Inner epoch 7 complete | JSM avg=0.364340 | mu=2.662762 | generator_lr=0.00000000
Inner epoch 8 complete | JSM avg=0.367894 | mu=2.698052 | generator_lr=0.00000000
Inner epoch 9 complete | JSM avg=0.369318 | mu=2.733483 | generator_lr=0.00000000
Inner epoch 10 complete | JSM avg=0.369187 | mu=2.768902 | generator_lr=0.00000000

S_theta before predictor update:
  Samples  = 64
  Mean MSE = 0.865169
  Max MSE  = 8.137042

Updating predictor on S_theta...

------------------------------------------
OOD-VALIDATION MODEL SELECTION
------------------------------------------
Predictor step : 9
Stage          : after_predictor_optimizer_step
Average MSE    : 0.095535477
Worst MSE      : 0.107422615
Previous best  : 0.107274847 @ step 0
NEW BEST       : NO
------------------------------------------


------------------------------------------
OOD-VALIDATION MODEL SELECTION
------------------------------------------
Predictor step : 10
Stage          : after_predictor_optimizer_step
Average MSE    : 0.095523839
Worst MSE      : 0.107408673
Previous best  : 0.107274847 @ step 0
NEW BEST       : NO
------------------------------------------


------------------------------------------
GAS-DRO Outer 6/15
------------------------------------------
Reference predictor loss | mean=0.785131 | max=14.457296
Inner epoch 1 complete | JSM avg=0.369999 | mu=2.804402 | generator_lr=0.00000000
Inner epoch 2 complete | JSM avg=0.370380 | mu=2.839940 | generator_lr=0.00000000
Inner epoch 3 complete | JSM avg=0.367456 | mu=2.875186 | generator_lr=0.00000000
Inner epoch 4 complete | JSM avg=0.366966 | mu=2.910382 | generator_lr=0.00000000
Inner epoch 5 complete | JSM avg=0.373184 | mu=2.946201 | generator_lr=0.00000000
Inner epoch 6 complete | JSM avg=0.373036 | mu=2.982004 | generator_lr=0.00000000
Inner epoch 7 complete | JSM avg=0.370174 | mu=3.017522 | generator_lr=0.00000000
Inner epoch 8 complete | JSM avg=0.370231 | mu=3.053045 | generator_lr=0.00000000
Inner epoch 9 complete | JSM avg=0.366950 | mu=3.088240 | generator_lr=0.00000000
Inner epoch 10 complete | JSM avg=0.365840 | mu=3.123324 | generator_lr=0.00000000

S_theta before predictor update:
  Samples  = 64
  Mean MSE = 0.827884
  Max MSE  = 4.574037

Updating predictor on S_theta...

------------------------------------------
OOD-VALIDATION MODEL SELECTION
------------------------------------------
Predictor step : 11
Stage          : after_predictor_optimizer_step
Average MSE    : 0.095554859
Worst MSE      : 0.107430914
Previous best  : 0.107274847 @ step 0
NEW BEST       : NO
------------------------------------------


------------------------------------------
OOD-VALIDATION MODEL SELECTION
------------------------------------------
Predictor step : 12
Stage          : after_predictor_optimizer_step
Average MSE    : 0.095588742
Worst MSE      : 0.107454984
Previous best  : 0.107274847 @ step 0
NEW BEST       : NO
------------------------------------------


------------------------------------------
GAS-DRO Outer 7/15
------------------------------------------
Reference predictor loss | mean=0.784652 | max=14.453656
Inner epoch 1 complete | JSM avg=0.367832 | mu=3.158607 | generator_lr=0.00000000
Inner epoch 2 complete | JSM avg=0.369929 | mu=3.194100 | generator_lr=0.00000000
Inner epoch 3 complete | JSM avg=0.370544 | mu=3.229654 | generator_lr=0.00000000
Inner epoch 4 complete | JSM avg=0.367599 | mu=3.264914 | generator_lr=0.00000000
Inner epoch 5 complete | JSM avg=0.369227 | mu=3.300337 | generator_lr=0.00000000
Inner epoch 6 complete | JSM avg=0.372284 | mu=3.336065 | generator_lr=0.00000000
Inner epoch 7 complete | JSM avg=0.365550 | mu=3.371120 | generator_lr=0.00000000
Inner epoch 8 complete | JSM avg=0.371218 | mu=3.406742 | generator_lr=0.00000000
Inner epoch 9 complete | JSM avg=0.370571 | mu=3.442299 | generator_lr=0.00000000
Inner epoch 10 complete | JSM avg=0.369084 | mu=3.477708 | generator_lr=0.00000000

S_theta before predictor update:
  Samples  = 64
  Mean MSE = 0.977000
  Max MSE  = 4.002182

Updating predictor on S_theta...

------------------------------------------
OOD-VALIDATION MODEL SELECTION
------------------------------------------
Predictor step : 13
Stage          : after_predictor_optimizer_step
Average MSE    : 0.095625982
Worst MSE      : 0.107498683
Previous best  : 0.107274847 @ step 0
NEW BEST       : NO
------------------------------------------


------------------------------------------
OOD-VALIDATION MODEL SELECTION
------------------------------------------
Predictor step : 14
Stage          : after_predictor_optimizer_step
Average MSE    : 0.095667448
Worst MSE      : 0.107545917
Previous best  : 0.107274847 @ step 0
NEW BEST       : NO
------------------------------------------


------------------------------------------
GAS-DRO Outer 8/15
------------------------------------------
Reference predictor loss | mean=0.784250 | max=14.463309
Inner epoch 1 complete | JSM avg=0.370111 | mu=3.513219 | generator_lr=0.00000000
Inner epoch 2 complete | JSM avg=0.368512 | mu=3.548570 | generator_lr=0.00000000
Inner epoch 3 complete | JSM avg=0.368963 | mu=3.583966 | generator_lr=0.00000000
Inner epoch 4 complete | JSM avg=0.369007 | mu=3.619367 | generator_lr=0.00000000
Inner epoch 5 complete | JSM avg=0.368795 | mu=3.654746 | generator_lr=0.00000000
Inner epoch 6 complete | JSM avg=0.371253 | mu=3.690372 | generator_lr=0.00000000
Inner epoch 7 complete | JSM avg=0.368609 | mu=3.725733 | generator_lr=0.00000000
Inner epoch 8 complete | JSM avg=0.370335 | mu=3.761266 | generator_lr=0.00000000
Inner epoch 9 complete | JSM avg=0.367735 | mu=3.796540 | generator_lr=0.00000000
Inner epoch 10 complete | JSM avg=0.368050 | mu=3.831845 | generator_lr=0.00000000

S_theta before predictor update:
  Samples  = 64
  Mean MSE = 1.061353
  Max MSE  = 6.749525

Updating predictor on S_theta...

------------------------------------------
OOD-VALIDATION MODEL SELECTION
------------------------------------------
Predictor step : 15
Stage          : after_predictor_optimizer_step
Average MSE    : 0.095707379
Worst MSE      : 0.107577322
Previous best  : 0.107274847 @ step 0
NEW BEST       : NO
------------------------------------------


------------------------------------------
OOD-VALIDATION MODEL SELECTION
------------------------------------------
Predictor step : 16
Stage          : after_predictor_optimizer_step
Average MSE    : 0.095751902
Worst MSE      : 0.107611467
Previous best  : 0.107274847 @ step 0
NEW BEST       : NO
------------------------------------------


------------------------------------------
GAS-DRO Outer 9/15
------------------------------------------
Reference predictor loss | mean=0.783832 | max=14.472383
Inner epoch 1 complete | JSM avg=0.367910 | mu=3.867136 | generator_lr=0.00000000
Inner epoch 2 complete | JSM avg=0.369778 | mu=3.902613 | generator_lr=0.00000000
Inner epoch 3 complete | JSM avg=0.369318 | mu=3.938045 | generator_lr=0.00000000
Inner epoch 4 complete | JSM avg=0.370125 | mu=3.973558 | generator_lr=0.00000000
Inner epoch 5 complete | JSM avg=0.369709 | mu=4.009029 | generator_lr=0.00000000
Inner epoch 6 complete | JSM avg=0.371037 | mu=4.044632 | generator_lr=0.00000000
Inner epoch 7 complete | JSM avg=0.369929 | mu=4.080125 | generator_lr=0.00000000
Inner epoch 8 complete | JSM avg=0.368566 | mu=4.115482 | generator_lr=0.00000000
Inner epoch 9 complete | JSM avg=0.366722 | mu=4.150654 | generator_lr=0.00000000
Inner epoch 10 complete | JSM avg=0.370544 | mu=4.186208 | generator_lr=0.00000000

S_theta before predictor update:
  Samples  = 64
  Mean MSE = 0.859058
  Max MSE  = 8.710116

Updating predictor on S_theta...

------------------------------------------
OOD-VALIDATION MODEL SELECTION
------------------------------------------
Predictor step : 17
Stage          : after_predictor_optimizer_step
Average MSE    : 0.095796309
Worst MSE      : 0.107644907
Previous best  : 0.107274847 @ step 0
NEW BEST       : NO
------------------------------------------


------------------------------------------
OOD-VALIDATION MODEL SELECTION
------------------------------------------
Predictor step : 18
Stage          : after_predictor_optimizer_step
Average MSE    : 0.095843041
Worst MSE      : 0.107680038
Previous best  : 0.107274847 @ step 0
NEW BEST       : NO
------------------------------------------


------------------------------------------
GAS-DRO Outer 10/15
------------------------------------------
Reference predictor loss | mean=0.783379 | max=14.463724
Inner epoch 1 complete | JSM avg=0.369965 | mu=4.221705 | generator_lr=0.00000000
Inner epoch 2 complete | JSM avg=0.371428 | mu=4.257348 | generator_lr=0.00000000
Inner epoch 3 complete | JSM avg=0.371256 | mu=4.292973 | generator_lr=0.00000000
Inner epoch 4 complete | JSM avg=0.364981 | mu=4.327972 | generator_lr=0.00000000
Inner epoch 5 complete | JSM avg=0.367661 | mu=4.363238 | generator_lr=0.00000000
Inner epoch 6 complete | JSM avg=0.368882 | mu=4.398626 | generator_lr=0.00000000
Inner epoch 7 complete | JSM avg=0.369441 | mu=4.434070 | generator_lr=0.00000000
Inner epoch 8 complete | JSM avg=0.370201 | mu=4.469590 | generator_lr=0.00000000
Inner epoch 9 complete | JSM avg=0.368432 | mu=4.504933 | generator_lr=0.00000000
Inner epoch 10 complete | JSM avg=0.365795 | mu=4.540013 | generator_lr=0.00000000

S_theta before predictor update:
  Samples  = 64
  Mean MSE = 0.982472
  Max MSE  = 6.601659

Updating predictor on S_theta...

------------------------------------------
OOD-VALIDATION MODEL SELECTION
------------------------------------------
Predictor step : 19
Stage          : after_predictor_optimizer_step
Average MSE    : 0.095879399
Worst MSE      : 0.107704300
Previous best  : 0.107274847 @ step 0
NEW BEST       : NO
------------------------------------------


------------------------------------------
OOD-VALIDATION MODEL SELECTION
------------------------------------------
Predictor step : 20
Stage          : after_predictor_optimizer_step
Average MSE    : 0.095917273
Worst MSE      : 0.107729698
Previous best  : 0.107274847 @ step 0
NEW BEST       : NO
------------------------------------------


------------------------------------------
GAS-DRO Outer 11/15
------------------------------------------
Reference predictor loss | mean=0.782970 | max=14.459456
Inner epoch 1 complete | JSM avg=0.368759 | mu=4.575389 | generator_lr=0.00000000
Inner epoch 2 complete | JSM avg=0.368972 | mu=4.610786 | generator_lr=0.00000000
Inner epoch 3 complete | JSM avg=0.364527 | mu=4.645739 | generator_lr=0.00000000
Inner epoch 4 complete | JSM avg=0.368244 | mu=4.681063 | generator_lr=0.00000000
Inner epoch 5 complete | JSM avg=0.370148 | mu=4.716578 | generator_lr=0.00000000
Inner epoch 6 complete | JSM avg=0.368667 | mu=4.751944 | generator_lr=0.00000000
Inner epoch 7 complete | JSM avg=0.368650 | mu=4.787309 | generator_lr=0.00000000
Inner epoch 8 complete | JSM avg=0.368310 | mu=4.822640 | generator_lr=0.00000000
Inner epoch 9 complete | JSM avg=0.368303 | mu=4.857971 | generator_lr=0.00000000
Inner epoch 10 complete | JSM avg=0.372442 | mu=4.893715 | generator_lr=0.00000000

S_theta before predictor update:
  Samples  = 64
  Mean MSE = 1.060134
  Max MSE  = 6.354639

Updating predictor on S_theta...

------------------------------------------
OOD-VALIDATION MODEL SELECTION
------------------------------------------
Predictor step : 21
Stage          : after_predictor_optimizer_step
Average MSE    : 0.095973029
Worst MSE      : 0.107779623
Previous best  : 0.107274847 @ step 0
NEW BEST       : NO
------------------------------------------


------------------------------------------
OOD-VALIDATION MODEL SELECTION
------------------------------------------
Predictor step : 22
Stage          : after_predictor_optimizer_step
Average MSE    : 0.096033865
Worst MSE      : 0.107833571
Previous best  : 0.107274847 @ step 0
NEW BEST       : NO
------------------------------------------


------------------------------------------
GAS-DRO Outer 12/15
------------------------------------------
Reference predictor loss | mean=0.782614 | max=14.472182
Inner epoch 1 complete | JSM avg=0.365761 | mu=4.928791 | generator_lr=0.00000000
Inner epoch 2 complete | JSM avg=0.371635 | mu=4.964455 | generator_lr=0.00000000
Inner epoch 3 complete | JSM avg=0.370441 | mu=4.999999 | generator_lr=0.00000000
Inner epoch 4 complete | JSM avg=0.367344 | mu=5.035233 | generator_lr=0.00000000
Inner epoch 5 complete | JSM avg=0.368925 | mu=5.070626 | generator_lr=0.00000000
Inner epoch 6 complete | JSM avg=0.367612 | mu=5.105887 | generator_lr=0.00000000
Inner epoch 7 complete | JSM avg=0.369968 | mu=5.141384 | generator_lr=0.00000000
Inner epoch 8 complete | JSM avg=0.371475 | mu=5.177031 | generator_lr=0.00000000
Inner epoch 9 complete | JSM avg=0.369325 | mu=5.212464 | generator_lr=0.00000000
Inner epoch 10 complete | JSM avg=0.364165 | mu=5.247380 | generator_lr=0.00000000

S_theta before predictor update:
  Samples  = 64
  Mean MSE = 1.058058
  Max MSE  = 8.651602

Updating predictor on S_theta...

------------------------------------------
OOD-VALIDATION MODEL SELECTION
------------------------------------------
Predictor step : 23
Stage          : after_predictor_optimizer_step
Average MSE    : 0.096094876
Worst MSE      : 0.107881021
Previous best  : 0.107274847 @ step 0
NEW BEST       : NO
------------------------------------------


------------------------------------------
OOD-VALIDATION MODEL SELECTION
------------------------------------------
Predictor step : 24
Stage          : after_predictor_optimizer_step
Average MSE    : 0.096160741
Worst MSE      : 0.107931239
Previous best  : 0.107274847 @ step 0
NEW BEST       : NO
------------------------------------------


------------------------------------------
GAS-DRO Outer 13/15
------------------------------------------
Reference predictor loss | mean=0.782200 | max=14.482836
Inner epoch 1 complete | JSM avg=0.366901 | mu=5.282570 | generator_lr=0.00000000
Inner epoch 2 complete | JSM avg=0.370289 | mu=5.318099 | generator_lr=0.00000000
Inner epoch 3 complete | JSM avg=0.369632 | mu=5.353562 | generator_lr=0.00000000
Inner epoch 4 complete | JSM avg=0.370533 | mu=5.389116 | generator_lr=0.00000000
Inner epoch 5 complete | JSM avg=0.369278 | mu=5.424543 | generator_lr=0.00000000
Inner epoch 6 complete | JSM avg=0.370317 | mu=5.460075 | generator_lr=0.00000000
Inner epoch 7 complete | JSM avg=0.370188 | mu=5.495594 | generator_lr=0.00000000
Inner epoch 8 complete | JSM avg=0.369925 | mu=5.531086 | generator_lr=0.00000000
Inner epoch 9 complete | JSM avg=0.369288 | mu=5.566515 | generator_lr=0.00000000
Inner epoch 10 complete | JSM avg=0.367241 | mu=5.601739 | generator_lr=0.00000000

S_theta before predictor update:
  Samples  = 64
  Mean MSE = 0.820754
  Max MSE  = 7.214823

Updating predictor on S_theta...

------------------------------------------
OOD-VALIDATION MODEL SELECTION
------------------------------------------
Predictor step : 25
Stage          : after_predictor_optimizer_step
Average MSE    : 0.096231646
Worst MSE      : 0.107987172
Previous best  : 0.107274847 @ step 0
NEW BEST       : NO
------------------------------------------


------------------------------------------
OOD-VALIDATION MODEL SELECTION
------------------------------------------
Predictor step : 26
Stage          : after_predictor_optimizer_step
Average MSE    : 0.096305924
Worst MSE      : 0.108045129
Previous best  : 0.107274847 @ step 0
NEW BEST       : NO
------------------------------------------


------------------------------------------
GAS-DRO Outer 14/15
------------------------------------------
Reference predictor loss | mean=0.781806 | max=14.481399
Inner epoch 1 complete | JSM avg=0.366213 | mu=5.636861 | generator_lr=0.00000000
Inner epoch 2 complete | JSM avg=0.369185 | mu=5.672279 | generator_lr=0.00000000
Inner epoch 3 complete | JSM avg=0.367410 | mu=5.707520 | generator_lr=0.00000000
Inner epoch 4 complete | JSM avg=0.364372 | mu=5.742457 | generator_lr=0.00000000
Inner epoch 5 complete | JSM avg=0.368590 | mu=5.777816 | generator_lr=0.00000000
Inner epoch 6 complete | JSM avg=0.369888 | mu=5.813305 | generator_lr=0.00000000
Inner epoch 7 complete | JSM avg=0.369446 | mu=5.848750 | generator_lr=0.00000000
Inner epoch 8 complete | JSM avg=0.370106 | mu=5.884260 | generator_lr=0.00000000
Inner epoch 9 complete | JSM avg=0.369360 | mu=5.919696 | generator_lr=0.00000000
Inner epoch 10 complete | JSM avg=0.367446 | mu=5.954941 | generator_lr=0.00000000

S_theta before predictor update:
  Samples  = 64
  Mean MSE = 0.896732
  Max MSE  = 6.655734

Updating predictor on S_theta...

------------------------------------------
OOD-VALIDATION MODEL SELECTION
------------------------------------------
Predictor step : 27
Stage          : after_predictor_optimizer_step
Average MSE    : 0.096389661
Worst MSE      : 0.108102069
Previous best  : 0.107274847 @ step 0
NEW BEST       : NO
------------------------------------------


------------------------------------------
OOD-VALIDATION MODEL SELECTION
------------------------------------------
Predictor step : 28
Stage          : after_predictor_optimizer_step
Average MSE    : 0.096476523
Worst MSE      : 0.108160931
Previous best  : 0.107274847 @ step 0
NEW BEST       : NO
------------------------------------------


------------------------------------------
GAS-DRO Outer 15/15
------------------------------------------
Reference predictor loss | mean=0.781343 | max=14.478650
Inner epoch 1 complete | JSM avg=0.372911 | mu=5.990732 | generator_lr=0.00000000
Inner epoch 2 complete | JSM avg=0.371741 | mu=6.026406 | generator_lr=0.00000000
Inner epoch 3 complete | JSM avg=0.370649 | mu=6.061971 | generator_lr=0.00000000
Inner epoch 4 complete | JSM avg=0.368663 | mu=6.097337 | generator_lr=0.00000000
Inner epoch 5 complete | JSM avg=0.367751 | mu=6.132613 | generator_lr=0.00000000
Inner epoch 6 complete | JSM avg=0.369301 | mu=6.168043 | generator_lr=0.00000000
Inner epoch 7 complete | JSM avg=0.372767 | mu=6.203819 | generator_lr=0.00000000
Inner epoch 8 complete | JSM avg=0.369498 | mu=6.239269 | generator_lr=0.00000000
Inner epoch 9 complete | JSM avg=0.370144 | mu=6.274783 | generator_lr=0.00000000
Inner epoch 10 complete | JSM avg=0.368844 | mu=6.310168 | generator_lr=0.00000000

S_theta before predictor update:
  Samples  = 64
  Mean MSE = 0.819580
  Max MSE  = 4.798686

Updating predictor on S_theta...

------------------------------------------
OOD-VALIDATION MODEL SELECTION
------------------------------------------
Predictor step : 29
Stage          : after_predictor_optimizer_step
Average MSE    : 0.096448158
Worst MSE      : 0.108123538
Previous best  : 0.107274847 @ step 0
NEW BEST       : NO
------------------------------------------


------------------------------------------
OOD-VALIDATION MODEL SELECTION
------------------------------------------
Predictor step : 30
Stage          : after_predictor_optimizer_step
Average MSE    : 0.096420653
Worst MSE      : 0.108087717
Previous best  : 0.107274847 @ step 0
NEW BEST       : NO
------------------------------------------


==========================================
VECTOR GAS-DRO TRAINING COMPLETE
==========================================

/workspace/DRO_EXPERIMENT/experiments/run_gas_dro_tunable.py:649: FutureWarning: You are using `torch.load` with `weights_only=False` (the current default value), which uses the default pickle module implicitly. It is possible to construct malicious pickle data which will execute arbitrary code during unpickling (See https://github.com/pytorch/pytorch/blob/main/SECURITY.md#untrusted-models for more details). In a future release, the default value for `weights_only` will be flipped to `True`. This limits the functions that could be executed during unpickling. Arbitrary objects will no longer be allowed to be loaded via this mode unless they are explicitly allowlisted by the user via `torch.serialization.add_safe_globals`. We recommend you start setting `weights_only=True` for any use case where you don't have full control of the loaded file. Please open an issue on GitHub for any issues related to this experimental feature.
  selected_checkpoint = torch.load(

==========================================
GAS-DRO CANDIDATE COMPLETE
==========================================
Total predictor steps : 30
Selected step         : 0
Selected stage        : erm_initialization_step0
Best Worst OOD-Val    : 0.107274847
Best Average OOD-Val  : 0.095358305
Best checkpoint       : /workspace/DRO_EXPERIMENT/checkpoints/oodval_candidates/gas_dro/budget_0p015/gas_dro_seed2_best_oodval.pt
Final/selected ckpt   : /workspace/DRO_EXPERIMENT/checkpoints/oodval_candidates/gas_dro/budget_0p015/gas_dro_seed2_final.pt
Result                : /workspace/DRO_EXPERIMENT/results/oodval_candidates/gas_dro/budget_0p015_seed2.json
OOD test              : NOT USED
==========================================

==========================================
END_TIME=2026-09-22T16:10:23+00:00
EXIT_CODE=0
ELAPSED_SECONDS=4206
ELAPSED=01:10:06
==========================================
