nohup: ignoring input
==========================================
GAS-DRO REMAINING 11 RUNS START
START_TIME=2026-09-22T15:00:17+00:00
==========================================

==========================================
WAVE 2 START : 2026-09-22T15:00:17+00:00
==========================================
WAVE2_ELAPSED=01:10:30
WAVE2_EXIT_CODES=0,0,0,0

==========================================
WAVE 3 START : 2026-09-22T16:10:47+00:00
==========================================
WAVE3_ELAPSED=01:07:28
WAVE3_EXIT_CODES=0,0,0,0

==========================================
WAVE 4 START : 2026-09-22T17:18:15+00:00
==========================================
WAVE4_ELAPSED=01:09:27
WAVE4_EXIT_CODES=0,0,0

==========================================
ALL REMAINING GAS-DRO RUNS COMPLETE
END_TIME=2026-09-22T18:27:42+00:00
TOTAL_ELAPSED=03:27:25
==========================================
